 main

 Timestamp is 6548845f (Sun Nov 05 22:14:55 2023)

 Preferred load address is 0000000140000000

 Start         Length     Name                   Class
 0001:00000000 00029c9cH .text                   CODE
 0001:00029ca0 0000067bH .text$x                 CODE
 0001:0002a320 00000071H .text$yc                CODE
 0001:0002a3a0 00000035H .text$yd                CODE
 0002:00000000 00000378H .idata$5                DATA
 0002:00000378 00000008H .CRT$XCA                DATA
 0002:00000380 00000008H .CRT$XCC                DATA
 0002:00000388 00000010H .CRT$XCU                DATA
 0002:00000398 00000008H .CRT$XCZ                DATA
 0002:000003a0 00000008H .CRT$XIA                DATA
 0002:000003a8 00000018H .CRT$XIC                DATA
 0002:000003c0 00000008H .CRT$XIY                DATA
 0002:000003c8 00000008H .CRT$XIZ                DATA
 0002:000003d0 00000008H .CRT$XPA                DATA
 0002:000003d8 00000010H .CRT$XPX                DATA
 0002:000003e8 00000008H .CRT$XPXA               DATA
 0002:000003f0 00000008H .CRT$XPZ                DATA
 0002:000003f8 00000008H .CRT$XTA                DATA
 0002:00000400 00000008H .CRT$XTZ                DATA
 0002:00000410 00008fb8H .rdata                  DATA
 0002:000093c8 00000051H .rdata$debug            DATA
 0002:00009420 0000016cH .rdata$r                DATA
 0002:00009590 00000008H .rtc$IAA                DATA
 0002:00009598 00000008H .rtc$IZZ                DATA
 0002:000095a0 00000008H .rtc$TAA                DATA
 0002:000095a8 00000008H .rtc$TZZ                DATA
 0002:000095b0 00000c88H .xdata                  DATA
 0002:0000a238 00000084H .xdata$x                DATA
 0002:0000a2bc 00000050H .idata$2                DATA
 0002:0000a30c 00000014H .idata$3                DATA
 0002:0000a320 00000378H .idata$4                DATA
 0002:0000a698 00000846H .idata$6                DATA
 0002:0000aede 00000000H .edata                  DATA
 0003:00000000 000016ecH .data                   DATA
 0003:00001700 000025b0H .bss                    DATA
 0004:00000000 000014a0H .pdata                  DATA

  Address         Publics by Value              Rva+Base               Lib:Object

 0000:00000000       ___safe_se_handler_count   0000000000000000     <absolute>
 0000:00000000       ___safe_se_handler_table   0000000000000000     <absolute>
 0000:00000000       __ImageBase                0000000140000000     <linker-defined>
 0001:00000000       main                       0000000140001000 f   main.obj
 0001:000005d0       ?Win32GetLastWriteTime@@YA?AU_FILETIME@@PEAD@Z 00000001400015d0 f i main.obj
 0001:00000640       ??1?$basic_string@DU?$char_traits@D@std@@V?$allocator@D@2@@std@@QEAA@XZ 0000000140001640 f i main.obj
 0001:00000680       ?c_str@?$basic_string@DU?$char_traits@D@std@@V?$allocator@D@2@@std@@QEBAPEBDXZ 0000000140001680 f i main.obj
 0001:000006a0       ?_Tidy@?$basic_string@DU?$char_traits@D@std@@V?$allocator@D@2@@std@@QEAAX_N_K@Z 00000001400016a0 f i main.obj
 0001:00000740       ?copy@?$char_traits@D@std@@SAPEADPEADPEBD_K@Z 0000000140001740 f i main.obj
 0001:00000770       ??1?$_String_val@DV?$allocator@D@std@@@std@@QEAA@XZ 0000000140001770 f i main.obj
 0001:000007f0       ??1_Container_base12@std@@QEAA@XZ 00000001400017f0 f i main.obj
 0001:00000810       ?_Orphan_all@_Container_base12@std@@QEAAXXZ 0000000140001810 f i main.obj
 0001:000008a0       ?_Eos@?$basic_string@DU?$char_traits@D@std@@V?$allocator@D@2@@std@@QEAAX_K@Z 00000001400018a0 f i main.obj
 0001:000008f0       ?assign@?$char_traits@D@std@@SAXAEADAEBD@Z 00000001400018f0 f i main.obj
 0001:00000910       ?_Myptr@?$basic_string@DU?$char_traits@D@std@@V?$allocator@D@2@@std@@QEBAPEBDXZ 0000000140001910 f i main.obj
 0001:00000910       ?_Myptr@?$basic_string@DU?$char_traits@D@std@@V?$allocator@D@2@@std@@QEAAPEADXZ 0000000140001910 f i main.obj
 0001:00000950       ?deallocate@?$allocator@D@std@@QEAAXPEAD_K@Z 0000000140001950 f i main.obj
 0001:00000950       ?deallocate@?$allocator@U_Container_proxy@std@@@std@@QEAAXPEAU_Container_proxy@2@_K@Z 0000000140001950 f i main.obj
 0001:00000980       ??$?0D@?$allocator@U_Container_proxy@std@@@std@@QEAA@AEBV?$allocator@D@1@@Z 0000000140001980 f i main.obj
 0001:00000990       ??$_Dest_val@V?$allocator@U_Container_proxy@std@@@std@@U_Container_proxy@2@@std@@YAXAEAV?$allocator@U_Container_proxy@std@@@0@PEAU_Container_proxy@0@@Z 0000000140001990 f i main.obj
 0001:000009c0       ?destroy@?$allocator@U_Container_proxy@std@@@std@@QEAAXPEAU_Container_proxy@2@@Z 00000001400019c0 f i main.obj
 0001:000009e0       ??$_Destroy@U_Container_proxy@std@@@std@@YAXPEAU_Container_proxy@0@@Z 00000001400019e0 f i main.obj
 0001:000009f0       ?init_Window@@YAXPEAD0HHHHH_N@Z 00000001400019f0 f   Window.obj
 0001:00000e90       ?destroy_Window@@YAXXZ     0000000140001e90 f   Window.obj
 0001:00000ed0       ??0LTexture@@QEAA@XZ       0000000140001ed0 f   LTexture.obj
 0001:00000f10       ??1LTexture@@QEAA@XZ       0000000140001f10 f   LTexture.obj
 0001:00000f30       ?loadFromFile@LTexture@@QEAA_NV?$basic_string@DU?$char_traits@D@std@@V?$allocator@D@2@@std@@@Z 0000000140001f30 f   LTexture.obj
 0001:000010a0       ?free@LTexture@@QEAAXXZ    00000001400020a0 f   LTexture.obj
 0001:000010f0       ?setColor@LTexture@@QEAAXEEE@Z 00000001400020f0 f   LTexture.obj
 0001:00001130       ?setBlendMode@LTexture@@QEAAXW4SDL_BlendMode@@@Z 0000000140002130 f   LTexture.obj
 0001:00001160       ?setAlpha@LTexture@@QEAAXE@Z 0000000140002160 f   LTexture.obj
 0001:00001190       ?render@LTexture@@QEAAXHHHHPEAUSDL_Rect@@@Z 0000000140002190 f   LTexture.obj
 0001:00001250       ?render@LTexture@@QEAAXHHHPEAUSDL_Rect@@NPEAUSDL_Point@@W4SDL_RendererFlip@@@Z 0000000140002250 f   LTexture.obj
 0001:00001350       ?getWidth@LTexture@@QEAAHXZ 0000000140002350 f   LTexture.obj
 0001:00001370       ?getHeight@LTexture@@QEAAHXZ 0000000140002370 f   LTexture.obj
 0001:0000137e       SDL_DestroyTexture         000000014000237e f   SDL2:SDL2.dll
 0001:00001384       SDL_FreeSurface            0000000140002384 f   SDL2:SDL2.dll
 0001:0000138a       SDL_RenderCopy             000000014000238a f   SDL2:SDL2.dll
 0001:00001390       SDL_CreateTextureFromSurface 0000000140002390 f   SDL2:SDL2.dll
 0001:00001396       SDL_GetKeyboardState       0000000140002396 f   SDL2:SDL2.dll
 0001:0000139c       SDL_RenderSetLogicalSize   000000014000239c f   SDL2:SDL2.dll
 0001:000013a2       SDL_SetRenderDrawColor     00000001400023a2 f   SDL2:SDL2.dll
 0001:000013a8       SDL_CreateRenderer         00000001400023a8 f   SDL2:SDL2.dll
 0001:000013ae       SDL_CreateWindow           00000001400023ae f   SDL2:SDL2.dll
 0001:000013b4       SDL_JoystickOpen           00000001400023b4 f   SDL2:SDL2.dll
 0001:000013ba       SDL_GameControllerGetJoystick 00000001400023ba f   SDL2:SDL2.dll
 0001:000013c0       SDL_GameControllerOpen     00000001400023c0 f   SDL2:SDL2.dll
 0001:000013c6       SDL_IsGameController       00000001400023c6 f   SDL2:SDL2.dll
 0001:000013cc       SDL_NumJoysticks           00000001400023cc f   SDL2:SDL2.dll
 0001:000013d2       SDL_GameControllerAddMappingsFromRW 00000001400023d2 f   SDL2:SDL2.dll
 0001:000013d8       SDL_RWFromFile             00000001400023d8 f   SDL2:SDL2.dll
 0001:000013de       SDL_SetHint                00000001400023de f   SDL2:SDL2.dll
 0001:000013e4       SDL_GetError               00000001400023e4 f   SDL2:SDL2.dll
 0001:000013ea       SDL_Init                   00000001400023ea f   SDL2:SDL2.dll
 0001:000013f0       SDL_Quit                   00000001400023f0 f   SDL2:SDL2.dll
 0001:000013f6       SDL_DestroyWindow          00000001400023f6 f   SDL2:SDL2.dll
 0001:000013fc       SDL_DestroyRenderer        00000001400023fc f   SDL2:SDL2.dll
 0001:00001402       SDL_SetColorKey            0000000140002402 f   SDL2:SDL2.dll
 0001:00001408       SDL_MapRGB                 0000000140002408 f   SDL2:SDL2.dll
 0001:0000140e       SDL_SetTextureColorMod     000000014000240e f   SDL2:SDL2.dll
 0001:00001414       SDL_SetTextureBlendMode    0000000140002414 f   SDL2:SDL2.dll
 0001:0000141a       SDL_SetTextureAlphaMod     000000014000241a f   SDL2:SDL2.dll
 0001:00001420       SDL_RenderCopyEx           0000000140002420 f   SDL2:SDL2.dll
 0001:00001426       IMG_Init                   0000000140002426 f   SDL2_image:SDL2_image.dll
 0001:0000142c       IMG_Load                   000000014000242c f   SDL2_image:SDL2_image.dll
 0001:00001432       Mix_OpenAudio              0000000140002432 f   SDL2_mixer:SDL2_mixer.dll
 0001:00001440       ??0_Init_locks@std@@QEAA@XZ 0000000140002440 f   libcpmtd:xlock.obj
 0001:000014b0       ??1_Init_locks@std@@QEAA@XZ 00000001400024b0 f   libcpmtd:xlock.obj
 0001:00001520       ??0_Lockit@std@@QEAA@H@Z   0000000140002520 f   libcpmtd:xlock.obj
 0001:00001570       ??1_Lockit@std@@QEAA@XZ    0000000140002570 f   libcpmtd:xlock.obj
 0001:000015b0       _Mtxinit                   00000001400025b0 f   libcpmtd:xmtx.obj
 0001:000015d0       _Mtxdst                    00000001400025d0 f   libcpmtd:xmtx.obj
 0001:000015f0       _Mtxlock                   00000001400025f0 f   libcpmtd:xmtx.obj
 0001:00001610       _Mtxunlock                 0000000140002610 f   libcpmtd:xmtx.obj
 0001:00001630       printf                     0000000140002630 f   LIBCMTD:printf.obj
 0001:00001780       _get_printf_count_output   0000000140002780 f   LIBCMTD:printf.obj
 0001:000017c0       __security_check_cookie    00000001400027c0 f   LIBCMTD:amdsecgs.obj
 0001:000017e0       __GSHandlerCheck           00000001400027e0 f   LIBCMTD:gshandler.obj
 0001:00001820       __GSHandlerCheckCommon     0000000140002820 f   LIBCMTD:gshandler.obj
 0001:00001920       ?_GetEstablisherFrame@@YAPEA_KPEA_KPEAU_xDISPATCHER_CONTEXT@@PEBU_s_FuncInfo@@0@Z 0000000140002920 f   LIBCMTD:trnsctrl.obj
 0001:00001aa0       _GetImageBase              0000000140002aa0 f   LIBCMTD:trnsctrl.obj
 0001:00001ac0       _GetThrowImageBase         0000000140002ac0 f   LIBCMTD:trnsctrl.obj
 0001:00001ae0       _SetImageBase              0000000140002ae0 f   LIBCMTD:trnsctrl.obj
 0001:00001b00       _SetThrowImageBase         0000000140002b00 f   LIBCMTD:trnsctrl.obj
 0001:00001bb0       ?__FrameUnwindToEmptyState@@YAXPEA_KPEAU_xDISPATCHER_CONTEXT@@PEBU_s_FuncInfo@@@Z 0000000140002bb0 f   LIBCMTD:trnsctrl.obj
 0001:00001c50       __CxxFrameHandler3         0000000140002c50 f   LIBCMTD:trnsctrl.obj
 0001:00001d10       ?__SehTransFilter@@YAHPEAU_EXCEPTION_POINTERS@@PEAUEHExceptionRecord@@PEA_KPEAU_CONTEXT@@PEAU_xDISPATCHER_CONTEXT@@PEBU_s_FuncInfo@@PEAH@Z 0000000140002d10 f   LIBCMTD:trnsctrl.obj
 0001:00001dd0       _CallSETranslator          0000000140002dd0 f   LIBCMTD:trnsctrl.obj
 0001:00001e50       ?_GetRangeOfTrysToCheck@@YAPEBU_s_TryBlockMapEntry@@PEA_KPEBU_s_FuncInfo@@HHPEAI2PEAU_xDISPATCHER_CONTEXT@@@Z 0000000140002e50 f   LIBCMTD:trnsctrl.obj
 0001:00002070       _CreateFrameInfo           0000000140003070 f   LIBCMTD:trnsctrl.obj
 0001:000020f0       _IsExceptionObjectToBeDestroyed 00000001400030f0 f   LIBCMTD:trnsctrl.obj
 0001:00002150       _FindAndUnlinkFrame        0000000140003150 f   LIBCMTD:trnsctrl.obj
 0001:000021e0       _UnwindNestedFrames        00000001400031e0 f   LIBCMTD:trnsctrl.obj
 0001:00002320       ??3@YAXPEAX@Z              0000000140003320 f   LIBCMTD:dbgdel.obj
 0001:000023e0       _onexit                    00000001400033e0 f   LIBCMTD:onexit.obj
 0001:000025e0       atexit                     00000001400035e0 f   LIBCMTD:onexit.obj
 0001:00002620       __onexitinit               0000000140003620 f   LIBCMTD:onexit.obj
 0001:00002690       _wassert                   0000000140003690 f   LIBCMTD:wassert.obj
 0001:00003550       _invoke_watson_if_error    0000000140004550 f i LIBCMTD:wassert.obj
 0001:00003600       _fpmath                    0000000140004600 f   LIBCMTD:_fpinit_.obj
 0001:00003620       _cfltcvt_init              0000000140004620 f   LIBCMTD:_fpinit_.obj
 0001:000036b0       mainCRTStartup             00000001400046b0 f   LIBCMTD:crt0.obj
 0001:000038d0       __C_specific_handler       00000001400048d0 f   LIBCMTD:chandler.obj
 0001:00003d60       __iob_func                 0000000140004d60 f   LIBCMTD:_file.obj
 0001:00003d70       __initstdio                0000000140004d70 f   LIBCMTD:_file.obj
 0001:00003f30       __endstdio                 0000000140004f30 f   LIBCMTD:_file.obj
 0001:00003f60       _lock_file                 0000000140004f60 f   LIBCMTD:_file.obj
 0001:00003fe0       _lock_file2                0000000140004fe0 f   LIBCMTD:_file.obj
 0001:00004030       _unlock_file               0000000140005030 f   LIBCMTD:_file.obj
 0001:000040b0       _unlock_file2              00000001400050b0 f   LIBCMTD:_file.obj
 0001:00004100       _stbuf                     0000000140005100 f   LIBCMTD:_sftbuf.obj
 0001:000042c0       _ftbuf                     00000001400052c0 f   LIBCMTD:_sftbuf.obj
 0001:00004380       _output_l                  0000000140005380 f   LIBCMTD:output.obj
 0001:00005a90       ??0_LocaleUpdate@@QEAA@PEAUlocaleinfo_struct@@@Z 0000000140006a90 f i LIBCMTD:output.obj
 0001:00005be0       ??1_LocaleUpdate@@QEAA@XZ  0000000140006be0 f i LIBCMTD:output.obj
 0001:00005c20       ?GetLocaleT@_LocaleUpdate@@QEAAPEAUlocaleinfo_struct@@XZ 0000000140006c20 f i LIBCMTD:output.obj
 0001:00005d20       get_int_arg                0000000140006d20 f i LIBCMTD:output.obj
 0001:00005d80       get_int64_arg              0000000140006d80 f i LIBCMTD:output.obj
 0001:00005df0       get_short_arg              0000000140006df0 f i LIBCMTD:output.obj
 0001:00005e60       _initp_misc_invarg         0000000140006e60 f   LIBCMTD:invarg.obj
 0001:00005e80       _invalid_parameter         0000000140006e80 f   LIBCMTD:invarg.obj
 0001:00005f10       _invoke_watson             0000000140006f10 f   LIBCMTD:invarg.obj
 0001:00005f60       _call_reportfault          0000000140006f60 f   LIBCMTD:invarg.obj
 0001:00006130       _dosmaperr                 0000000140007130 f   LIBCMTD:dosmap.obj
 0001:00006160       _get_errno_from_oserr      0000000140007160 f   LIBCMTD:dosmap.obj
 0001:000061f0       _errno                     00000001400071f0 f   LIBCMTD:dosmap.obj
 0001:00006220       __doserrno                 0000000140007220 f   LIBCMTD:dosmap.obj
 0001:00006250       _CrtDbgReportW             0000000140007250 f   LIBCMTD:dbgrptw.obj
 0001:000062c0       _CrtDbgReportWV            00000001400072c0 f i LIBCMTD:dbgrptw.obj
 0001:00006310       __crtMessageWindowW        0000000140007310 f   LIBCMTD:dbgrptw.obj
 0001:00006900       _invoke_watson_if_oneof    0000000140007900 f i LIBCMTD:dbgrptw.obj
 0001:00006970       __report_gsfailure         0000000140007970 f   LIBCMTD:gs_report.obj
 0001:00006ac0       ?__StateFromIp@@YAHPEBU_s_FuncInfo@@PEAU_xDISPATCHER_CONTEXT@@_J@Z 0000000140007ac0 f   LIBCMTD:ehstate.obj
 0001:00006ba0       ?__StateFromControlPc@@YAHPEBU_s_FuncInfo@@PEAU_xDISPATCHER_CONTEXT@@@Z 0000000140007ba0 f   LIBCMTD:ehstate.obj
 0001:00006bd0       ?__GetCurrentState@@YAHPEA_KPEAU_xDISPATCHER_CONTEXT@@PEBU_s_FuncInfo@@@Z 0000000140007bd0 f   LIBCMTD:ehstate.obj
 0001:00006c30       ?__SetState@@YAXPEA_KPEAU_xDISPATCHER_CONTEXT@@PEBU_s_FuncInfo@@H@Z 0000000140007c30 f   LIBCMTD:ehstate.obj
 0001:00006c60       ?__SetUnwindTryBlock@@YAXPEA_KPEAU_xDISPATCHER_CONTEXT@@PEBU_s_FuncInfo@@H@Z 0000000140007c60 f   LIBCMTD:ehstate.obj
 0001:00006cd0       ?__GetUnwindTryBlock@@YAHPEA_KPEAU_xDISPATCHER_CONTEXT@@PEBU_s_FuncInfo@@@Z 0000000140007cd0 f   LIBCMTD:ehstate.obj
 0001:00006d20       _encoded_null              0000000140007d20 f   LIBCMTD:tidtable.obj
 0001:00006d40       _mtinit                    0000000140007d40 f   LIBCMTD:tidtable.obj
 0001:00006e10       _mtterm                    0000000140007e10 f   LIBCMTD:tidtable.obj
 0001:00006e40       _initptd                   0000000140007e40 f   LIBCMTD:tidtable.obj
 0001:00006f40       _getptd_noexit             0000000140007f40 f   LIBCMTD:tidtable.obj
 0001:00007010       _getptd                    0000000140008010 f   LIBCMTD:tidtable.obj
 0001:00007040       _freefls                   0000000140008040 f   LIBCMTD:tidtable.obj
 0001:00007260       memcpy                     0000000140008260 f   LIBCMTD:memcpy.obj
 0001:00007260       memmove                    0000000140008260     LIBCMTD:memcpy.obj
 0001:000075a0       __InternalCxxFrameHandler  00000001400085a0 f   LIBCMTD:frame.obj
 0001:00008150       ??0bad_exception@std@@QEAA@PEBD@Z 0000000140009150 f i LIBCMTD:frame.obj
 0001:00008190       ??1bad_exception@std@@UEAA@XZ 0000000140009190 f i LIBCMTD:frame.obj
 0001:000081c0       ??_Gbad_exception@std@@UEAAPEAXI@Z 00000001400091c0 f i LIBCMTD:frame.obj
 0001:000081c0       ??_Ebad_exception@std@@UEAAPEAXI@Z 00000001400091c0 f i LIBCMTD:frame.obj
 0001:00008200       ??0bad_exception@std@@QEAA@AEBV01@@Z 0000000140009200 f i LIBCMTD:frame.obj
 0001:000085b0       __TypeMatch                00000001400095b0 f   LIBCMTD:frame.obj
 0001:00008770       __FrameUnwindFilter        0000000140009770 f   LIBCMTD:frame.obj
 0001:00008800       __FrameUnwindToState       0000000140009800 f   LIBCMTD:frame.obj
 0001:00008b40       __CxxCallCatchBlock        0000000140009b40 f   LIBCMTD:frame.obj
 0001:00008ed0       __BuildCatchObjectHelper   0000000140009ed0 f   LIBCMTD:frame.obj
 0001:00009250       __BuildCatchObject         000000014000a250 f   LIBCMTD:frame.obj
 0001:00009390       __DestructExceptionObject  000000014000a390 f   LIBCMTD:frame.obj
 0001:00009410       __AdjustPointer            000000014000a410 f   LIBCMTD:frame.obj
 0001:00009660       _initp_eh_hooks            000000014000a660 f   LIBCMTD:hooks.obj
 0001:00009690       ?terminate@@YAXXZ          000000014000a690 f   LIBCMTD:hooks.obj
 0001:000096c0       ?_inconsistency@@YAXXZ     000000014000a6c0 f   LIBCMTD:hooks.obj
 0001:000096f0       _mtinitlocks               000000014000a6f0 f   LIBCMTD:mlock.obj
 0001:000097c0       _mtdeletelocks             000000014000a7c0 f   LIBCMTD:mlock.obj
 0001:000098e0       _mtinitlocknum             000000014000a8e0 f   LIBCMTD:mlock.obj
 0001:00009a10       _lock                      000000014000aa10 f   LIBCMTD:mlock.obj
 0001:00009a70       _unlock                    000000014000aa70 f   LIBCMTD:mlock.obj
 0001:00009aa0       _malloc_dbg                000000014000aaa0 f   LIBCMTD:dbgheap.obj
 0001:00009af0       _nh_malloc_dbg             000000014000aaf0 f   LIBCMTD:dbgheap.obj
 0001:0000a0e0       _calloc_dbg_impl           000000014000b0e0 f   LIBCMTD:dbgheap.obj
 0001:0000a190       _calloc_dbg                000000014000b190 f   LIBCMTD:dbgheap.obj
 0001:0000a210       _realloc_dbg               000000014000b210 f   LIBCMTD:dbgheap.obj
 0001:0000ab40       _free_dbg                  000000014000bb40 f   LIBCMTD:dbgheap.obj
 0001:0000ab80       _free_dbg_nolock           000000014000bb80 f   LIBCMTD:dbgheap.obj
 0001:0000b220       _msize_dbg                 000000014000c220 f   LIBCMTD:dbgheap.obj
 0001:0000b480       _CrtCheckMemory            000000014000c480 f   LIBCMTD:dbgheap.obj
 0001:0000ba20       _CrtSetDbgFlag             000000014000ca20 f   LIBCMTD:dbgheap.obj
 0001:0000bb50       _CrtIsValidPointer         000000014000cb50 f   LIBCMTD:dbgheap.obj
 0001:0000bb90       _CrtIsValidHeapPointer     000000014000cb90 f   LIBCMTD:dbgheap.obj
 0001:0000bbf0       _CrtMemCheckpoint          000000014000cbf0 f   LIBCMTD:dbgheap.obj
 0001:0000be70       _CrtMemDumpAllObjectsSince 000000014000ce70 f   LIBCMTD:dbgheap.obj
 0001:0000c510       _CrtDumpMemoryLeaks        000000014000d510 f   LIBCMTD:dbgheap.obj
 0001:0000c5b0       _CrtSetCheckCount          000000014000d5b0 f   LIBCMTD:dbgheap.obj
 0001:0000c5d0       _CrtGetCheckCount          000000014000d5d0 f   LIBCMTD:dbgheap.obj
 0001:0000c5e0       _cinit                     000000014000d5e0 f   LIBCMTD:crt0dat.obj
 0001:0000c690       exit                       000000014000d690 f   LIBCMTD:crt0dat.obj
 0001:0000c6b0       _exit                      000000014000d6b0 f   LIBCMTD:crt0dat.obj
 0001:0000c6d0       _cexit                     000000014000d6d0 f   LIBCMTD:crt0dat.obj
 0001:0000c6f0       _c_exit                    000000014000d6f0 f   LIBCMTD:crt0dat.obj
 0001:0000c710       _amsg_exit                 000000014000d710 f   LIBCMTD:crt0dat.obj
 0001:0000c740       __freeCrtMemory            000000014000d740 f   LIBCMTD:crt0dat.obj
 0001:0000cad0       __crtCorExitProcess        000000014000dad0 f   LIBCMTD:crt0dat.obj
 0001:0000cb20       __crtExitProcess           000000014000db20 f   LIBCMTD:crt0dat.obj
 0001:0000cb40       _lockexit                  000000014000db40 f   LIBCMTD:crt0dat.obj
 0001:0000cb60       _unlockexit                000000014000db60 f   LIBCMTD:crt0dat.obj
 0001:0000cb80       _init_pointers             000000014000db80 f   LIBCMTD:crt0dat.obj
 0001:0000cc20       _initterm_e                000000014000dc20 f   LIBCMTD:crt0dat.obj
 0001:0000cc80       _initp_misc_winsig         000000014000dc80 f   LIBCMTD:winsig.obj
 0001:0000ccc0       raise                      000000014000dcc0 f   LIBCMTD:winsig.obj
 0001:0000d100       __get_sigabrt              000000014000e100 f   LIBCMTD:winsig.obj
 0001:0000d120       __crtMessageBoxW           000000014000e120 f   LIBCMTD:crtmboxw.obj
 0001:0000d430       _itow_s                    000000014000e430 f   LIBCMTD:xtows.obj
 0001:0000da40       wcsncat_s                  000000014000ea40 f   LIBCMTD:wcsncat_s.obj
 0001:0000e190       wcsncpy_s                  000000014000f190 f   LIBCMTD:wcsncpy_s.obj
 0001:0000e7f0       wcscat_s                   000000014000f7f0 f   LIBCMTD:wcscat_s.obj
 0001:0000edf0       wcscpy_s                   000000014000fdf0 f   LIBCMTD:wcscpy_s.obj
 0001:0000f280       fflush                     0000000140010280 f   LIBCMTD:fflush.obj
 0001:0000f2d0       _fflush_nolock             00000001400102d0 f   LIBCMTD:fflush.obj
 0001:0000f350       _flush                     0000000140010350 f   LIBCMTD:fflush.obj
 0001:0000f440       _flushall                  0000000140010440 f   LIBCMTD:fflush.obj
 0001:0000f5d0       fwprintf                   00000001400105d0 f   LIBCMTD:fwprintf.obj
 0001:0000f790       setvbuf                    0000000140010790 f   LIBCMTD:setvbuf.obj
 0001:0000fb20       abort                      0000000140010b20 f   LIBCMTD:abort.obj
 0001:0000fba0       wcslen                     0000000140010ba0 f   LIBCMTD:wcslen.obj
 0001:0000fbf0       _set_error_mode            0000000140010bf0 f   LIBCMTD:errmode.obj
 0001:0000fcf0       _vswprintf_helper          0000000140010cf0 f   LIBCMTD:vswprnc.obj
 0001:00010050       _vswprintf_c_l             0000000140011050 f   LIBCMTD:vswprnc.obj
 0001:000100c0       _vsnwprintf_s_l            00000001400110c0 f   LIBCMTD:vswprnc.obj
 0001:00010640       _vsnwprintf_s              0000000140011640 f   LIBCMTD:vswprnc.obj
 0001:00010690       _forcdecpt                 0000000140011690 f   LIBCMTD:cvt.obj
 0001:000106b0       _forcdecpt_l               00000001400116b0 f   LIBCMTD:cvt.obj
 0001:000107b0       _cropzeros                 00000001400117b0 f   LIBCMTD:cvt.obj
 0001:000107d0       _cropzeros_l               00000001400117d0 f   LIBCMTD:cvt.obj
 0001:00010940       _positive                  0000000140011940 f   LIBCMTD:cvt.obj
 0001:00010980       _fassign_l                 0000000140011980 f   LIBCMTD:cvt.obj
 0001:000109f0       _fassign                   00000001400119f0 f   LIBCMTD:cvt.obj
 0001:00010a20       _cftoe_l                   0000000140011a20 f   LIBCMTD:cvt.obj
 0001:00011370       _cftoe                     0000000140012370 f   LIBCMTD:cvt.obj
 0001:000113c0       _cftoa_l                   00000001400123c0 f   LIBCMTD:cvt.obj
 0001:00011ee0       ?strrchr@@YAPEADPEADH@Z    0000000140012ee0 f i LIBCMTD:cvt.obj
 0001:00011f00       _cftof_l                   0000000140012f00 f   LIBCMTD:cvt.obj
 0001:000125d0       _cftog_l                   00000001400135d0 f   LIBCMTD:cvt.obj
 0001:000129c0       _cfltcvt_l                 00000001400139c0 f   LIBCMTD:cvt.obj
 0001:00012ae0       _cfltcvt                   0000000140013ae0 f   LIBCMTD:cvt.obj
 0001:00012b80       _initp_misc_cfltcvt_tab    0000000140013b80 f   LIBCMTD:cmiscdat.obj
 0001:00012bd0       ?__CxxUnhandledExceptionFilter@@YAJPEAU_EXCEPTION_POINTERS@@@Z 0000000140013bd0 f   LIBCMTD:unhandld.obj
 0001:00012c50       __CxxSetUnhandledExceptionFilter 0000000140013c50 f   LIBCMTD:unhandld.obj
 0001:00012c70       __security_init_cookie     0000000140013c70 f   LIBCMTD:gs_support.obj
 0001:00012d80       _XcptFilter                0000000140013d80 f   LIBCMTD:winxfltr.obj
 0001:000130b0       _setenvp                   00000001400140b0 f   LIBCMTD:stdenvp.obj
 0001:000132c0       _setargv                   00000001400142c0 f   LIBCMTD:stdargv.obj
 0001:00013440       _set_pgmptr                0000000140014440 f i LIBCMTD:stdargv.obj
 0001:000138f0       __crtGetEnvironmentStringsA 00000001400148f0 f   LIBCMTD:a_env.obj
 0001:00013a60       _ioinit                    0000000140014a60 f   LIBCMTD:ioinit.obj
 0001:00014120       _RTC_Initialize            0000000140015120 f   LIBCMTD:_initsect_.obj
 0001:00014160       _RTC_Terminate             0000000140015160 f   LIBCMTD:_initsect_.obj
 0001:000141a0       _heap_init                 00000001400151a0 f   LIBCMTD:heapinit.obj
 0001:00014210       _FF_MSGBANNER              0000000140015210 f   LIBCMTD:crt0msg.obj
 0001:00014260       _GET_RTERRMSG              0000000140015260 f   LIBCMTD:crt0msg.obj
 0001:000142c0       _NMSG_WRITE                00000001400152c0 f   LIBCMTD:crt0msg.obj
 0001:000146f0       _local_unwind              00000001400156f0 f   LIBCMTD:jmpuwind.obj
 0001:00014720       _NLG_Notify                0000000140015720 f   LIBCMTD:jmpuwind.obj
 0001:00014740       __NLG_Dispatch2            0000000140015740 f   LIBCMTD:jmpuwind.obj
 0001:00014750       __NLG_Return2              0000000140015750 f   LIBCMTD:jmpuwind.obj
 0001:00014760       _ValidateImageBase         0000000140015760 f   LIBCMTD:pesect.obj
 0001:000147e0       _FindPESection             00000001400157e0 f   LIBCMTD:pesect.obj
 0001:00014890       _IsNonwritableInCurrentImage 0000000140015890 f   LIBCMTD:pesect.obj
 0001:00014920       _fcloseall                 0000000140015920 f   LIBCMTD:closeall.obj
 0001:00014a20       _isatty                    0000000140015a20 f   LIBCMTD:isatty.obj
 0001:00014b20       _fileno                    0000000140015b20 f   LIBCMTD:fileno.obj
 0001:00014be0       strlen                     0000000140015be0 f   LIBCMTD:strlen.obj
 0001:00014c90       _wctomb_s_l                0000000140015c90 f   LIBCMTD:wctomb.obj
 0001:00015130       wctomb_s                   0000000140016130 f   LIBCMTD:wctomb.obj
 0001:00015180       _isleadbyte_l              0000000140016180 f i LIBCMTD:_wctype.obj
 0001:000151e0       isleadbyte                 00000001400161e0 f i LIBCMTD:_wctype.obj
 0001:00015200       __updatetmbcinfo           0000000140016200 f   LIBCMTD:mbctype.obj
 0001:00015300       _setmbcp                   0000000140016300 f   LIBCMTD:mbctype.obj
 0001:000156f0       _setmbcp_nolock            00000001400166f0 f   LIBCMTD:mbctype.obj
 0001:00016130       __initmbctable             0000000140017130 f   LIBCMTD:mbctype.obj
 0001:00016160       __addlocaleref             0000000140017160 f   LIBCMTD:localref.obj
 0001:000162b0       __removelocaleref          00000001400172b0 f   LIBCMTD:localref.obj
 0001:00016410       __freetlocinfo             0000000140017410 f   LIBCMTD:localref.obj
 0001:000167a0       _updatetlocinfoEx_nolock   00000001400177a0 f   LIBCMTD:localref.obj
 0001:00016840       __updatetlocinfo           0000000140017840 f   LIBCMTD:localref.obj
 0001:000168e0       _flsbuf                    00000001400178e0 f   LIBCMTD:_flsbuf.obj
 0001:00016c50       _CrtDefaultAllocHook       0000000140017c50 f   LIBCMTD:dbghook.obj
 0001:00016c70       __crt_debugger_hook        0000000140017c70 f   LIBCMTD:dbghook.obj
 0001:00016c80       _CrtDbgBreak               0000000140017c80 f   LIBCMTD:dbgrptt.obj
 0001:00016c90       _VCrtDbgReportA            0000000140017c90 f   LIBCMTD:dbgrptt.obj
 0001:000176b0       _VCrtDbgReportW            00000001400186b0 f   LIBCMTD:dbgrptt.obj
 0001:00018240       _snwprintf_s               0000000140019240 f   LIBCMTD:swprintf.obj
 0001:000182a0       memcpy_s                   00000001400192a0 f   LIBCMTD:memcpy_s.obj
 0001:00018500       __chkstk                   0000000140019500 f   LIBCMTD:chkstk.obj
 0001:00018500       _alloca_probe              0000000140019500     LIBCMTD:chkstk.obj
 0001:00018550       _output_s_l                0000000140019550 f   LIBCMTD:outputs.obj
 0001:00019f30       ?_ValidateRead@@YAHPEBXI@Z 000000014001af30 f   LIBCMTD:validate.obj
 0001:00019f30       ?_ValidateWrite@@YAHPEAXI@Z 000000014001af30 f   LIBCMTD:validate.obj
 0001:00019f60       ?_ValidateExecute@@YAHP6A_JXZ@Z 000000014001af60 f   LIBCMTD:validate.obj
 0001:00019f90       _CxxThrowException         000000014001af90 f   LIBCMTD:throw.obj
 0001:0001a050       ??1type_info@@UEAA@XZ      000000014001b050 f   LIBCMTD:typinfo.obj
 0001:0001a080       ??_Gtype_info@@UEAAPEAXI@Z 000000014001b080 f i LIBCMTD:typinfo.obj
 0001:0001a080       ??_Etype_info@@UEAAPEAXI@Z 000000014001b080 f i LIBCMTD:typinfo.obj
 0001:0001a0c0       ??8type_info@@QEBA_NAEBV0@@Z 000000014001b0c0 f   LIBCMTD:typinfo.obj
 0001:0001a110       ??_Eexception@std@@UEAAPEAXI@Z 000000014001b110 f i LIBCMTD:stdexcpt.obj
 0001:0001a110       ??_Gexception@std@@UEAAPEAXI@Z 000000014001b110 f i LIBCMTD:stdexcpt.obj
 0001:0001a150       ??0exception@std@@QEAA@AEBQEBD@Z 000000014001b150 f   LIBCMTD:stdexcpt.obj
 0001:0001a1a0       ??0exception@std@@QEAA@AEBV01@@Z 000000014001b1a0 f   LIBCMTD:stdexcpt.obj
 0001:0001a1f0       ??4exception@std@@QEAAAEAV01@AEBV01@@Z 000000014001b1f0 f   LIBCMTD:stdexcpt.obj
 0001:0001a260       ??1exception@std@@UEAA@XZ  000000014001b260 f   LIBCMTD:stdexcpt.obj
 0001:0001a290       ?what@exception@std@@UEBAPEBDXZ 000000014001b290 f   LIBCMTD:stdexcpt.obj
 0001:0001a2d0       ?_Copy_str@exception@std@@AEAAXPEBD@Z 000000014001b2d0 f   LIBCMTD:stdexcpt.obj
 0001:0001a340       ?_Tidy@exception@std@@AEAAXXZ 000000014001b340 f   LIBCMTD:stdexcpt.obj
 0001:0001a390       strcmp                     000000014001b390 f   LIBCMTD:strcmp.obj
 0001:0001a450       _CallSettingFrame          000000014001b450 f   LIBCMTD:handlers.obj
 0001:0001a490       _GetNextInstrOffset        000000014001b490 f   LIBCMTD:handlers.obj
 0001:0001a4a0       __GSHandlerCheck_SEH       000000014001b4a0 f   LIBCMTD:gshandlerseh.obj
 0001:0001a560       _initp_heap_handler        000000014001b560 f   LIBCMTD:handler.obj
 0001:0001a580       _callnewh                  000000014001b580 f   LIBCMTD:handler.obj
 0001:0001a5d0       memset                     000000014001b5d0 f   LIBCMTD:memset.obj
 0001:0001a6c0       _malloc_base               000000014001b6c0 f   LIBCMTD:malloc.obj
 0001:0001a760       _heap_alloc_base           000000014001b760 f i LIBCMTD:malloc.obj
 0001:0001a7d0       _CrtDbgReport              000000014001b7d0 f   LIBCMTD:dbgrpt.obj
 0001:0001a840       _CrtDbgReportV             000000014001b840 f i LIBCMTD:dbgrpt.obj
 0001:0001a890       __crtMessageWindowA        000000014001b890 f   LIBCMTD:dbgrpt.obj
 0001:0001ae80       _expand_base               000000014001be80 f   LIBCMTD:expand.obj
 0001:0001b050       _realloc_base              000000014001c050 f   LIBCMTD:realloc.obj
 0001:0001b170       _free_base                 000000014001c170 f   LIBCMTD:free.obj
 0001:0001b1d0       _heapchk                   000000014001c1d0 f   LIBCMTD:heapchk.obj
 0001:0001b210       sprintf_s                  000000014001c210 f   LIBCMTD:sprintf.obj
 0001:0001b260       _snprintf_s                000000014001c260 f   LIBCMTD:sprintf.obj
 0001:0001b2c0       _chvalidator               000000014001c2c0 f   LIBCMTD:isctype.obj
 0001:0001b320       _chvalidator_l             000000014001c320 f   LIBCMTD:isctype.obj
 0001:0001b410       _isctype_l                 000000014001c410 f   LIBCMTD:isctype.obj
 0001:0001b5b0       _initp_misc_rand_s         000000014001c5b0 f   LIBCMTD:rand_s.obj
 0001:0001b5d0       _initp_misc_purevirt       000000014001c5d0 f   LIBCMTD:inithelp.obj
 0001:0001b5f0       _commit                    000000014001c5f0 f   LIBCMTD:commit.obj
 0001:0001b850       _write                     000000014001c850 f   LIBCMTD:write.obj
 0001:0001bad0       _write_nolock              000000014001cad0 f   LIBCMTD:write.obj
 0001:0001cc00       _woutput_l                 000000014001dc00 f   LIBCMTD:woutput.obj
 0001:0001e070       _freebuf                   000000014001f070 f   LIBCMTD:_freebuf.obj
 0001:0001e130       _woutput_s_l               000000014001f130 f   LIBCMTD:woutputs.obj
 0001:0001f900       _isdigit_l                 0000000140020900 f i LIBCMTD:_ctype.obj
 0001:0001f9a0       isdigit                    00000001400209a0 f i LIBCMTD:_ctype.obj
 0001:0001f9e0       _tolower_l                 00000001400209e0 f   LIBCMTD:tolower.obj
 0001:0001fca0       tolower                    0000000140020ca0 f   LIBCMTD:tolower.obj
 0001:0001fcf0       _atodbl_l                  0000000140020cf0 f   LIBCMTD:atodbl.obj
 0001:0001fe80       _atoflt_l                  0000000140020e80 f   LIBCMTD:atodbl.obj
 0001:00020010       _fptostr                   0000000140021010 f   LIBCMTD:_fptostr.obj
 0001:00020440       _fltout2                   0000000140021440 f   LIBCMTD:_cfout_.obj
 0001:00020560       __dtold                    0000000140021560 f   LIBCMTD:_cfout_.obj
 0001:00020710       strcpy_s                   0000000140021710 f   LIBCMTD:strcpy_s.obj
 0001:00020b80       strrchr                    0000000140021b80 f   LIBCMTD:strrchr.obj
 0001:00020c00       _fptrap                    0000000140021c00 f   LIBCMTD:crt0fp.obj
 0001:00020c20       _ismbblead                 0000000140021c20 f   LIBCMTD:ismbbyte.obj
 0001:00020d20       fclose                     0000000140021d20 f   LIBCMTD:fclose.obj
 0001:00020e20       _fclose_nolock             0000000140021e20 f   LIBCMTD:fclose.obj
 0001:00020f60       __crtLCMapStringA          0000000140021f60 f   LIBCMTD:a_map.obj
 0001:00021410       _MarkAllocaS               0000000140022410 f i LIBCMTD:a_map.obj
 0001:00021440       _freea                     0000000140022440 f i LIBCMTD:a_map.obj
 0001:00021530       __crtGetStringTypeA        0000000140022530 f   LIBCMTD:a_str.obj
 0001:00021760       __free_lc_time             0000000140022760 f   LIBCMTD:inittime.obj
 0001:00021eb0       __free_lconv_num           0000000140022eb0 f   LIBCMTD:initnum.obj
 0001:00021f90       __free_lconv_mon           0000000140022f90 f   LIBCMTD:initmon.obj
 0001:000221a0       _lseeki64                  00000001400231a0 f   LIBCMTD:lseeki64.obj
 0001:00022430       _lseeki64_nolock           0000000140023430 f   LIBCMTD:lseeki64.obj
 0001:00022560       _getbuf                    0000000140023560 f   LIBCMTD:_getbuf.obj
 0001:00022670       _mbstowcs_l_helper         0000000140023670 f   LIBCMTD:mbstowcs.obj
 0001:00022bb0       _mbstowcs_s_l              0000000140023bb0 f   LIBCMTD:mbstowcs.obj
 0001:00023140       mbstowcs_s                 0000000140024140 f   LIBCMTD:mbstowcs.obj
 0001:00023190       strcat_s                   0000000140024190 f   LIBCMTD:strcat_s.obj
 0001:00023780       _vsnprintf_helper          0000000140024780 f   LIBCMTD:vsnprnc.obj
 0001:00023a60       _vsprintf_s_l              0000000140024a60 f   LIBCMTD:vsnprnc.obj
 0001:00023dc0       _vsnprintf_s_l             0000000140024dc0 f   LIBCMTD:vsnprnc.obj
 0001:00024340       _vsnprintf_s               0000000140025340 f   LIBCMTD:vsnprnc.obj
 0001:00024390       _itoa_s                    0000000140025390 f   LIBCMTD:xtoas.obj
 0001:00024980       _wcstombs_l_helper         0000000140025980 f   LIBCMTD:wcstombs.obj
 0001:00025200       _wcstombs_s_l              0000000140026200 f   LIBCMTD:wcstombs.obj
 0001:000256e0       wcstombs_s                 00000001400266e0 f   LIBCMTD:wcstombs.obj
 0001:00025730       ?_Type_info_dtor@type_info@@CAXPEAV1@@Z 0000000140026730 f   LIBCMTD:typname.obj
 0001:00025830       malloc                     0000000140026830 f   LIBCMTD:dbgmalloc.obj
 0001:00025870       free                       0000000140026870 f   LIBCMTD:dbgfree.obj
 0001:00025890       __crtMessageBoxA           0000000140026890 f   LIBCMTD:crtmbox.obj
 0001:00025ba0       _locterm                   0000000140026ba0 f   LIBCMTD:setlocal.obj
 0001:00025bf0       _free_osfhnd               0000000140026bf0 f   LIBCMTD:osfinfo.obj
 0001:00025d20       _get_osfhandle             0000000140026d20 f   LIBCMTD:osfinfo.obj
 0001:00025f00       __lock_fhandle             0000000140026f00 f   LIBCMTD:osfinfo.obj
 0001:00025fe0       _unlock_fhandle            0000000140026fe0 f   LIBCMTD:osfinfo.obj
 0001:00026020       _putwch_nolock             0000000140027020 f   LIBCMTD:putwch.obj
 0001:00026090       _mbtowc_l                  0000000140027090 f   LIBCMTD:mbtowc.obj
 0001:000263c0       mbtowc                     00000001400273c0 f   LIBCMTD:mbtowc.obj
 0001:000263f0       _fputwc_nolock             00000001400273f0 f   LIBCMTD:fputwc.obj
 0001:00026860       _ld12tod                   0000000140027860 f   LIBCMTD:_intrncvt_.obj
 0001:00026890       _ld12cvt                   0000000140027890 f i LIBCMTD:_intrncvt_.obj
 0001:00026bb0       _RoundMan                  0000000140027bb0 f i LIBCMTD:_intrncvt_.obj
 0001:00026cc0       _ZeroTail                  0000000140027cc0 f i LIBCMTD:_intrncvt_.obj
 0001:00026d70       _IncMan                    0000000140027d70 f i LIBCMTD:_intrncvt_.obj
 0001:00026e50       __addl                     0000000140027e50 f i LIBCMTD:_intrncvt_.obj
 0001:00026eb0       _CopyMan                   0000000140027eb0 f i LIBCMTD:_intrncvt_.obj
 0001:00026f20       _FillZeroMan               0000000140027f20 f i LIBCMTD:_intrncvt_.obj
 0001:00026f60       _IsZeroMan                 0000000140027f60 f i LIBCMTD:_intrncvt_.obj
 0001:00026fa0       _ShrMan                    0000000140027fa0 f i LIBCMTD:_intrncvt_.obj
 0001:000270f0       _ld12tof                   00000001400280f0 f   LIBCMTD:_intrncvt_.obj
 0001:00027120       __strgtold12_l             0000000140028120 f   LIBCMTD:_strgtold_.obj
 0001:00028010       __multtenpow12             0000000140029010 f i LIBCMTD:_strgtold_.obj
 0001:00028170       __ld12mul                  0000000140029170 f i LIBCMTD:_strgtold_.obj
 0001:000286e0       __shl_12                   00000001400296e0 f i LIBCMTD:_strgtold_.obj
 0001:00028780       __shr_12                   0000000140029780 f i LIBCMTD:_strgtold_.obj
 0001:00028820       $I10_OUTPUT                0000000140029820 f   LIBCMTD:_x10fout_.obj
 0001:000290b0       __add_12                   000000014002a0b0 f i LIBCMTD:_x10fout_.obj
 0001:00029180       _close                     000000014002a180 f   LIBCMTD:close.obj
 0001:000293e0       _close_nolock              000000014002a3e0 f   LIBCMTD:close.obj
 0001:000294e0       strncmp                    000000014002a4e0 f   LIBCMTD:strncmp.obj
 0001:000295b0       memcmp                     000000014002a5b0 f   LIBCMTD:memcmp.obj
 0001:00029680       __initconout               000000014002a680 f   LIBCMTD:initcon.obj
 0001:000296d0       __termconout               000000014002a6d0 f   LIBCMTD:initcon.obj
 0001:00029700       _flswbuf                   000000014002a700 f   LIBCMTD:_flswbuf.obj
 0001:00029a90       __mtold12                  000000014002aa90 f   LIBCMTD:_mantold_.obj
 0001:00029c84       RtlLookupFunctionEntry     000000014002ac84 f   kernel32:KERNEL32.dll
 0001:00029c8a       RtlUnwindEx                000000014002ac8a f   kernel32:KERNEL32.dll
 0001:00029c90       RtlVirtualUnwind           000000014002ac90 f   kernel32:KERNEL32.dll
 0001:00029c96       RtlPcToFileHeader          000000014002ac96 f   kernel32:KERNEL32.dll
 0002:00000000       __imp_GetCurrentProcess    000000014002c000     kernel32:KERNEL32.dll
 0002:00000008       __imp_CreateFileW          000000014002c008     kernel32:KERNEL32.dll
 0002:00000010       __imp_CloseHandle          000000014002c010     kernel32:KERNEL32.dll
 0002:00000018       __imp_SetStdHandle         000000014002c018     kernel32:KERNEL32.dll
 0002:00000020       __imp_SetFilePointer       000000014002c020     kernel32:KERNEL32.dll
 0002:00000028       __imp_MultiByteToWideChar  000000014002c028     kernel32:KERNEL32.dll
 0002:00000030       __imp_LCMapStringW         000000014002c030     kernel32:KERNEL32.dll
 0002:00000038       __imp_GetStringTypeW       000000014002c038     kernel32:KERNEL32.dll
 0002:00000040       __imp_GetConsoleMode       000000014002c040     kernel32:KERNEL32.dll
 0002:00000048       __imp_GetConsoleCP         000000014002c048     kernel32:KERNEL32.dll
 0002:00000050       __imp_FlushFileBuffers     000000014002c050     kernel32:KERNEL32.dll
 0002:00000058       __imp_HeapFree             000000014002c058     kernel32:KERNEL32.dll
 0002:00000060       __imp_HeapQueryInformation 000000014002c060     kernel32:KERNEL32.dll
 0002:00000068       __imp_HeapReAlloc          000000014002c068     kernel32:KERNEL32.dll
 0002:00000070       __imp_HeapAlloc            000000014002c070     kernel32:KERNEL32.dll
 0002:00000078       __imp_OutputDebugStringW   000000014002c078     kernel32:KERNEL32.dll
 0002:00000080       __imp_OutputDebugStringA   000000014002c080     kernel32:KERNEL32.dll
 0002:00000088       __imp_IsValidCodePage      000000014002c088     kernel32:KERNEL32.dll
 0002:00000090       __imp_GetCPInfo            000000014002c090     kernel32:KERNEL32.dll
 0002:00000098       __imp_GetOEMCP             000000014002c098     kernel32:KERNEL32.dll
 0002:000000a0       __imp_GetACP               000000014002c0a0     kernel32:KERNEL32.dll
 0002:000000a8       __imp_WriteFile            000000014002c0a8     kernel32:KERNEL32.dll
 0002:000000b0       __imp_HeapCreate           000000014002c0b0     kernel32:KERNEL32.dll
 0002:000000b8       __imp_GetVersion           000000014002c0b8     kernel32:KERNEL32.dll
 0002:000000c0       __imp_HeapSetInformation   000000014002c0c0     kernel32:KERNEL32.dll
 0002:000000c8       __imp_GetStartupInfoW      000000014002c0c8     kernel32:KERNEL32.dll
 0002:000000d0       __imp_SetHandleCount       000000014002c0d0     kernel32:KERNEL32.dll
 0002:000000d8       __imp_GetEnvironmentStringsW 000000014002c0d8     kernel32:KERNEL32.dll
 0002:000000e0       __imp_WideCharToMultiByte  000000014002c0e0     kernel32:KERNEL32.dll
 0002:000000e8       __imp_FreeEnvironmentStringsW 000000014002c0e8     kernel32:KERNEL32.dll
 0002:000000f0       __imp_GetSystemTimeAsFileTime 000000014002c0f0     kernel32:KERNEL32.dll
 0002:000000f8       __imp_GetCurrentProcessId  000000014002c0f8     kernel32:KERNEL32.dll
 0002:00000100       __imp_GetTickCount         000000014002c100     kernel32:KERNEL32.dll
 0002:00000108       __imp_QueryPerformanceCounter 000000014002c108     kernel32:KERNEL32.dll
 0002:00000110       __imp_LoadLibraryW         000000014002c110     kernel32:KERNEL32.dll
 0002:00000118       __imp_ExitProcess          000000014002c118     kernel32:KERNEL32.dll
 0002:00000120       __imp_CompareFileTime      000000014002c120     kernel32:KERNEL32.dll
 0002:00000128       __imp_GetModuleFileNameA   000000014002c128     kernel32:KERNEL32.dll
 0002:00000130       __imp_GetFileAttributesExA 000000014002c130     kernel32:KERNEL32.dll
 0002:00000138       __imp_GetProcAddress       000000014002c138     kernel32:KERNEL32.dll
 0002:00000140       __imp_LoadLibraryA         000000014002c140     kernel32:KERNEL32.dll
 0002:00000148       __imp_CopyFileA            000000014002c148     kernel32:KERNEL32.dll
 0002:00000150       __imp_FreeLibrary          000000014002c150     kernel32:KERNEL32.dll
 0002:00000158       __imp_InitializeCriticalSection 000000014002c158     kernel32:KERNEL32.dll
 0002:00000160       __imp_DeleteCriticalSection 000000014002c160     kernel32:KERNEL32.dll
 0002:00000168       __imp_EnterCriticalSection 000000014002c168     kernel32:KERNEL32.dll
 0002:00000170       __imp_LeaveCriticalSection 000000014002c170     kernel32:KERNEL32.dll
 0002:00000178       __imp_RtlLookupFunctionEntry 000000014002c178     kernel32:KERNEL32.dll
 0002:00000180       __imp_RtlUnwindEx          000000014002c180     kernel32:KERNEL32.dll
 0002:00000188       __imp_EncodePointer        000000014002c188     kernel32:KERNEL32.dll
 0002:00000190       __imp_DecodePointer        000000014002c190     kernel32:KERNEL32.dll
 0002:00000198       __imp_GetModuleFileNameW   000000014002c198     kernel32:KERNEL32.dll
 0002:000001a0       __imp_WriteConsoleW        000000014002c1a0     kernel32:KERNEL32.dll
 0002:000001a8       __imp_GetFileType          000000014002c1a8     kernel32:KERNEL32.dll
 0002:000001b0       __imp_GetStdHandle         000000014002c1b0     kernel32:KERNEL32.dll
 0002:000001b8       __imp_GetCommandLineA      000000014002c1b8     kernel32:KERNEL32.dll
 0002:000001c0       __imp_TerminateProcess     000000014002c1c0     kernel32:KERNEL32.dll
 0002:000001c8       __imp_UnhandledExceptionFilter 000000014002c1c8     kernel32:KERNEL32.dll
 0002:000001d0       __imp_SetUnhandledExceptionFilter 000000014002c1d0     kernel32:KERNEL32.dll
 0002:000001d8       __imp_IsDebuggerPresent    000000014002c1d8     kernel32:KERNEL32.dll
 0002:000001e0       __imp_RtlVirtualUnwind     000000014002c1e0     kernel32:KERNEL32.dll
 0002:000001e8       __imp_RtlCaptureContext    000000014002c1e8     kernel32:KERNEL32.dll
 0002:000001f0       __imp_FlsGetValue          000000014002c1f0     kernel32:KERNEL32.dll
 0002:000001f8       __imp_FlsSetValue          000000014002c1f8     kernel32:KERNEL32.dll
 0002:00000200       __imp_GetCurrentThreadId   000000014002c200     kernel32:KERNEL32.dll
 0002:00000208       __imp_FlsAlloc             000000014002c208     kernel32:KERNEL32.dll
 0002:00000210       __imp_FlsFree              000000014002c210     kernel32:KERNEL32.dll
 0002:00000218       __imp_SetLastError         000000014002c218     kernel32:KERNEL32.dll
 0002:00000220       __imp_GetLastError         000000014002c220     kernel32:KERNEL32.dll
 0002:00000228       __imp_RaiseException       000000014002c228     kernel32:KERNEL32.dll
 0002:00000230       __imp_RtlPcToFileHeader    000000014002c230     kernel32:KERNEL32.dll
 0002:00000238       __imp_InitializeCriticalSectionAndSpinCount 000000014002c238     kernel32:KERNEL32.dll
 0002:00000240       __imp_HeapSize             000000014002c240     kernel32:KERNEL32.dll
 0002:00000248       __imp_HeapValidate         000000014002c248     kernel32:KERNEL32.dll
 0002:00000250       __imp_IsBadReadPtr         000000014002c250     kernel32:KERNEL32.dll
 0002:00000258       __imp_GetModuleHandleW     000000014002c258     kernel32:KERNEL32.dll
 0002:00000260       \177KERNEL32_NULL_THUNK_DATA 000000014002c260     kernel32:KERNEL32.dll
 0002:00000268       __imp_SDL_DestroyWindow    000000014002c268     SDL2:SDL2.dll
 0002:00000270       __imp_SDL_FreeSurface      000000014002c270     SDL2:SDL2.dll
 0002:00000278       __imp_SDL_RenderCopy       000000014002c278     SDL2:SDL2.dll
 0002:00000280       __imp_SDL_CreateTextureFromSurface 000000014002c280     SDL2:SDL2.dll
 0002:00000288       __imp_SDL_GetKeyboardState 000000014002c288     SDL2:SDL2.dll
 0002:00000290       __imp_SDL_RenderSetLogicalSize 000000014002c290     SDL2:SDL2.dll
 0002:00000298       __imp_SDL_SetRenderDrawColor 000000014002c298     SDL2:SDL2.dll
 0002:000002a0       __imp_SDL_CreateRenderer   000000014002c2a0     SDL2:SDL2.dll
 0002:000002a8       __imp_SDL_CreateWindow     000000014002c2a8     SDL2:SDL2.dll
 0002:000002b0       __imp_SDL_JoystickOpen     000000014002c2b0     SDL2:SDL2.dll
 0002:000002b8       __imp_SDL_GameControllerGetJoystick 000000014002c2b8     SDL2:SDL2.dll
 0002:000002c0       __imp_SDL_GameControllerOpen 000000014002c2c0     SDL2:SDL2.dll
 0002:000002c8       __imp_SDL_RenderCopyEx     000000014002c2c8     SDL2:SDL2.dll
 0002:000002d0       __imp_SDL_SetTextureAlphaMod 000000014002c2d0     SDL2:SDL2.dll
 0002:000002d8       __imp_SDL_SetTextureBlendMode 000000014002c2d8     SDL2:SDL2.dll
 0002:000002e0       __imp_SDL_SetTextureColorMod 000000014002c2e0     SDL2:SDL2.dll
 0002:000002e8       __imp_SDL_MapRGB           000000014002c2e8     SDL2:SDL2.dll
 0002:000002f0       __imp_SDL_SetColorKey      000000014002c2f0     SDL2:SDL2.dll
 0002:000002f8       __imp_SDL_DestroyRenderer  000000014002c2f8     SDL2:SDL2.dll
 0002:00000300       __imp_SDL_DestroyTexture   000000014002c300     SDL2:SDL2.dll
 0002:00000308       __imp_SDL_Quit             000000014002c308     SDL2:SDL2.dll
 0002:00000310       __imp_SDL_Init             000000014002c310     SDL2:SDL2.dll
 0002:00000318       __imp_SDL_GetError         000000014002c318     SDL2:SDL2.dll
 0002:00000320       __imp_SDL_SetHint          000000014002c320     SDL2:SDL2.dll
 0002:00000328       __imp_SDL_RWFromFile       000000014002c328     SDL2:SDL2.dll
 0002:00000330       __imp_SDL_GameControllerAddMappingsFromRW 000000014002c330     SDL2:SDL2.dll
 0002:00000338       __imp_SDL_NumJoysticks     000000014002c338     SDL2:SDL2.dll
 0002:00000340       __imp_SDL_IsGameController 000000014002c340     SDL2:SDL2.dll
 0002:00000348       \177SDL2_NULL_THUNK_DATA   000000014002c348     SDL2:SDL2.dll
 0002:00000350       __imp_IMG_Load             000000014002c350     SDL2_image:SDL2_image.dll
 0002:00000358       __imp_IMG_Init             000000014002c358     SDL2_image:SDL2_image.dll
 0002:00000360       \177SDL2_image_NULL_THUNK_DATA 000000014002c360     SDL2_image:SDL2_image.dll
 0002:00000368       __imp_Mix_OpenAudio        000000014002c368     SDL2_mixer:SDL2_mixer.dll
 0002:00000370       \177SDL2_mixer_NULL_THUNK_DATA 000000014002c370     SDL2_mixer:SDL2_mixer.dll
 0002:00000378       __xc_a                     000000014002c378     LIBCMTD:crt0init.obj
 0002:00000398       __xc_z                     000000014002c398     LIBCMTD:crt0init.obj
 0002:000003a0       __xi_a                     000000014002c3a0     LIBCMTD:crt0init.obj
 0002:000003c8       __xi_z                     000000014002c3c8     LIBCMTD:crt0init.obj
 0002:000003d0       __xp_a                     000000014002c3d0     LIBCMTD:crt0init.obj
 0002:000003f0       __xp_z                     000000014002c3f0     LIBCMTD:crt0init.obj
 0002:000003f8       __xt_a                     000000014002c3f8     LIBCMTD:crt0init.obj
 0002:00000400       __xt_z                     000000014002c400     LIBCMTD:crt0init.obj
 0002:00000788       ??_C@_1O@GKDHFACN@?$AAp?$AAr?$AAi?$AAn?$AAt?$AAf?$AA?$AA@ 000000014002c788     LIBCMTD:printf.obj
 0002:000007a0       ??_C@_1GK@NJMLMCDB@?$AAf?$AA?3?$AA?2?$AAd?$AAd?$AA?2?$AAv?$AAc?$AAt?$AAo?$AAo?$AAl?$AAs?$AA?2?$AAc?$AAr?$AAt?$AA_?$AAb?$AAl?$AAd?$AA?2?$AAs?$AAe?$AAl?$AAf?$AA_?$AA6?$AA4?$AA_?$AAa?$AAm@ 000000014002c7a0     LIBCMTD:printf.obj
 0002:00000810       ??_C@_1CC@MGIEJOME@?$AA?$CI?$AAf?$AAo?$AAr?$AAm?$AAa?$AAt?$AA?5?$AA?$CB?$AA?$DN?$AA?5?$AAN?$AAU?$AAL?$AAL?$AA?$CJ?$AA?$AA@ 000000014002c810     LIBCMTD:printf.obj
 0002:000008e0       ??_C@_1GO@IECEPLPI@?$AAf?$AA?3?$AA?2?$AAd?$AAd?$AA?2?$AAv?$AAc?$AAt?$AAo?$AAo?$AAl?$AAs?$AA?2?$AAc?$AAr?$AAt?$AA_?$AAb?$AAl?$AAd?$AA?2?$AAs?$AAe?$AAl?$AAf?$AA_?$AA6?$AA4?$AA_?$AAa?$AAm@ 000000014002c8e0     LIBCMTD:dbgdel.obj
 0002:00000950       ??_C@_1EO@LHDAJOCM@?$AA_?$AAB?$AAL?$AAO?$AAC?$AAK?$AA_?$AAT?$AAY?$AAP?$AAE?$AA_?$AAI?$AAS?$AA_?$AAV?$AAA?$AAL?$AAI?$AAD?$AA?$CI?$AAp?$AAH?$AAe?$AAa?$AAd?$AA?9?$AA?$DO?$AAn?$AAB?$AAl?$AAo@ 000000014002c950     LIBCMTD:dbgdel.obj
 0002:000009a0       ??_C@_0DF@GEIKHPOC@f?3?2dd?2vctools?2crt_bld?2self_64_am@ 000000014002c9a0     LIBCMTD:onexit.obj
 0002:000009d8       ??_C@_15IABLJNFO@?$AA?6?$AA?6?$AA?$AA@ 000000014002c9d8     LIBCMTD:wassert.obj
 0002:000009e0       ??_C@_13LBAGMAIH@?$AA?6?$AA?$AA@ 000000014002c9e0     LIBCMTD:wassert.obj
 0002:000009e8       ??_C@_17LGKOMLJ@?$AA?4?$AA?4?$AA?4?$AA?$AA@ 000000014002c9e8     LIBCMTD:wassert.obj
 0002:000009f0       ??_C@_1EK@MBDPDCGA@?$AAM?$AAi?$AAc?$AAr?$AAo?$AAs?$AAo?$AAf?$AAt?$AA?5?$AAV?$AAi?$AAs?$AAu?$AAa?$AAl?$AA?5?$AAC?$AA?$CL?$AA?$CL?$AA?5?$AAR?$AAu?$AAn?$AAt?$AAi?$AAm?$AAe?$AA?5?$AAL?$AAi?$AAb@ 000000014002c9f0     LIBCMTD:wassert.obj
 0002:00000a40       ??_C@_1LO@HBAMOOPN@?$AAw?$AAc?$AAs?$AAc?$AAa?$AAt?$AA_?$AAs?$AA?$CI?$AAa?$AAs?$AAs?$AAe?$AAr?$AAt?$AAb?$AAu?$AAf?$AA?0?$AA?5?$AA?$CI?$AA6?$AA0?$AA?5?$AA?$CK?$AA?5?$AA9?$AA?$CJ?$AA?0?$AA?5?$AAL?$AA?$CC@ 000000014002ca40     LIBCMTD:wassert.obj
 0002:00000b00       ??_C@_1HK@POCJMFGK@?$AA?$CI?$AAP?$AAr?$AAe?$AAs?$AAs?$AA?5?$AAR?$AAe?$AAt?$AAr?$AAy?$AA?5?$AAt?$AAo?$AA?5?$AAd?$AAe?$AAb?$AAu?$AAg?$AA?5?$AAt?$AAh?$AAe?$AA?5?$AAa?$AAp?$AAp?$AAl?$AAi?$AAc@ 000000014002cb00     LIBCMTD:wassert.obj
 0002:00000b80       ??_C@_1FG@GMPCGFKH@?$AAw?$AAc?$AAs?$AAc?$AAa?$AAt?$AA_?$AAs?$AA?$CI?$AAa?$AAs?$AAs?$AAe?$AAr?$AAt?$AAb?$AAu?$AAf?$AA?0?$AA?5?$AA?$CI?$AA6?$AA0?$AA?5?$AA?$CK?$AA?5?$AA9?$AA?$CJ?$AA?0?$AA?5?$AAd?$AAb@ 000000014002cb80     LIBCMTD:wassert.obj
 0002:00000be0       ??_C@_1BCO@FMFFDPPF@?$AAw?$AAc?$AAs?$AAc?$AAa?$AAt?$AA_?$AAs?$AA?$CI?$AAa?$AAs?$AAs?$AAe?$AAr?$AAt?$AAb?$AAu?$AAf?$AA?0?$AA?5?$AA?$CI?$AA6?$AA0?$AA?5?$AA?$CK?$AA?5?$AA9?$AA?$CJ?$AA?0?$AA?5?$AAL?$AA?$CC@ 000000014002cbe0     LIBCMTD:wassert.obj
 0002:00000d10       ??_C@_1OA@EGMLFBHJ@?$AAF?$AAo?$AAr?$AA?5?$AAi?$AAn?$AAf?$AAo?$AAr?$AAm?$AAa?$AAt?$AAi?$AAo?$AAn?$AA?5?$AAo?$AAn?$AA?5?$AAh?$AAo?$AAw?$AA?5?$AAy?$AAo?$AAu?$AAr?$AA?5?$AAp?$AAr?$AAo?$AAg@ 000000014002cd10     LIBCMTD:wassert.obj
 0002:00000df0       ??_C@_1EM@MBEKCGIC@?$AAw?$AAc?$AAs?$AAc?$AAa?$AAt?$AA_?$AAs?$AA?$CI?$AA?5?$AAa?$AAs?$AAs?$AAe?$AAr?$AAt?$AAb?$AAu?$AAf?$AA?0?$AA?5?$AA?$CI?$AA6?$AA0?$AA?5?$AA?$CK?$AA?5?$AA9?$AA?$CJ?$AA?0?$AA?5?$AAe@ 000000014002cdf0     LIBCMTD:wassert.obj
 0002:00000e40       ??_C@_1CHM@CEIMNDLH@?$AAw?$AAc?$AAs?$AAn?$AAc?$AAa?$AAt?$AA_?$AAs?$AA?$CI?$AA?5?$AAa?$AAs?$AAs?$AAe?$AAr?$AAt?$AAb?$AAu?$AAf?$AA?0?$AA?5?$AA?$CI?$AA6?$AA0?$AA?5?$AA?$CK?$AA?5?$AA9?$AA?$CJ?$AA?0?$AA?5@ 000000014002ce40     LIBCMTD:wassert.obj
 0002:000010c0       ??_C@_1GC@HOBBPFHJ@?$AAw?$AAc?$AAs?$AAc?$AAa?$AAt?$AA_?$AAs?$AA?$CI?$AA?5?$AAa?$AAs?$AAs?$AAe?$AAr?$AAt?$AAb?$AAu?$AAf?$AA?0?$AA?5?$AA?$CI?$AA6?$AA0?$AA?5?$AA?$CK?$AA?5?$AA9?$AA?$CJ?$AA?0?$AA?5?$AAL@ 000000014002d0c0     LIBCMTD:wassert.obj
 0002:00001128       ??_C@_1BK@PEDCIPMA@?$AAE?$AAx?$AAp?$AAr?$AAe?$AAs?$AAs?$AAi?$AAo?$AAn?$AA?3?$AA?5?$AA?$AA@ 000000014002d128     LIBCMTD:wassert.obj
 0002:00001150       ??_C@_1KG@CFEIMPNH@?$AA_?$AAi?$AAt?$AAo?$AAw?$AA_?$AAs?$AA?$CI?$AA?5?$AAl?$AAi?$AAn?$AAe?$AAn?$AAo?$AA?0?$AA?5?$AAa?$AAs?$AAs?$AAe?$AAr?$AAt?$AAb?$AAu?$AAf?$AA?5?$AA?$CL?$AA?5?$AAw?$AAc?$AAs@ 000000014002d150     LIBCMTD:wassert.obj
 0002:00001200       ??_C@_1FG@NHDGJLMI@?$AAw?$AAc?$AAs?$AAc?$AAa?$AAt?$AA_?$AAs?$AA?$CI?$AA?5?$AAa?$AAs?$AAs?$AAe?$AAr?$AAt?$AAb?$AAu?$AAf?$AA?0?$AA?5?$AA?$CI?$AA6?$AA0?$AA?5?$AA?$CK?$AA?5?$AA9?$AA?$CJ?$AA?0?$AA?5?$AAL@ 000000014002d200     LIBCMTD:wassert.obj
 0002:00001258       ??_C@_1O@KCAFKHJE@?$AAL?$AAi?$AAn?$AAe?$AA?3?$AA?5?$AA?$AA@ 000000014002d258     LIBCMTD:wassert.obj
 0002:00001270       ??_C@_1FE@IIFBBPFI@?$AAw?$AAc?$AAs?$AAc?$AAa?$AAt?$AA_?$AAs?$AA?$CI?$AA?5?$AAa?$AAs?$AAs?$AAe?$AAr?$AAt?$AAb?$AAu?$AAf?$AA?0?$AA?5?$AA?$CI?$AA6?$AA0?$AA?5?$AA?$CK?$AA?5?$AA9?$AA?$CJ?$AA?0?$AA?5?$AAf@ 000000014002d270     LIBCMTD:wassert.obj
 0002:000012d0       ??_C@_1IC@CFFJBMAD@?$AAw?$AAc?$AAs?$AAc?$AAa?$AAt?$AA_?$AAs?$AA?$CI?$AA?5?$AAa?$AAs?$AAs?$AAe?$AAr?$AAt?$AAb?$AAu?$AAf?$AA?0?$AA?5?$AA?$CI?$AA6?$AA0?$AA?5?$AA?$CK?$AA?5?$AA9?$AA?$CJ?$AA?0?$AA?5?$AAp@ 000000014002d2d0     LIBCMTD:wassert.obj
 0002:00001360       ??_C@_1HG@OJJMBIKO@?$AAw?$AAc?$AAs?$AAn?$AAc?$AAa?$AAt?$AA_?$AAs?$AA?$CI?$AA?5?$AAa?$AAs?$AAs?$AAe?$AAr?$AAt?$AAb?$AAu?$AAf?$AA?0?$AA?5?$AA?$CI?$AA6?$AA0?$AA?5?$AA?$CK?$AA?5?$AA9?$AA?$CJ?$AA?0?$AA?5@ 000000014002d360     LIBCMTD:wassert.obj
 0002:000013e0       ??_C@_1GO@BIHLMMND@?$AAw?$AAc?$AAs?$AAn?$AAc?$AAa?$AAt?$AA_?$AAs?$AA?$CI?$AA?5?$AAa?$AAs?$AAs?$AAe?$AAr?$AAt?$AAb?$AAu?$AAf?$AA?0?$AA?5?$AA?$CI?$AA6?$AA0?$AA?5?$AA?$CK?$AA?5?$AA9?$AA?$CJ?$AA?0?$AA?5@ 000000014002d3e0     LIBCMTD:wassert.obj
 0002:00001450       ??_C@_1FO@IJLLDBEB@?$AAw?$AAc?$AAs?$AAc?$AAa?$AAt?$AA_?$AAs?$AA?$CI?$AA?5?$AAa?$AAs?$AAs?$AAe?$AAr?$AAt?$AAb?$AAu?$AAf?$AA?0?$AA?5?$AA?$CI?$AA6?$AA0?$AA?5?$AA?$CK?$AA?5?$AA9?$AA?$CJ?$AA?0?$AA?5?$AAp@ 000000014002d450     LIBCMTD:wassert.obj
 0002:000014b0       ??_C@_1FG@CLEECKIJ@?$AAw?$AAc?$AAs?$AAc?$AAa?$AAt?$AA_?$AAs?$AA?$CI?$AA?5?$AAa?$AAs?$AAs?$AAe?$AAr?$AAt?$AAb?$AAu?$AAf?$AA?0?$AA?5?$AA?$CI?$AA6?$AA0?$AA?5?$AA?$CK?$AA?5?$AA9?$AA?$CJ?$AA?0?$AA?5?$AAd@ 000000014002d4b0     LIBCMTD:wassert.obj
 0002:00001510       ??_C@_1GG@PMHOPJKA@?$AAw?$AAc?$AAs?$AAn?$AAc?$AAa?$AAt?$AA_?$AAs?$AA?$CI?$AA?5?$AAa?$AAs?$AAs?$AAe?$AAr?$AAt?$AAb?$AAu?$AAf?$AA?0?$AA?5?$AA?$CI?$AA6?$AA0?$AA?5?$AA?$CK?$AA?5?$AA9?$AA?$CJ?$AA?0?$AA?5@ 000000014002d510     LIBCMTD:wassert.obj
 0002:00001580       ??_C@_1FG@HIDBOJF@?$AAw?$AAc?$AAs?$AAc?$AAa?$AAt?$AA_?$AAs?$AA?$CI?$AA?5?$AAa?$AAs?$AAs?$AAe?$AAr?$AAt?$AAb?$AAu?$AAf?$AA?0?$AA?5?$AA?$CI?$AA6?$AA0?$AA?5?$AA?$CK?$AA?5?$AA9?$AA?$CJ?$AA?0?$AA?5?$AAL@ 000000014002d580     LIBCMTD:wassert.obj
 0002:000015d8       ??_C@_1O@HEMHKNDC@?$AAF?$AAi?$AAl?$AAe?$AA?3?$AA?5?$AA?$AA@ 000000014002d5d8     LIBCMTD:wassert.obj
 0002:000015f0       ??_C@_1FC@FFKGGIKO@?$AAw?$AAc?$AAs?$AAc?$AAa?$AAt?$AA_?$AAs?$AA?$CI?$AA?5?$AAa?$AAs?$AAs?$AAe?$AAr?$AAt?$AAb?$AAu?$AAf?$AA?0?$AA?5?$AA?$CI?$AA6?$AA0?$AA?5?$AA?$CK?$AA?5?$AA9?$AA?$CJ?$AA?0?$AA?5?$AAn@ 000000014002d5f0     LIBCMTD:wassert.obj
 0002:00001650       ??_C@_1EK@BDNABPEK@?$AAw?$AAc?$AAs?$AAc?$AAa?$AAt?$AA_?$AAs?$AA?$CI?$AA?5?$AAa?$AAs?$AAs?$AAe?$AAr?$AAt?$AAb?$AAu?$AAf?$AA?0?$AA?5?$AA?$CI?$AA6?$AA0?$AA?5?$AA?$CK?$AA?5?$AA9?$AA?$CJ?$AA?0?$AA?5?$AAp@ 000000014002d650     LIBCMTD:wassert.obj
 0002:000016a0       ??_C@_1HK@JKBDGMGN@?$AAw?$AAc?$AAs?$AAn?$AAc?$AAp?$AAy?$AA_?$AAs?$AA?$CI?$AA?5?$AAp?$AAc?$AAh?$AA?0?$AA?5?$AA?$CI?$AA2?$AA6?$AA0?$AA?5?$AA?$CL?$AA?5?$AA1?$AA?$CJ?$AA?5?$AA?9?$AA?5?$AA?$CI?$AAp?$AAc?$AAh@ 000000014002d6a0     LIBCMTD:wassert.obj
 0002:00001720       ??_C@_1HA@EPFCONEE@?$AAw?$AAc?$AAs?$AAc?$AAp?$AAy?$AA_?$AAs?$AA?$CI?$AA?5?$AAp?$AAr?$AAo?$AAg?$AAn?$AAa?$AAm?$AAe?$AA?0?$AA?5?$AA2?$AA6?$AA0?$AA?5?$AA?$CL?$AA?5?$AA1?$AA?0?$AA?5?$AAL?$AA?$CC?$AA?$DM@ 000000014002d720     LIBCMTD:wassert.obj
 0002:00001790       ??_C@_1CO@EAEJAADC@?$AA?$DM?$AAp?$AAr?$AAo?$AAg?$AAr?$AAa?$AAm?$AA?5?$AAn?$AAa?$AAm?$AAe?$AA?5?$AAu?$AAn?$AAk?$AAn?$AAo?$AAw?$AAn?$AA?$DO?$AA?$AA@ 000000014002d790     LIBCMTD:wassert.obj
 0002:000017c0       ??_C@_1FM@LKICECBD@?$AAw?$AAc?$AAs?$AAc?$AAa?$AAt?$AA_?$AAs?$AA?$CI?$AA?5?$AAa?$AAs?$AAs?$AAe?$AAr?$AAt?$AAb?$AAu?$AAf?$AA?0?$AA?5?$AA?$CI?$AA6?$AA0?$AA?5?$AA?$CK?$AA?5?$AA9?$AA?$CJ?$AA?0?$AA?5?$AAL@ 000000014002d7c0     LIBCMTD:wassert.obj
 0002:00001820       ??_C@_1BE@PHKBBGE@?$AAP?$AAr?$AAo?$AAg?$AAr?$AAa?$AAm?$AA?3?$AA?5?$AA?$AA@ 000000014002d820     LIBCMTD:wassert.obj
 0002:00001840       ??_C@_1FI@JIGMFG@?$AAw?$AAc?$AAs?$AAc?$AAa?$AAt?$AA_?$AAs?$AA?$CI?$AA?5?$AAa?$AAs?$AAs?$AAe?$AAr?$AAt?$AAb?$AAu?$AAf?$AA?0?$AA?5?$AA?$CI?$AA6?$AA0?$AA?5?$AA?$CK?$AA?5?$AA9?$AA?$CJ?$AA?0?$AA?5?$AAd@ 000000014002d840     LIBCMTD:wassert.obj
 0002:000018a0       ??_C@_1GM@EFCJNBAA@?$AAw?$AAc?$AAs?$AAc?$AAp?$AAy?$AA_?$AAs?$AA?$CI?$AA?5?$AAa?$AAs?$AAs?$AAe?$AAr?$AAt?$AAb?$AAu?$AAf?$AA?0?$AA?5?$AA?$CI?$AA6?$AA0?$AA?5?$AA?$CK?$AA?5?$AA9?$AA?$CJ?$AA?0?$AA?5?$AAL@ 000000014002d8a0     LIBCMTD:wassert.obj
 0002:00001910       ??_C@_1BC@LNOOMFNA@?$AA_?$AAw?$AAa?$AAs?$AAs?$AAe?$AAr?$AAt?$AA?$AA@ 000000014002d910     LIBCMTD:wassert.obj
 0002:00001930       ??_C@_1GK@EAMFLNLB@?$AAf?$AA?3?$AA?2?$AAd?$AAd?$AA?2?$AAv?$AAc?$AAt?$AAo?$AAo?$AAl?$AAs?$AA?2?$AAc?$AAr?$AAt?$AA_?$AAb?$AAl?$AAd?$AA?2?$AAs?$AAe?$AAl?$AAf?$AA_?$AA6?$AA4?$AA_?$AAa?$AAm@ 000000014002d930     LIBCMTD:wassert.obj
 0002:000019a0       ??_C@_1CE@OJBNHDMO@?$AAA?$AAs?$AAs?$AAe?$AAr?$AAt?$AAi?$AAo?$AAn?$AA?5?$AAf?$AAa?$AAi?$AAl?$AAe?$AAd?$AA?$CB?$AA?$AA@ 000000014002d9a0     LIBCMTD:wassert.obj
 0002:000019c8       _FPinit                    000000014002d9c8     LIBCMTD:_fpinit_.obj
 0002:000019d0       ??_C@_0DE@PMGNLEO@f?3?2dd?2vctools?2crt_bld?2self_64_am@ 000000014002d9d0     LIBCMTD:_file.obj
 0002:00001a08       ??_C@_0DG@NKGMMPE@f?3?2dd?2vctools?2crt_bld?2self_64_am@ 000000014002da08     LIBCMTD:_sftbuf.obj
 0002:00001a40       ??_C@_1GM@EPPIIABD@?$AAf?$AA?3?$AA?2?$AAd?$AAd?$AA?2?$AAv?$AAc?$AAt?$AAo?$AAo?$AAl?$AAs?$AA?2?$AAc?$AAr?$AAt?$AA_?$AAb?$AAl?$AAd?$AA?2?$AAs?$AAe?$AAl?$AAf?$AA_?$AA6?$AA4?$AA_?$AAa?$AAm@ 000000014002da40     LIBCMTD:_sftbuf.obj
 0002:00001ab0       ??_C@_1BI@MFCLPIBM@?$AAs?$AAt?$AAr?$AA?5?$AA?$CB?$AA?$DN?$AA?5?$AAN?$AAU?$AAL?$AAL?$AA?$AA@ 000000014002dab0     LIBCMTD:_sftbuf.obj
 0002:00001ac8       ??_C@_1CO@KCKAACMI@?$AAf?$AAl?$AAa?$AAg?$AA?5?$AA?$DN?$AA?$DN?$AA?5?$AA0?$AA?5?$AA?$HM?$AA?$HM?$AA?5?$AAf?$AAl?$AAa?$AAg?$AA?5?$AA?$DN?$AA?$DN?$AA?5?$AA1?$AA?$AA@ 000000014002dac8     LIBCMTD:_sftbuf.obj
 0002:00001af8       ??_C@_1O@CEDCILHN@?$AA?$CI?$AAn?$AAu?$AAl?$AAl?$AA?$CJ?$AA?$AA@ 000000014002daf8     LIBCMTD:output.obj
 0002:00001b08       ??_C@_06OJHGLDPL@?$CInull?$CJ?$AA@ 000000014002db08     LIBCMTD:output.obj
 0002:00001b10       __lookuptable              000000014002db10     LIBCMTD:output.obj
 0002:00001b70       ??_C@_0DF@MNLBDNAL@f?3?2dd?2vctools?2crt_bld?2self_64_am@ 000000014002db70     LIBCMTD:output.obj
 0002:00001bb0       ??_C@_1EK@PNGFDECN@?$AA?$CI?$AA?$CC?$AA?8?$AAn?$AA?8?$AA?5?$AAf?$AAo?$AAr?$AAm?$AAa?$AAt?$AA?5?$AAs?$AAp?$AAe?$AAc?$AAi?$AAf?$AAi?$AAe?$AAr?$AA?5?$AAd?$AAi?$AAs?$AAa?$AAb?$AAl?$AAe?$AAd?$AA?$CC@ 000000014002dbb0     LIBCMTD:output.obj
 0002:00001c00       ??_C@_1CC@IFFHEMNF@?$AA?$CI?$AAc?$AAh?$AA?5?$AA?$CB?$AA?$DN?$AA?5?$AA_?$AAT?$AA?$CI?$AA?8?$AA?2?$AA0?$AA?8?$AA?$CJ?$AA?$CJ?$AA?$AA@ 000000014002dc00     LIBCMTD:output.obj
 0002:00001c30       ??_C@_1BAA@ODEGEDCK@?$AA?$CI?$AA?5?$AA?$CI?$AA_?$AAS?$AAt?$AAr?$AAe?$AAa?$AAm?$AA?9?$AA?$DO?$AA_?$AAf?$AAl?$AAa?$AAg?$AA?5?$AA?$CG?$AA?5?$AA_?$AAI?$AAO?$AAS?$AAT?$AAR?$AAG?$AA?$CJ?$AA?5?$AA?$HM?$AA?$HM?$AA?5@ 000000014002dc30     LIBCMTD:output.obj
 0002:00001d30       ??_C@_1BE@IONLIDNC@?$AA_?$AAo?$AAu?$AAt?$AAp?$AAu?$AAt?$AA_?$AAl?$AA?$AA@ 000000014002dd30     LIBCMTD:output.obj
 0002:00001d50       ??_C@_1GK@BJNDONIJ@?$AAf?$AA?3?$AA?2?$AAd?$AAd?$AA?2?$AAv?$AAc?$AAt?$AAo?$AAo?$AAl?$AAs?$AA?2?$AAc?$AAr?$AAt?$AA_?$AAb?$AAl?$AAd?$AA?2?$AAs?$AAe?$AAl?$AAf?$AA_?$AA6?$AA4?$AA_?$AAa?$AAm@ 000000014002dd50     LIBCMTD:output.obj
 0002:00001dc0       ??_C@_1CC@FADMNIL@?$AA?$CI?$AAs?$AAt?$AAr?$AAe?$AAa?$AAm?$AA?5?$AA?$CB?$AA?$DN?$AA?5?$AAN?$AAU?$AAL?$AAL?$AA?$CJ?$AA?$AA@ 000000014002ddc0     LIBCMTD:output.obj
 0002:00001de8       ??_C@_1CC@CGHMNGDG@?$AAA?$AAs?$AAs?$AAe?$AAr?$AAt?$AAi?$AAo?$AAn?$AA?5?$AAF?$AAa?$AAi?$AAl?$AAe?$AAd?$AA?$AA@ 000000014002dde8     LIBCMTD:dbgrptw.obj
 0002:00001e10       ??_C@_1M@ILHOPKA@?$AAE?$AAr?$AAr?$AAo?$AAr?$AA?$AA@ 000000014002de10     LIBCMTD:dbgrptw.obj
 0002:00001e20       ??_C@_1BA@GLMCNLEM@?$AAW?$AAa?$AAr?$AAn?$AAi?$AAn?$AAg?$AA?$AA@ 000000014002de20     LIBCMTD:dbgrptw.obj
 0002:00001e50       ??_C@_1GK@OPBLBEGA@?$AAf?$AA?3?$AA?2?$AAd?$AAd?$AA?2?$AAv?$AAc?$AAt?$AAo?$AAo?$AAl?$AAs?$AA?2?$AAc?$AAr?$AAt?$AA_?$AAb?$AAl?$AAd?$AA?2?$AAs?$AAe?$AAl?$AAf?$AA_?$AA6?$AA4?$AA_?$AAa?$AAm@ 000000014002de50     LIBCMTD:dbgrptw.obj
 0002:00001ec0       ??_C@_1EG@PEOEAKBB@?$AAM?$AAi?$AAc?$AAr?$AAo?$AAs?$AAo?$AAf?$AAt?$AA?5?$AAV?$AAi?$AAs?$AAu?$AAa?$AAl?$AA?5?$AAC?$AA?$CL?$AA?$CL?$AA?5?$AAD?$AAe?$AAb?$AAu?$AAg?$AA?5?$AAL?$AAi?$AAb?$AAr?$AAa@ 000000014002dec0     LIBCMTD:dbgrptw.obj
 0002:00001f10       ??_C@_1JI@EACPGHID@?$AAw?$AAc?$AAs?$AAc?$AAp?$AAy?$AA_?$AAs?$AA?$CI?$AAs?$AAz?$AAO?$AAu?$AAt?$AAM?$AAe?$AAs?$AAs?$AAa?$AAg?$AAe?$AA?0?$AA?5?$AA4?$AA0?$AA9?$AA6?$AA?0?$AA?5?$AAL?$AA?$CC?$AA_@ 000000014002df10     LIBCMTD:dbgrptw.obj
 0002:00001fb0       ??_C@_1FG@BBOLDHGF@?$AA_?$AAC?$AAr?$AAt?$AAD?$AAb?$AAg?$AAR?$AAe?$AAp?$AAo?$AAr?$AAt?$AA?3?$AA?5?$AAS?$AAt?$AAr?$AAi?$AAn?$AAg?$AA?5?$AAt?$AAo?$AAo?$AA?5?$AAl?$AAo?$AAn?$AAg?$AA?5?$AAo@ 000000014002dfb0     LIBCMTD:dbgrptw.obj
 0002:00002008       ??_C@_1BI@KALLJECN@?$AA?$CI?$AA?$CK?$AA_?$AAe?$AAr?$AAr?$AAn?$AAo?$AA?$CI?$AA?$CJ?$AA?$CJ?$AA?$AA@ 000000014002e008     LIBCMTD:dbgrptw.obj
 0002:00002020       ??_C@_1KK@MEFMPOLM@?$AAD?$AAe?$AAb?$AAu?$AAg?$AA?5?$AA?$CF?$AAs?$AA?$CB?$AA?6?$AA?6?$AAP?$AAr?$AAo?$AAg?$AAr?$AAa?$AAm?$AA?3?$AA?5?$AA?$CF?$AAs?$AA?$CF?$AAs?$AA?$CF?$AAs?$AA?$CF?$AAs?$AA?$CF?$AAs?$AA?$CF?$AAs@ 000000014002e020     LIBCMTD:dbgrptw.obj
 0002:000020d0       ??_C@_1BE@CGCJKGHI@?$AA?6?$AAM?$AAo?$AAd?$AAu?$AAl?$AAe?$AA?3?$AA?5?$AA?$AA@ 000000014002e0d0     LIBCMTD:dbgrptw.obj
 0002:000020e8       ??_C@_1BA@LNHECFIM@?$AA?6?$AAF?$AAi?$AAl?$AAe?$AA?3?$AA?5?$AA?$AA@ 000000014002e0e8     LIBCMTD:dbgrptw.obj
 0002:000020f8       ??_C@_1BA@GLLGCPCK@?$AA?6?$AAL?$AAi?$AAn?$AAe?$AA?3?$AA?5?$AA?$AA@ 000000014002e0f8     LIBCMTD:dbgrptw.obj
 0002:00002108       ??_C@_11LOCGONAA@?$AA?$AA@ 000000014002e108     LIBCMTD:dbgrptw.obj
 0002:00002110       ??_C@_1OG@PMPPFHAF@?$AA?6?$AA?6?$AAF?$AAo?$AAr?$AA?5?$AAi?$AAn?$AAf?$AAo?$AAr?$AAm?$AAa?$AAt?$AAi?$AAo?$AAn?$AA?5?$AAo?$AAn?$AA?5?$AAh?$AAo?$AAw?$AA?5?$AAy?$AAo?$AAu?$AAr?$AA?5?$AAp?$AAr@ 000000014002e110     LIBCMTD:dbgrptw.obj
 0002:00002200       ??_C@_1NO@LECLLHOL@?$AAm?$AAe?$AAm?$AAc?$AAp?$AAy?$AA_?$AAs?$AA?$CI?$AAs?$AAz?$AAS?$AAh?$AAo?$AAr?$AAt?$AAP?$AAr?$AAo?$AAg?$AAN?$AAa?$AAm?$AAe?$AA?0?$AA?5?$AAs?$AAi?$AAz?$AAe?$AAo?$AAf@ 000000014002e200     LIBCMTD:dbgrptw.obj
 0002:000022e0       ??_C@_1GI@DEDNNLCI@?$AAw?$AAc?$AAs?$AAc?$AAp?$AAy?$AA_?$AAs?$AA?$CI?$AAs?$AAz?$AAE?$AAx?$AAe?$AAN?$AAa?$AAm?$AAe?$AA?0?$AA?5?$AA2?$AA6?$AA0?$AA?0?$AA?5?$AAL?$AA?$CC?$AA?$DM?$AAp?$AAr?$AAo?$AAg@ 000000014002e2e0     LIBCMTD:dbgrptw.obj
 0002:00002348       ??_C@_1CI@PGJIFDEK@?$AA_?$AA_?$AAc?$AAr?$AAt?$AAM?$AAe?$AAs?$AAs?$AAa?$AAg?$AAe?$AAW?$AAi?$AAn?$AAd?$AAo?$AAw?$AAW?$AA?$AA@ 000000014002e348     LIBCMTD:dbgrptw.obj
 0002:00002380       ??_C@_0DH@BOBGGICJ@f?3?2dd?2vctools?2crt_bld?2self_64_am@ 000000014002e380     LIBCMTD:tidtable.obj
 0002:000023b8       _pDestructExceptionObject  000000014002e3b8     LIBCMTD:frame.obj
 0002:000023c0       ??_C@_0O@DPKOEFFH@bad?5exception?$AA@ 000000014002e3c0     LIBCMTD:frame.obj
 0002:000023d8       ??_7bad_exception@std@@6B@ 000000014002e3d8     LIBCMTD:frame.obj
 0002:000023e8       ??_C@_0DE@NIIINDPP@f?3?2dd?2vctools?2crt_bld?2self_64_am@ 000000014002e3e8     LIBCMTD:mlock.obj
 0002:0000241c       ??_C@_06PJIGMIJB@Client?$AA@ 000000014002e41c     LIBCMTD:dbgheap.obj
 0002:00002424       ??_C@_06KMEJCCGM@Ignore?$AA@ 000000014002e424     LIBCMTD:dbgheap.obj
 0002:0000242c       ??_C@_03OGPFLFLO@CRT?$AA@  000000014002e42c     LIBCMTD:dbgheap.obj
 0002:00002430       ??_C@_06EFAGIKOH@Normal?$AA@ 000000014002e430     LIBCMTD:dbgheap.obj
 0002:00002438       ??_C@_04HJMOFLDF@Free?$AA@ 000000014002e438     LIBCMTD:dbgheap.obj
 0002:00002468       ??_C@_0DC@JEMAGEKG@Error?3?5memory?5allocation?3?5bad?5me@ 000000014002e468     LIBCMTD:dbgheap.obj
 0002:000024a0       ??_C@_0CF@BICKFLAF@Invalid?5allocation?5size?3?5?$CFIu?5byt@ 000000014002e4a0     LIBCMTD:dbgheap.obj
 0002:000024c8       ??_C@_02DKCKIIND@?$CFs?$AA@ 000000014002e4c8     LIBCMTD:dbgheap.obj
 0002:000024d0       ??_C@_0CB@CCLOLAHO@Client?5hook?5allocation?5failure?4?6@ 000000014002e4d0     LIBCMTD:dbgheap.obj
 0002:000024f8       ??_C@_0DF@BBEGIFEK@Client?5hook?5allocation?5failure?5a@ 000000014002e4f8     LIBCMTD:dbgheap.obj
 0002:00002530       ??_C@_1GM@EEGHMGNN@?$AAf?$AA?3?$AA?2?$AAd?$AAd?$AA?2?$AAv?$AAc?$AAt?$AAo?$AAo?$AAl?$AAs?$AA?2?$AAc?$AAr?$AAt?$AA_?$AAb?$AAl?$AAd?$AA?2?$AAs?$AAe?$AAl?$AAf?$AA_?$AA6?$AA4?$AA_?$AAa?$AAm@ 000000014002e530     LIBCMTD:dbgheap.obj
 0002:000025a0       ??_C@_1CE@LJFEPPMP@?$AA_?$AAC?$AAr?$AAt?$AAC?$AAh?$AAe?$AAc?$AAk?$AAM?$AAe?$AAm?$AAo?$AAr?$AAy?$AA?$CI?$AA?$CJ?$AA?$AA@ 000000014002e5a0     LIBCMTD:dbgheap.obj
 0002:000025c8       ??_C@_1DE@KOOKLFBB@?$AA_?$AAp?$AAF?$AAi?$AAr?$AAs?$AAt?$AAB?$AAl?$AAo?$AAc?$AAk?$AA?5?$AA?$DN?$AA?$DN?$AA?5?$AAp?$AAO?$AAl?$AAd?$AAB?$AAl?$AAo?$AAc?$AAk?$AA?$AA@ 000000014002e5c8     LIBCMTD:dbgheap.obj
 0002:00002600       ??_C@_1DC@GEFKNOOL@?$AA_?$AAp?$AAL?$AAa?$AAs?$AAt?$AAB?$AAl?$AAo?$AAc?$AAk?$AA?5?$AA?$DN?$AA?$DN?$AA?5?$AAp?$AAO?$AAl?$AAd?$AAB?$AAl?$AAo?$AAc?$AAk?$AA?$AA@ 000000014002e600     LIBCMTD:dbgheap.obj
 0002:00002640       ??_C@_1GE@PCKLOLAO@?$AAf?$AAR?$AAe?$AAa?$AAl?$AAl?$AAo?$AAc?$AA?5?$AA?$HM?$AA?$HM?$AA?5?$AA?$CI?$AA?$CB?$AAf?$AAR?$AAe?$AAa?$AAl?$AAl?$AAo?$AAc?$AA?5?$AA?$CG?$AA?$CG?$AA?5?$AAp?$AAN?$AAe?$AAw?$AAB?$AAl@ 000000014002e640     LIBCMTD:dbgheap.obj
 0002:000026a8       ??_C@_0DA@HFBKENN@Error?3?5possible?5heap?5corruption?5@ 000000014002e6a8     LIBCMTD:dbgheap.obj
 0002:000026e0       ??_C@_1IK@DCPKDGNH@?$AAp?$AAO?$AAl?$AAd?$AAB?$AAl?$AAo?$AAc?$AAk?$AA?9?$AA?$DO?$AAn?$AAL?$AAi?$AAn?$AAe?$AA?5?$AA?$DN?$AA?$DN?$AA?5?$AAI?$AAG?$AAN?$AAO?$AAR?$AAE?$AA_?$AAL?$AAI?$AAN?$AAE?$AA?5@ 000000014002e6e0     LIBCMTD:dbgheap.obj
 0002:00002770       ??_C@_1EE@GFOPCECE@?$AA_?$AAC?$AAr?$AAt?$AAI?$AAs?$AAV?$AAa?$AAl?$AAi?$AAd?$AAH?$AAe?$AAa?$AAp?$AAP?$AAo?$AAi?$AAn?$AAt?$AAe?$AAr?$AA?$CI?$AAp?$AAU?$AAs?$AAe?$AAr?$AAD?$AAa?$AAt?$AAa@ 000000014002e770     LIBCMTD:dbgheap.obj
 0002:000027c0       ??_C@_0EM@LGFLMAGJ@The?5Block?5at?50x?$CFp?5was?5allocated?5@ 000000014002e7c0     LIBCMTD:dbgheap.obj
 0002:00002810       ??_C@_0FA@EFEIGJKG@Error?3?5memory?5allocation?3?5bad?5me@ 000000014002e810     LIBCMTD:dbgheap.obj
 0002:00002860       ??_C@_0ED@GPCPBAGP@Invalid?5allocation?5size?3?5?$CFIu?5byt@ 000000014002e860     LIBCMTD:dbgheap.obj
 0002:000028a8       ??_C@_0CE@DOFMDOL@Client?5hook?5re?9allocation?5failur@ 000000014002e8a8     LIBCMTD:dbgheap.obj
 0002:000028d0       ??_C@_0DI@KKJPDPGM@Client?5hook?5re?9allocation?5failur@ 000000014002e8d0     LIBCMTD:dbgheap.obj
 0002:00002908       ??_C@_1CE@CJACEFBA@?$AAp?$AAU?$AAs?$AAe?$AAr?$AAD?$AAa?$AAt?$AAa?$AA?5?$AA?$CB?$AA?$DN?$AA?5?$AAN?$AAU?$AAL?$AAL?$AA?$AA@ 000000014002e908     LIBCMTD:dbgheap.obj
 0002:00002930       ??_C@_1CM@MMAADDMD@?$AA_?$AAp?$AAF?$AAi?$AAr?$AAs?$AAt?$AAB?$AAl?$AAo?$AAc?$AAk?$AA?5?$AA?$DN?$AA?$DN?$AA?5?$AAp?$AAH?$AAe?$AAa?$AAd?$AA?$AA@ 000000014002e930     LIBCMTD:dbgheap.obj
 0002:00002960       ??_C@_1CK@DMAGEMBG@?$AA_?$AAp?$AAL?$AAa?$AAs?$AAt?$AAB?$AAl?$AAo?$AAc?$AAk?$AA?5?$AA?$DN?$AA?$DN?$AA?5?$AAp?$AAH?$AAe?$AAa?$AAd?$AA?$AA@ 000000014002e960     LIBCMTD:dbgheap.obj
 0002:00002990       ??_C@_1DM@ODCJIDCP@?$AAp?$AAH?$AAe?$AAa?$AAd?$AA?9?$AA?$DO?$AAn?$AAB?$AAl?$AAo?$AAc?$AAk?$AAU?$AAs?$AAe?$AA?5?$AA?$DN?$AA?$DN?$AA?5?$AAn?$AAB?$AAl?$AAo?$AAc?$AAk?$AAU?$AAs?$AAe?$AA?$AA@ 000000014002e990     LIBCMTD:dbgheap.obj
 0002:000029d0       ??_C@_1HK@HPCBMDFG@?$AAp?$AAH?$AAe?$AAa?$AAd?$AA?9?$AA?$DO?$AAn?$AAL?$AAi?$AAn?$AAe?$AA?5?$AA?$DN?$AA?$DN?$AA?5?$AAI?$AAG?$AAN?$AAO?$AAR?$AAE?$AA_?$AAL?$AAI?$AAN?$AAE?$AA?5?$AA?$CG?$AA?$CG?$AA?5?$AAp@ 000000014002e9d0     LIBCMTD:dbgheap.obj
 0002:00002a50       ??_C@_0IG@LEMBDCJK@HEAP?5CORRUPTION?5DETECTED?3?5after?5@ 000000014002ea50     LIBCMTD:dbgheap.obj
 0002:00002ae0       ??_C@_0KE@MBMNHHHN@HEAP?5CORRUPTION?5DETECTED?3?5after?5@ 000000014002eae0     LIBCMTD:dbgheap.obj
 0002:00002b90       ??_C@_0IK@PJCGLBOB@HEAP?5CORRUPTION?5DETECTED?3?5before@ 000000014002eb90     LIBCMTD:dbgheap.obj
 0002:00002c20       ??_C@_0KI@JGFOHMEB@HEAP?5CORRUPTION?5DETECTED?3?5before@ 000000014002ec20     LIBCMTD:dbgheap.obj
 0002:00002cc8       ??_C@_0BL@KEIPLFAC@Client?5hook?5free?5failure?4?6?$AA@ 000000014002ecc8     LIBCMTD:dbgheap.obj
 0002:00002cf0       ??_C@_0EJ@HEIBCIMJ@The?5Block?5at?50x?$CFp?5was?5allocated?5@ 000000014002ecf0     LIBCMTD:dbgheap.obj
 0002:00002d40       ??_C@_1BG@MBKOGDLD@?$AA_?$AAm?$AAs?$AAi?$AAz?$AAe?$AA_?$AAd?$AAb?$AAg?$AA?$AA@ 000000014002ed40     LIBCMTD:dbgheap.obj
 0002:00002d58       ??_C@_0CI@JMLBEDHJ@?$CFhs?5located?5at?50x?$CFp?5is?5?$CFIu?5bytes@ 000000014002ed58     LIBCMTD:dbgheap.obj
 0002:00002d80       ??_C@_0EG@DGJMPDBH@?$CFhs?5located?5at?50x?$CFp?5is?5?$CFIu?5bytes@ 000000014002ed80     LIBCMTD:dbgheap.obj
 0002:00002dd0       ??_C@_0IC@BBJIOOJH@HEAP?5CORRUPTION?5DETECTED?3?5on?5top@ 000000014002edd0     LIBCMTD:dbgheap.obj
 0002:00002e60       ??_C@_0KA@IHNJJKPL@HEAP?5CORRUPTION?5DETECTED?3?5on?5top@ 000000014002ee60     LIBCMTD:dbgheap.obj
 0002:00002f00       ??_C@_07OHKEFPKJ@DAMAGED?$AA@ 000000014002ef00     LIBCMTD:dbgheap.obj
 0002:00002f08       ??_C@_0CL@HNNNMKMJ@_heapchk?5fails?5with?5unknown?5retu@ 000000014002ef08     LIBCMTD:dbgheap.obj
 0002:00002f38       ??_C@_0CC@MFFCHFHO@_heapchk?5fails?5with?5_HEAPBADPTR?4@ 000000014002ef38     LIBCMTD:dbgheap.obj
 0002:00002f60       ??_C@_0CC@MJGLGBDG@_heapchk?5fails?5with?5_HEAPBADEND?4@ 000000014002ef60     LIBCMTD:dbgheap.obj
 0002:00002f88       ??_C@_0CD@CPKEAPBD@_heapchk?5fails?5with?5_HEAPBADNODE@ 000000014002ef88     LIBCMTD:dbgheap.obj
 0002:00002fb0       ??_C@_0CE@MKKHMBMK@_heapchk?5fails?5with?5_HEAPBADBEGI@ 000000014002efb0     LIBCMTD:dbgheap.obj
 0002:00002fd8       ??_C@_1BO@GJFDNMNF@?$AA_?$AAC?$AAr?$AAt?$AAS?$AAe?$AAt?$AAD?$AAb?$AAg?$AAF?$AAl?$AAa?$AAg?$AA?$AA@ 000000014002efd8     LIBCMTD:dbgheap.obj
 0002:00003000       ??_C@_1BHO@NNANJNF@?$AA?$CI?$AAf?$AAN?$AAe?$AAw?$AAB?$AAi?$AAt?$AAs?$AA?$DN?$AA?$DN?$AA_?$AAC?$AAR?$AAT?$AAD?$AAB?$AAG?$AA_?$AAR?$AAE?$AAP?$AAO?$AAR?$AAT?$AA_?$AAF?$AAL?$AAA?$AAG?$AA?$CJ?$AA?5@ 000000014002f000     LIBCMTD:dbgheap.obj
 0002:00003180       ??_C@_0CB@EAAIGELO@Bad?5memory?5block?5found?5at?50x?$CFp?4?6@ 000000014002f180     LIBCMTD:dbgheap.obj
 0002:000031a8       ??_C@_0DP@LEFMFBOD@Bad?5memory?5block?5found?5at?50x?$CFp?4?6@ 000000014002f1a8     LIBCMTD:dbgheap.obj
 0002:000031e8       ??_C@_1CE@NJJKELF@?$AA_?$AAC?$AAr?$AAt?$AAM?$AAe?$AAm?$AAC?$AAh?$AAe?$AAc?$AAk?$AAp?$AAo?$AAi?$AAn?$AAt?$AA?$AA@ 000000014002f1e8     LIBCMTD:dbgheap.obj
 0002:00003210       ??_C@_1BM@MIMANDHC@?$AAs?$AAt?$AAa?$AAt?$AAe?$AA?5?$AA?$CB?$AA?$DN?$AA?5?$AAN?$AAU?$AAL?$AAL?$AA?$AA@ 000000014002f210     LIBCMTD:dbgheap.obj
 0002:00003230       ??_C@_0BH@GFGKJDCO@Object?5dump?5complete?4?6?$AA@ 000000014002f230     LIBCMTD:dbgheap.obj
 0002:00003248       ??_C@_0DA@MDLBNIBM@crt?5block?5at?50x?$CFp?0?5subtype?5?$CFx?0?5?$CF@ 000000014002f248     LIBCMTD:dbgheap.obj
 0002:00003278       ??_C@_0CH@FAGDDGPN@normal?5block?5at?50x?$CFp?0?5?$CFIu?5bytes?5@ 000000014002f278     LIBCMTD:dbgheap.obj
 0002:000032a0       ??_C@_0DD@GHNAAKBB@client?5block?5at?50x?$CFp?0?5subtype?5?$CFx@ 000000014002f2a0     LIBCMTD:dbgheap.obj
 0002:000032d4       ??_C@_06PKLGBFGM@?$HL?$CFld?$HN?5?$AA@ 000000014002f2d4     LIBCMTD:dbgheap.obj
 0002:000032e0       ??_C@_0L@JMEFFCCJ@?$CFhs?$CI?$CFd?$CJ?5?3?5?$AA@ 000000014002f2e0     LIBCMTD:dbgheap.obj
 0002:000032f0       ??_C@_0BE@OIEFNFL@?$CDFile?5Error?$CD?$CI?$CFd?$CJ?5?3?5?$AA@ 000000014002f2f0     LIBCMTD:dbgheap.obj
 0002:00003308       ??_C@_0BE@KCIPKCIA@Dumping?5objects?5?9?$DO?6?$AA@ 000000014002f308     LIBCMTD:dbgheap.obj
 0002:00003320       ??_C@_0BA@HJBKCELP@?5Data?3?5?$DM?$CFs?$DO?5?$CFs?6?$AA@ 000000014002f320     LIBCMTD:dbgheap.obj
 0002:00003330       ??_C@_1CG@LPFIACGM@?$AA_?$AAp?$AAr?$AAi?$AAn?$AAt?$AAM?$AAe?$AAm?$AAB?$AAl?$AAo?$AAc?$AAk?$AAD?$AAa?$AAt?$AAa?$AA?$AA@ 000000014002f330     LIBCMTD:dbgheap.obj
 0002:00003358       ??_C@_05MKKEDADM@?$CF?42X?5?$AA@ 000000014002f358     LIBCMTD:dbgheap.obj
 0002:00003360       ??_C@_0BI@JBFPOEJA@Detected?5memory?5leaks?$CB?6?$AA@ 000000014002f360     LIBCMTD:dbgheap.obj
 0002:00003378       ??_C@_0P@MIGLKIOC@CorExitProcess?$AA@ 000000014002f378     LIBCMTD:crt0dat.obj
 0002:00003388       ??_C@_1BI@BGOHAHKC@?$AAm?$AAs?$AAc?$AAo?$AAr?$AAe?$AAe?$AA?4?$AAd?$AAl?$AAl?$AA?$AA@ 000000014002f388     LIBCMTD:crt0dat.obj
 0002:000033a0       ??_C@_1GK@GNJJJBGC@?$AAf?$AA?3?$AA?2?$AAd?$AAd?$AA?2?$AAv?$AAc?$AAt?$AAo?$AAo?$AAl?$AAs?$AA?2?$AAc?$AAr?$AAt?$AA_?$AAb?$AAl?$AAd?$AA?2?$AAs?$AAe?$AAl?$AAf?$AA_?$AA6?$AA4?$AA_?$AAa?$AAm@ 000000014002f3a0     LIBCMTD:winsig.obj
 0002:00003410       ??_C@_1DO@MLNEDKGB@?$AA?$CI?$AA?$CC?$AAI?$AAn?$AAv?$AAa?$AAl?$AAi?$AAd?$AA?5?$AAs?$AAi?$AAg?$AAn?$AAa?$AAl?$AA?5?$AAo?$AAr?$AA?5?$AAe?$AAr?$AAr?$AAo?$AAr?$AA?$CC?$AA?0?$AA?5?$AA0?$AA?$CJ?$AA?$AA@ 000000014002f410     LIBCMTD:winsig.obj
 0002:00003450       ??_C@_1M@DMJEIKHL@?$AAr?$AAa?$AAi?$AAs?$AAe?$AA?$AA@ 000000014002f450     LIBCMTD:winsig.obj
 0002:00003460       ??_C@_0BI@DFKBFLJE@GetProcessWindowStation?$AA@ 000000014002f460     LIBCMTD:crtmboxw.obj
 0002:00003478       ??_C@_0BK@DEKFELLI@GetUserObjectInformationW?$AA@ 000000014002f478     LIBCMTD:crtmboxw.obj
 0002:00003498       ??_C@_0BD@HHGDFDBJ@GetLastActivePopup?$AA@ 000000014002f498     LIBCMTD:crtmboxw.obj
 0002:000034b0       ??_C@_0BA@HNOPNCHB@GetActiveWindow?$AA@ 000000014002f4b0     LIBCMTD:crtmboxw.obj
 0002:000034c0       ??_C@_0M@DLDCCGNP@MessageBoxW?$AA@ 000000014002f4c0     LIBCMTD:crtmboxw.obj
 0002:000034d0       ??_C@_1BG@GOEBHBDC@?$AAU?$AAS?$AAE?$AAR?$AA3?$AA2?$AA?4?$AAD?$AAL?$AAL?$AA?$AA@ 000000014002f4d0     LIBCMTD:crtmboxw.obj
 0002:000034e8       ??_C@_1CM@HABGDNLJ@?$AAl?$AAe?$AAn?$AAg?$AAt?$AAh?$AA?5?$AA?$DM?$AA?5?$AAs?$AAi?$AAz?$AAe?$AAI?$AAn?$AAT?$AAC?$AAh?$AAa?$AAr?$AAs?$AA?$AA@ 000000014002f4e8     LIBCMTD:xtows.obj
 0002:00003518       ??_C@_1DE@PCJGDBBD@?$AA2?$AA?5?$AA?$DM?$AA?$DN?$AA?5?$AAr?$AAa?$AAd?$AAi?$AAx?$AA?5?$AA?$CG?$AA?$CG?$AA?5?$AAr?$AAa?$AAd?$AAi?$AAx?$AA?5?$AA?$DM?$AA?$DN?$AA?5?$AA3?$AA6?$AA?$AA@ 000000014002f518     LIBCMTD:xtows.obj
 0002:00003550       ??_C@_1FA@MKGGAGEI@?$AAs?$AAi?$AAz?$AAe?$AAI?$AAn?$AAT?$AAC?$AAh?$AAa?$AAr?$AAs?$AA?5?$AA?$DO?$AA?5?$AA?$CI?$AAs?$AAi?$AAz?$AAe?$AA_?$AAt?$AA?$CJ?$AA?$CI?$AAi?$AAs?$AA_?$AAn?$AAe?$AAg?$AA?5?$AA?$DP@ 000000014002f550     LIBCMTD:xtows.obj
 0002:000035a0       ??_C@_1CC@JNJFIMGE@?$AAs?$AAi?$AAz?$AAe?$AAI?$AAn?$AAT?$AAC?$AAh?$AAa?$AAr?$AAs?$AA?5?$AA?$DO?$AA?5?$AA0?$AA?$AA@ 000000014002f5a0     LIBCMTD:xtows.obj
 0002:000035c8       ??_C@_1O@NCBFODOE@?$AAx?$AAt?$AAo?$AAw?$AA_?$AAs?$AA?$AA@ 000000014002f5c8     LIBCMTD:xtows.obj
 0002:000035e0       ??_C@_1GG@LKIPKMBN@?$AAf?$AA?3?$AA?2?$AAd?$AAd?$AA?2?$AAv?$AAc?$AAt?$AAo?$AAo?$AAl?$AAs?$AA?2?$AAc?$AAr?$AAt?$AA_?$AAb?$AAl?$AAd?$AA?2?$AAs?$AAe?$AAl?$AAf?$AA_?$AA6?$AA4?$AA_?$AAa?$AAm@ 000000014002f5e0     LIBCMTD:xtows.obj
 0002:00003648       ??_C@_1BI@ICGGMGLK@?$AAb?$AAu?$AAf?$AA?5?$AA?$CB?$AA?$DN?$AA?5?$AAN?$AAU?$AAL?$AAL?$AA?$AA@ 000000014002f648     LIBCMTD:xtows.obj
 0002:00003660       ??_C@_1DM@MADKGDLO@?$AA?$CI?$AAL?$AA?$CC?$AAB?$AAu?$AAf?$AAf?$AAe?$AAr?$AA?5?$AAi?$AAs?$AA?5?$AAt?$AAo?$AAo?$AA?5?$AAs?$AAm?$AAa?$AAl?$AAl?$AA?$CC?$AA?5?$AA?$CG?$AA?$CG?$AA?5?$AA0?$AA?$CJ?$AA?$AA@ 000000014002f660     LIBCMTD:wcsncat_s.obj
 0002:000036a0       ??_C@_1CI@HCPHDDLE@?$AAB?$AAu?$AAf?$AAf?$AAe?$AAr?$AA?5?$AAi?$AAs?$AA?5?$AAt?$AAo?$AAo?$AA?5?$AAs?$AAm?$AAa?$AAl?$AAl?$AA?$AA@ 000000014002f6a0     LIBCMTD:wcsncat_s.obj
 0002:000036d0       ??_C@_1FA@MJKDNFFB@?$AA?$CI?$AAL?$AA?$CC?$AAS?$AAt?$AAr?$AAi?$AAn?$AAg?$AA?5?$AAi?$AAs?$AA?5?$AAn?$AAo?$AAt?$AA?5?$AAn?$AAu?$AAl?$AAl?$AA?5?$AAt?$AAe?$AAr?$AAm?$AAi?$AAn?$AAa?$AAt?$AAe?$AAd@ 000000014002f6d0     LIBCMTD:wcsncat_s.obj
 0002:00003720       ??_C@_1DM@FHLMIEG@?$AAS?$AAt?$AAr?$AAi?$AAn?$AAg?$AA?5?$AAi?$AAs?$AA?5?$AAn?$AAo?$AAt?$AA?5?$AAn?$AAu?$AAl?$AAl?$AA?5?$AAt?$AAe?$AAr?$AAm?$AAi?$AAn?$AAa?$AAt?$AAe?$AAd?$AA?$AA@ 000000014002f720     LIBCMTD:wcsncat_s.obj
 0002:00003760       ??_C@_1CG@OFBJMIGJ@?$AA?$CI?$AA?$CI?$AA?$CI?$AA_?$AAS?$AAr?$AAc?$AA?$CJ?$AA?$CJ?$AA?$CJ?$AA?5?$AA?$CB?$AA?$DN?$AA?5?$AAN?$AAU?$AAL?$AAL?$AA?$AA@ 000000014002f760     LIBCMTD:wcsncat_s.obj
[...]
 0003:000012b0       __ptlocinfo                00000001400382b0     LIBCMTD:nlsdata2.obj
 0003:000012b8       _pfnAllocHook              00000001400382b8     LIBCMTD:dbghook.obj
 0003:000012c0       _crtAssertBusy             00000001400382c0     LIBCMTD:dbgrptt.obj
 0003:000012c8       _CrtDbgMode                00000001400382c8     LIBCMTD:dbgrptt.obj
 0003:000012d8       _CrtDbgFile                00000001400382d8     LIBCMTD:dbgrptt.obj
 0003:000012f0       ??_R0?AVtype_info@@@8      00000001400382f0     LIBCMTD:typinfo.obj
 0003:00001320       __lconv_static_decimal     0000000140038320     LIBCMTD:lconv.obj
 0003:00001324       __lconv_static_W_decimal   0000000140038324     LIBCMTD:lconv.obj
 0003:00001328       __lconv                    0000000140038328     LIBCMTD:lconv.obj
 0003:00001330       __lconv_c                  0000000140038330     LIBCMTD:lconv.obj
 0003:000013c8       _pctype                    00000001400383c8     LIBCMTD:ctype.obj
 0003:000013d0       _pwctype                   00000001400383d0     LIBCMTD:ctype.obj
 0003:00001410       __mb_cur_max               0000000140038410     LIBCMTD:nlsdata1.obj
 0003:00001414       __decimal_point            0000000140038414     LIBCMTD:nlsdata1.obj
 0003:00001418       __decimal_point_length     0000000140038418     LIBCMTD:nlsdata1.obj
 0003:00001420       _confh                     0000000140038420     LIBCMTD:initcon.obj
 0003:00001430       _pow10pos                  0000000140038430     LIBCMTD:_constpow_.obj
 0003:00001590       _pow10neg                  0000000140038590     LIBCMTD:_constpow_.obj
 0003:00001700       ?solidRect_font@@3USDL_Rect@@A 0000000140038700     main.obj
 0003:00001710       ?effect@@3TSDL_HapticEffect@@A 0000000140038710     main.obj
 0003:00001758       ?gca@@3W4SDL_GameControllerAxis@@A 0000000140038758     main.obj
 0003:0000175c       ?effect_id@@3HA            000000014003875c     main.obj
 0003:00001760       ?solidTexture_font@@3PEAUSDL_Texture@@EA 0000000140038760     main.obj
 0003:00001768       ?e@@3TSDL_Event@@A         0000000140038768     main.obj
 0003:000017f0       ?menu@@3PEAUSDL_Surface@@EA 00000001400387f0     main.obj
 0003:000017f8       ?text_font@@3PEAUSDL_Texture@@EA 00000001400387f8     main.obj
 0003:00001800       ?window@@3PEAUSDL_Window@@EA 0000000140038800     main.obj
 0003:00001808       ?renderer@@3PEAUSDL_Renderer@@EA 0000000140038808     main.obj
 0003:00001810       ?gFont@@3PEAU_TTF_Font@@EA 0000000140038810     main.obj
 0003:00001818       ?Joystick@@3PEAU_SDL_Joystick@@EA 0000000140038818     main.obj
 0003:00001820       ?Controller@@3PEAU_SDL_GameController@@EA 0000000140038820     main.obj
 0003:00001828       ?haptic@@3PEAU_SDL_Haptic@@EA 0000000140038828     main.obj
 0003:00001830       ?keystate@@3PEBEEB         0000000140038830     main.obj
 0003:00001838       ?img@@3VLTexture@@A        0000000140038838     main.obj
 0003:00001900       __fastflag                 0000000140038900     LIBCMTD:_fpinit_.obj
 0003:00001908       _aenvptr                   0000000140038908     LIBCMTD:crt0.obj
 0003:00001910       _wenvptr                   0000000140038910     LIBCMTD:crt0.obj
 0003:00001918       __error_mode               0000000140038918     LIBCMTD:crt0.obj
 0003:0000191c       _cflush                    000000014003891c     LIBCMTD:_file.obj
 0003:00001920       _stdbuf                    0000000140038920     LIBCMTD:_sftbuf.obj
 0003:00001930       __pInvalidArgHandler       0000000140038930     LIBCMTD:invarg.obj
 0003:00001eb0       ?__pInconsistency@@3P6AXXZEA 0000000140038eb0     LIBCMTD:hooks.obj
 0003:00002140       ?_pfnDumpClient@@3P6AXPEAX_K@ZEA 0000000140039140     LIBCMTD:dbgheap.obj
 0003:00002150       __crtDebugCheckCount       0000000140039150     LIBCMTD:dbgheap.obj
 0003:00002158       _umaskval                  0000000140039158     LIBCMTD:crt0dat.obj
 0003:0000215c       __argc                     000000014003915c     LIBCMTD:crt0dat.obj
 0003:00002160       __argv                     0000000140039160     LIBCMTD:crt0dat.obj
 0003:00002168       __wargv                    0000000140039168     LIBCMTD:crt0dat.obj
 0003:00002170       _environ                   0000000140039170     LIBCMTD:crt0dat.obj
 0003:00002178       __initenv                  0000000140039178     LIBCMTD:crt0dat.obj
 0003:00002180       _wenviron                  0000000140039180     LIBCMTD:crt0dat.obj
 0003:00002188       __winitenv                 0000000140039188     LIBCMTD:crt0dat.obj
 0003:00002190       _pgmptr                    0000000140039190     LIBCMTD:crt0dat.obj
 0003:00002198       _wpgmptr                   0000000140039198     LIBCMTD:crt0dat.obj
 0003:000021a0       _exitflag                  00000001400391a0     LIBCMTD:crt0dat.obj
 0003:000021a4       _C_Termination_Done        00000001400391a4     LIBCMTD:crt0dat.obj
 0003:000021a8       _C_Exit_Done               00000001400391a8     LIBCMTD:crt0dat.obj
 0003:00002308       _crtheap                   0000000140039308     LIBCMTD:heapinit.obj
 0003:00002940       __mbulinfo                 0000000140039940     LIBCMTD:mbctype.obj
 0003:0000294c       __mbcodepage               000000014003994c     LIBCMTD:mbctype.obj
 0003:00002950       __ismbcodepage             0000000140039950     LIBCMTD:mbctype.obj
 0003:00002954       __mblcid                   0000000140039954     LIBCMTD:mbctype.obj
 0003:00002958       _newmode                   0000000140039958     LIBCMTD:_newmode.obj
 0003:00002960       ?_pnhHeap@@3P6AH_K@ZEA     0000000140039960     LIBCMTD:handler.obj
 0003:00002970       __pPurecall                0000000140039970     LIBCMTD:inithelp.obj
 0003:00002978       _outputformat              0000000140039978     LIBCMTD:outputformat.obj
 0003:0000297c       __lconv_static_null        000000014003997c     LIBCMTD:lconv.obj
 0003:00002980       __lconv_static_W_null      0000000140039980     LIBCMTD:lconv.obj
 0003:000029c0       __locale_changed           00000001400399c0     LIBCMTD:setlocal.obj
 0003:000029c8       ?pArgList@UnDecorator@@0PEAVReplicator@@EA 00000001400399c8     LIBCMTD:undname.obj
 0003:000029f8       ?pZNameList@UnDecorator@@0PEAVReplicator@@EA 00000001400399f8     LIBCMTD:undname.obj
 0003:00002a00       ?pTemplateArgList@UnDecorator@@0PEAVReplicator@@EA 0000000140039a00     LIBCMTD:undname.obj
 0003:00002a08       ?gName@UnDecorator@@0PEBDEB 0000000140039a08     LIBCMTD:undname.obj
 0003:00002a10       ?name@UnDecorator@@0PEBDEB 0000000140039a10     LIBCMTD:undname.obj
 0003:00002a18       ?outputString@UnDecorator@@0PEADEA 0000000140039a18     LIBCMTD:undname.obj
 0003:00002a20       ?maxStringLength@UnDecorator@@0HA 0000000140039a20     LIBCMTD:undname.obj
 0003:00002a24       ?disableFlags@UnDecorator@@0KA 0000000140039a24     LIBCMTD:undname.obj
 0003:00002a28       ?m_pGetParameter@UnDecorator@@0P6APEADJ@ZEA 0000000140039a28     LIBCMTD:undname.obj
 0003:00002a30       ?fExplicitTemplateParams@UnDecorator@@0_NA 0000000140039a30     LIBCMTD:undname.obj
 0003:00002a31       ?fGetTemplateArgumentList@UnDecorator@@0_NA 0000000140039a31     LIBCMTD:undname.obj
 0003:00002a38       _pfnReportHook             0000000140039a38     <common>
 0003:00002a40       _pReportHookListW          0000000140039a40     <common>
 0003:00002a48       _pReportHookList           0000000140039a48     <common>
 0003:00002a50       _debugger_hook_dummy       0000000140039a50     <common>
 0003:00002a54       _nhandle                   0000000140039a54     <common>
 0003:00002a60       __pioinfo                  0000000140039a60     <common>
 0003:00002c60       __env_initialized          0000000140039c60     <common>
 0003:00002c68       __onexitend                0000000140039c68     <common>
 0003:00002c70       __onexitbegin              0000000140039c70     <common>
 0003:00002c78       __mbctype_initialized      0000000140039c78     <common>
 0003:00002c80       __dyn_tls_init_callback    0000000140039c80     <common>
 0003:00002c88       __piob                     0000000140039c88     <common>
 0003:00002ca0       _bufin                     0000000140039ca0     <common>
 0003:00003ca0       _nstream                   000000014003aca0     <common>
 0003:00003ca8       _acmdln                    000000014003aca8     <common>

 entry point at        0001:000036b0

 Static symbols

 0001:00000260       ?Win32GetEXEFileName@@YAXPEAUwin32_state@@@Z 0000000140001260 f   main.obj
 0001:00000300       ?Win32BuildEXEPathFileName@@YAXPEAUwin32_state@@PEADH1@Z 0000000140001300 f   main.obj
 0001:00000390       ?CatStrings@@YAX_KPEAD0101@Z 0000000140001390 f   main.obj
 0001:00000460       ?StringLength@@YAHPEAD@Z   0000000140001460 f   main.obj
 0001:000004b0       ?Win32LoadGameCode@@YA?AUwin32_game_code@@PEAD0@Z 00000001400014b0 f   main.obj
 0001:00000580       ?Win32UnloadGameCode@@YAXPEAUwin32_game_code@@@Z 0000000140001580 f   main.obj
 0001:00001b20       ?_CatchTryBlock@@YAPEBU_s_TryBlockMapEntry@@PEBU_s_FuncInfo@@H@Z 0000000140002b20 f   LIBCMTD:trnsctrl.obj
 0001:00002410       _onexit_nolock             0000000140003410 f   LIBCMTD:onexit.obj
 0001:000035a0       swprintf                   00000001400045a0 f   LIBCMTD:wassert.obj
 0001:000036d0       __tmainCRTStartup          00000001400046d0 f   LIBCMTD:crt0.obj
 0001:00003800       fast_error_exit            0000000140004800 f   LIBCMTD:crt0.obj
 0001:00003830       check_managed_app          0000000140004830 f   LIBCMTD:crt0.obj
 0001:00005c30       write_string               0000000140006c30 f   LIBCMTD:output.obj
 0001:00005c30       write_string               0000000140006c30 f   LIBCMTD:output.obj
 0001:00007990       ?FindHandler@@YAXPEAUEHExceptionRecord@@PEA_KPEAU_CONTEXT@@PEAU_xDISPATCHER_CONTEXT@@PEBU_s_FuncInfo@@EH1@Z 0000000140008990 f   LIBCMTD:frame.obj
 0001:00008240       ?FindHandlerForForeignException@@YAXPEAUEHExceptionRecord@@PEA_KPEAU_CONTEXT@@PEAU_xDISPATCHER_CONTEXT@@PEBU_s_FuncInfo@@HH1@Z 0000000140009240 f   LIBCMTD:frame.obj
 0001:00008a60       ?CatchIt@@YAXPEAUEHExceptionRecord@@PEA_KPEAU_CONTEXT@@PEAU_xDISPATCHER_CONTEXT@@PEBU_s_FuncInfo@@PEBU_s_HandlerType@@PEBU_s_CatchableType@@PEBU_s_TryBlockMapEntry@@H1EE@Z 0000000140009a60 f   LIBCMTD:frame.obj
 0001:00008d80       ?__RethrowException@@YAXPEAUEHExceptionRecord@@@Z 0000000140009d80 f   LIBCMTD:frame.obj
 0001:00008dc0       ?ExFilterRethrow@@YAHPEAU_EXCEPTION_POINTERS@@PEAUEHExceptionRecord@@PEAH@Z 0000000140009dc0 f   LIBCMTD:frame.obj
 0001:00009490       ?IsInExceptionSpec@@YAEPEAUEHExceptionRecord@@PEBU_s_ESTypeList@@@Z 000000014000a490 f   LIBCMTD:frame.obj
 0001:000095a0       ?Is_bad_exception_allowed@@YAEPEBU_s_ESTypeList@@@Z 000000014000a5a0 f   LIBCMTD:frame.obj
 0001:00009b70       _nh_malloc_dbg_impl        000000014000ab70 f   LIBCMTD:dbgheap.obj
 0001:00009c10       _heap_alloc_dbg_impl       000000014000ac10 f   LIBCMTD:dbgheap.obj
 0001:0000a280       realloc_help               000000014000b280 f   LIBCMTD:dbgheap.obj
 0001:0000b430       CheckBytes                 000000014000c430 f   LIBCMTD:dbgheap.obj
 0001:0000bec0       ?_CrtMemDumpAllObjectsSince_stat@@YAXPEBU_CrtMemState@@PEAUlocaleinfo_struct@@@Z 000000014000cec0 f   LIBCMTD:dbgheap.obj
 0001:0000c260       _printMemBlockData         000000014000d260 f   LIBCMTD:dbgheap.obj
 0001:0000c8c0       doexit                     000000014000d8c0 f   LIBCMTD:crt0dat.obj
 0001:0000cbd0       _initterm                  000000014000dbd0 f   LIBCMTD:crt0dat.obj
 0001:0000d070       siglookup                  000000014000e070 f   LIBCMTD:winsig.obj
 0001:0000d4b0       xtow_s                     000000014000e4b0 f   LIBCMTD:xtows.obj
 0001:0000f460       flsall                     0000000140010460 f   LIBCMTD:fflush.obj
 0001:00010d90       _cftoe2_l                  0000000140011d90 f   LIBCMTD:cvt.obj
 0001:00012200       _cftof2_l                  0000000140013200 f   LIBCMTD:cvt.obj
 0001:00012b30       _shift                     0000000140013b30 f   LIBCMTD:cvt.obj
 0001:00013020       xcptlookup                 0000000140014020 f   LIBCMTD:winxfltr.obj
 0001:00013460       parse_cmdline              0000000140014460 f   LIBCMTD:stdargv.obj
 0001:00015610       ?getSystemCP@@YAHH@Z       0000000140016610 f   LIBCMTD:mbctype.obj
 0001:00015b70       ?CPtoLCID@@YAHH@Z          0000000140016b70 f   LIBCMTD:mbctype.obj
 0001:00015bd0       ?setSBCS@@YAXPEAUthreadmbcinfostruct@@@Z 0000000140016bd0 f   LIBCMTD:mbctype.obj
 0001:00015cd0       ?setSBUpLow@@YAXPEAUthreadmbcinfostruct@@@Z 0000000140016cd0 f   LIBCMTD:mbctype.obj
 0001:00019e00       write_char                 000000014001ae00 f   LIBCMTD:outputs.obj
 0001:00019e00       write_char                 000000014001ae00 f   LIBCMTD:outputs.obj
 0001:00019ee0       write_multi_char           000000014001aee0 f   LIBCMTD:outputs.obj
 0001:00019ee0       write_multi_char           000000014001aee0 f   LIBCMTD:outputs.obj
 0001:0001aff0       _is_LFH_enabled            000000014001bff0 f   LIBCMTD:expand.obj
 0001:0001f740       write_char                 0000000140020740 f   LIBCMTD:woutputs.obj
 0001:0001f740       write_char                 0000000140020740 f   LIBCMTD:woutputs.obj
 0001:0001f7c0       write_multi_char           00000001400207c0 f   LIBCMTD:woutputs.obj
 0001:0001f7c0       write_multi_char           00000001400207c0 f   LIBCMTD:woutputs.obj
 0001:0001f810       write_string               0000000140020810 f   LIBCMTD:woutputs.obj
 0001:0001f810       write_string               0000000140020810 f   LIBCMTD:woutputs.obj
 0001:00020c50       ?x_ismbbtype_l@@YAHPEAUlocaleinfo_struct@@IHH@Z 0000000140021c50 f   LIBCMTD:ismbbyte.obj
 0001:00021010       ?__crtLCMapStringA_stat@@YAHPEAUlocaleinfo_struct@@KKPEBDHPEADHHH@Z 0000000140022010 f   LIBCMTD:a_map.obj
 0001:000214d0       ?strncnt@@YAHPEBDH@Z       00000001400224d0 f   LIBCMTD:a_map.obj
 0001:000215d0       ?__crtGetStringTypeA_stat@@YAHPEAUlocaleinfo_struct@@KPEBDHPEAGHHH@Z 00000001400225d0 f   LIBCMTD:a_str.obj
 0001:00024410       xtoa_s                     0000000140025410 f   LIBCMTD:xtoas.obj
 0001:00025170       ?wcsncnt@@YA_KPEB_W_K@Z    0000000140026170 f   LIBCMTD:wcstombs.obj
 0001:00029ca0       ?dtor$0@?0???1?$basic_string@DU?$char_traits@D@std@@V?$allocator@D@2@@std@@QEAA@XZ@4HA 000000014002aca0 f   main.obj
 0001:00029cc0       ?dtor$0@?0???1?$_String_val@DV?$allocator@D@std@@@std@@QEAA@XZ@4HA 000000014002acc0 f   main.obj
 0001:00029ce0       ?dtor$0@?0??loadFromFile@LTexture@@QEAA_NV?$basic_string@DU?$char_traits@D@std@@V?$allocator@D@2@@std@@@Z@4HA 000000014002ace0 f   LTexture.obj
 0001:00029d00       printf$fin$0               000000014002ad00 f   LIBCMTD:printf.obj
 0001:00029d30       _CallSETranslator$filt$0   000000014002ad30 f   LIBCMTD:trnsctrl.obj
 0001:00029d90       _onexit$fin$0              000000014002ad90 f   LIBCMTD:onexit.obj
 0001:00029db0       __tmainCRTStartup$filt$0   000000014002adb0 f   LIBCMTD:crt0.obj
 0001:00029de0       _initptd$fin$0             000000014002ade0 f   LIBCMTD:tidtable.obj
 0001:00029de0       _freefls$fin$0             000000014002ade0 f   LIBCMTD:tidtable.obj
 0001:00029e00       _freefls$fin$1             000000014002ae00 f   LIBCMTD:tidtable.obj
 0001:00029e00       _initptd$fin$1             000000014002ae00 f   LIBCMTD:tidtable.obj
 0001:00029e20       __FrameUnwindToState$filt$0 000000014002ae20 f   LIBCMTD:frame.obj
 0001:00029e50       __FrameUnwindToState$fin$1 000000014002ae50 f   LIBCMTD:frame.obj
 0001:00029e90       __CxxCallCatchBlock$filt$0 000000014002ae90 f   LIBCMTD:frame.obj
 0001:00029ec0       __CxxCallCatchBlock$fin$1  000000014002aec0 f   LIBCMTD:frame.obj
 0001:00029f60       __BuildCatchObject$filt$0  000000014002af60 f   LIBCMTD:frame.obj
 0001:00029f60       __BuildCatchObjectHelper$filt$0 000000014002af60 f   LIBCMTD:frame.obj
 0001:00029f60       ?filt$0@?0??terminate@@YAXXZ@4HA 000000014002af60 f   LIBCMTD:frame.obj
 0001:00029f60       ?filt$0@?0??_inconsistency@@YAXXZ@4HA 000000014002af60 f   LIBCMTD:frame.obj
 0001:00029f80       __DestructExceptionObject$filt$0 000000014002af80 f   LIBCMTD:frame.obj
 0001:00029fb0       ?fin$0@?0??_CrtMemDumpAllObjectsSince_stat@@YAXPEBU_CrtMemState@@PEAUlocaleinfo_struct@@@Z@4HA 000000014002afb0 f   LIBCMTD:dbgheap.obj
 0001:00029fb0       _heap_alloc_dbg_impl$fin$0 000000014002afb0 f   LIBCMTD:dbgheap.obj
 0001:00029fb0       _CrtMemCheckpoint$fin$0    000000014002afb0 f   LIBCMTD:dbgheap.obj
 0001:00029fd0       _CrtSetDbgFlag$fin$0       000000014002afd0 f   LIBCMTD:dbgheap.obj
 0001:00029fd0       _msize_dbg$fin$0           000000014002afd0 f   LIBCMTD:dbgheap.obj
 0001:00029fd0       ?fin$0@?0???3@YAXPEAX@Z@4HA 000000014002afd0 f   LIBCMTD:dbgheap.obj
 0001:00029fd0       _realloc_dbg$fin$0         000000014002afd0 f   LIBCMTD:dbgheap.obj
 0001:00029ff0       _free_dbg$fin$0            000000014002aff0 f   LIBCMTD:dbgheap.obj
 0001:0002a010       _CrtCheckMemory$fin$0      000000014002b010 f   LIBCMTD:dbgheap.obj
 0001:0002a030       doexit$fin$0               000000014002b030 f   LIBCMTD:crt0dat.obj
 0001:0002a050       raise$fin$0                000000014002b050 f   LIBCMTD:winsig.obj
 0001:0002a070       fflush$fin$0               000000014002b070 f   LIBCMTD:fflush.obj
 0001:0002a090       flsall$fin$0               000000014002b090 f   LIBCMTD:fflush.obj
 0001:0002a0c0       flsall$fin$1               000000014002b0c0 f   LIBCMTD:fflush.obj
 0001:0002a0e0       fwprintf$fin$0             000000014002b0e0 f   LIBCMTD:fwprintf.obj
 0001:0002a100       setvbuf$fin$0              000000014002b100 f   LIBCMTD:setvbuf.obj
 0001:0002a120       _IsNonwritableInCurrentImage$filt$0 000000014002b120 f   LIBCMTD:pesect.obj
 0001:0002a160       _fcloseall$fin$0           000000014002b160 f   LIBCMTD:closeall.obj
 0001:0002a180       _setmbcp$fin$0             000000014002b180 f   LIBCMTD:mbctype.obj
 0001:0002a180       __updatetmbcinfo$fin$0     000000014002b180 f   LIBCMTD:mbctype.obj
 0001:0002a1a0       ?dtor$0@?0??getSystemCP@@YAHH@Z@4HA 000000014002b1a0 f   LIBCMTD:mbctype.obj
 0001:0002a1c0       _VCrtDbgReportA$fin$0      000000014002b1c0 f   LIBCMTD:dbgrptt.obj
 0001:0002a1e0       _VCrtDbgReportA$fin$1      000000014002b1e0 f   LIBCMTD:dbgrptt.obj
 0001:0002a210       _VCrtDbgReportW$fin$0      000000014002b210 f   LIBCMTD:dbgrptt.obj
 0001:0002a230       _VCrtDbgReportW$fin$1      000000014002b230 f   LIBCMTD:dbgrptt.obj
 0001:0002a260       ?dtor$0@?0??x_ismbbtype_l@@YAHPEAUlocaleinfo_struct@@IHH@Z@4HA 000000014002b260 f   LIBCMTD:ismbbyte.obj
 0001:0002a280       fclose$fin$0               000000014002b280 f   LIBCMTD:fclose.obj
 0001:0002a2a0       _lseeki64$fin$0            000000014002b2a0 f   LIBCMTD:lseeki64.obj
 0001:0002a2a0       _write$fin$0               000000014002b2a0 f   LIBCMTD:lseeki64.obj
 0001:0002a2a0       _commit$fin$0              000000014002b2a0 f   LIBCMTD:lseeki64.obj
 0001:0002a2a0       _close$fin$0               000000014002b2a0 f   LIBCMTD:lseeki64.obj
 0001:0002a2c0       ?fin$0@?0??_Type_info_dtor@type_info@@CAXPEAV1@@Z@4HA 000000014002b2c0 f   LIBCMTD:typname.obj
 0001:0002a2e0       __updatetlocinfo$fin$0     000000014002b2e0 f   LIBCMTD:setlocal.obj
 0001:0002a2e0       _locterm$fin$0             000000014002b2e0 f   LIBCMTD:setlocal.obj
 0001:0002a300       _mtinitlocknum$fin$0       000000014002b300 f   LIBCMTD:osfinfo.obj
 0001:0002a300       __lock_fhandle$fin$0       000000014002b300 f   LIBCMTD:osfinfo.obj
 0001:0002a320       ??__Ekeystate@@YAXXZ       000000014002b320 f   main.obj
 0001:0002a340       ??__Eimg@@YAXXZ            000000014002b340 f   main.obj
 0001:0002a370       ??__Einitlocks@std@@YAXXZ  000000014002b370 f   libcpmtd:xlock.obj
 0001:0002a3a0       ??__Fimg@@YAXXZ            000000014002b3a0 f   main.obj
 0001:0002a3c0       ??__Finitlocks@std@@YAXXZ  000000014002b3c0 f   libcpmtd:xlock.obj
