 test

 Timestamp is 6558bc15 (Sat Nov 18 05:28:53 2023)

 Preferred load address is 0000000180000000

 Start         Length     Name                   Class
 0001:00000000 00053c19H .text                   CODE
 0001:00053c20 00001fe8H .text$x                 CODE
 0001:00055c10 00000365H .text$yc                CODE
 0001:00055f80 000001b5H .text$yd                CODE
 0002:00000000 00000440H .idata$5                DATA
 0002:00000440 00000008H .CRT$XCA                DATA
 0002:00000448 00000018H .CRT$XCC                DATA
 0002:00000460 00000038H .CRT$XCL                DATA
 0002:00000498 00000128H .CRT$XCU                DATA
 0002:000005c0 00000008H .CRT$XCZ                DATA
 0002:000005c8 00000008H .CRT$XIA                DATA
 0002:000005d0 00000018H .CRT$XIC                DATA
 0002:000005e8 00000008H .CRT$XID                DATA
 0002:000005f0 00000008H .CRT$XIZ                DATA
 0002:000005f8 00000008H .CRT$XPA                DATA
 0002:00000600 00000010H .CRT$XPX                DATA
 0002:00000610 00000008H .CRT$XPXA               DATA
 0002:00000618 00000008H .CRT$XPZ                DATA
 0002:00000620 00000008H .CRT$XTA                DATA
 0002:00000628 00000008H .CRT$XTZ                DATA
 0002:00000630 0000efd8H .rdata                  DATA
 0002:0000f608 0000005fH .rdata$debug            DATA
 0002:0000f668 00000774H .rdata$r                DATA
 0002:0000fde0 00000008H .rtc$IAA                DATA
 0002:0000fde8 00000008H .rtc$IZZ                DATA
 0002:0000fdf0 00000008H .rtc$TAA                DATA
 0002:0000fdf8 00000008H .rtc$TZZ                DATA
 0002:0000fe00 0000301cH .xdata                  DATA
 0002:00012e20 00000334H .xdata$x                DATA
 0002:00013154 00000064H .idata$2                DATA
 0002:000131b8 00000014H .idata$3                DATA
 0002:000131d0 00000440H .idata$4                DATA
 0002:00013610 00000a26H .idata$6                DATA
 0002:00014040 0000004fH .edata                  DATA
 0003:00000000 00001f0cH .data                   DATA
 0003:00001f20 00003028H .bss                    DATA
 0004:00000000 000037d4H .pdata                  DATA

  Address         Publics by Value              Rva+Base               Lib:Object

 0000:00000000       ___safe_se_handler_count   0000000000000000     <absolute>
 0000:00000000       ___safe_se_handler_table   0000000000000000     <absolute>
 0000:00000000       __ImageBase                0000000180000000     <linker-defined>
 0001:00000000       ?drawFontSolid@@YAXHHHHHPEBDEEEE0HEEEE@Z 0000000180001000 f i test.obj
 0001:00000340       ?getsize@@YA?AUSDL_Point@@PEAUSDL_Texture@@@Z 0000000180001340 f   test.obj
 0001:00000380       ?loadMedia@@YA_NXZ         0000000180001380 f   test.obj
 0001:000003f0       GameUpdateAndRender        00000001800013f0 f   test.obj
 0001:000037c0       ?endl@std@@YAAEAV?$basic_ostream@DU?$char_traits@D@std@@@1@AEAV21@@Z 00000001800047c0 f i test.obj
 0001:000037f0       ??Bios_base@std@@QEBAPEAXXZ 00000001800047f0 f i test.obj
 0001:00003830       ?fail@ios_base@std@@QEBA_NXZ 0000000180004830 f i test.obj
 0001:00003870       ?rdstate@ios_base@std@@QEBAHXZ 0000000180004870 f i test.obj
 0001:00003870       ?state@?$fpos@H@std@@QEBAHXZ 0000000180004870 f i test.obj
 0001:00003880       ?drawFillRect@@YAXHHHHEEEEH@Z 0000000180004880 f i test.obj
 0001:00003990       ??_D?$basic_ifstream@DU?$char_traits@D@std@@@std@@QEAAXXZ 0000000180004990 f i test.obj
 0001:000039d0       ??_D?$basic_stringstream@DU?$char_traits@D@std@@V?$allocator@D@2@@std@@QEAAXXZ 00000001800049d0 f i test.obj
 0001:00003a10       ??0?$basic_string@DU?$char_traits@D@std@@V?$allocator@D@2@@std@@QEAA@XZ 0000000180004a10 f i test.obj
 0001:00003a60       ??0?$basic_string@DU?$char_traits@D@std@@V?$allocator@D@2@@std@@QEAA@PEBD@Z 0000000180004a60 f i test.obj
 0001:00003ad0       ??0?$basic_string@DU?$char_traits@D@std@@V?$allocator@D@2@@std@@QEAA@$$QEAV01@@Z 0000000180004ad0 f i test.obj
 0001:00003b50       ??1?$basic_string@DU?$char_traits@D@std@@V?$allocator@D@2@@std@@QEAA@XZ 0000000180004b50 f i test.obj
 0001:00003b90       ??4?$basic_string@DU?$char_traits@D@std@@V?$allocator@D@2@@std@@QEAAAEAV01@PEBD@Z 0000000180004b90 f i test.obj
 0001:00003bc0       ?c_str@?$basic_string@DU?$char_traits@D@std@@V?$allocator@D@2@@std@@QEBAPEBDXZ 0000000180004bc0 f i test.obj
 0001:00003be0       ?size@?$basic_string@DU?$char_traits@D@std@@V?$allocator@D@2@@std@@QEBA_KXZ 0000000180004be0 f i test.obj
 0001:00003be0       ?length@?$basic_string@DU?$char_traits@D@std@@V?$allocator@D@2@@std@@QEBA_KXZ 0000000180004be0 f i test.obj
 0001:00003bf0       ?substr@?$basic_string@DU?$char_traits@D@std@@V?$allocator@D@2@@std@@QEBA?AV12@_K0@Z 0000000180004bf0 f i test.obj
 0001:00003c60       ??6?$basic_ostream@DU?$char_traits@D@std@@@std@@QEAAAEAV01@P6AAEAV01@AEAV01@@Z@Z 0000000180004c60 f i test.obj
 0001:00003ca0       ??6?$basic_ostream@DU?$char_traits@D@std@@@std@@QEAAAEAV01@_N@Z 0000000180004ca0 f i test.obj
 0001:00003ec0       ??1locale@std@@QEAA@XZ     0000000180004ec0 f i test.obj
 0001:00003ef0       ?_Decref@facet@locale@std@@QEAAPEAV123@XZ 0000000180004ef0 f i test.obj
 0001:00003f80       ?getloc@ios_base@std@@QEBA?AVlocale@2@XZ 0000000180004f80 f i test.obj
 0001:00003fc0       ??0locale@std@@QEAA@AEBV01@@Z 0000000180004fc0 f i test.obj
 0001:00004000       ?_Incref@facet@locale@std@@QEAAXXZ 0000000180005000 f i test.obj
 0001:00004050       ??6?$basic_ostream@DU?$char_traits@D@std@@@std@@QEAAAEAV01@H@Z 0000000180005050 f i test.obj
 0001:000042e0       ?flags@ios_base@std@@QEBAHXZ 00000001800052e0 f i test.obj
 0001:000042f0       ?put@?$basic_ostream@DU?$char_traits@D@std@@@std@@QEAAAEAV12@D@Z 00000001800052f0 f i test.obj
 0001:00004410       ?eq_int_type@?$char_traits@D@std@@SA_NAEBH0@Z 0000000180005410 f i test.obj
 0001:00004450       ?eof@?$char_traits@D@std@@SAHXZ 0000000180005450 f i test.obj
 0001:00004460       ?flush@?$basic_ostream@DU?$char_traits@D@std@@@std@@QEAAAEAV12@XZ 0000000180005460 f i test.obj
 0001:00004500       ??1?$basic_ios@DU?$char_traits@D@std@@@std@@UEAA@XZ 0000000180005500 f i test.obj
 0001:00004530       ??1ios_base@std@@UEAA@XZ   0000000180005530 f i test.obj
 0001:00004560       ??_Eios_base@std@@UEAAPEAXI@Z 0000000180005560 f i test.obj
 0001:00004560       ??_Gios_base@std@@UEAAPEAXI@Z 0000000180005560 f i test.obj
 0001:000045a0       ?setstate@?$basic_ios@DU?$char_traits@D@std@@@std@@QEAAXH_N@Z 00000001800055a0 f i test.obj
 0001:000045e0       ?rdbuf@?$basic_ios@DU?$char_traits@D@std@@@std@@QEBAPEAV?$basic_streambuf@DU?$char_traits@D@std@@@2@XZ 00000001800055e0 f i test.obj
 0001:000045f0       ??5?$basic_istream@DU?$char_traits@D@std@@@std@@QEAAAEAV01@AEA_N@Z 00000001800055f0 f i test.obj
 0001:00004800       ??1sentry@?$basic_istream@DU?$char_traits@D@std@@@std@@QEAA@XZ 0000000180005800 f i test.obj
 0001:00004820       ??5?$basic_istream@DU?$char_traits@D@std@@@std@@QEAAAEAV01@AEAH@Z 0000000180005820 f i test.obj
 0001:00004a70       ??0sentry@?$basic_istream@DU?$char_traits@D@std@@@std@@QEAA@AEAV12@_N@Z 0000000180005a70 f i test.obj
 0001:00004ac0       ??1_Sentry_base@?$basic_ostream@DU?$char_traits@D@std@@@std@@QEAA@XZ 0000000180005ac0 f i test.obj
 0001:00004ac0       ??1_Sentry_base@?$basic_istream@DU?$char_traits@D@std@@@std@@QEAA@XZ 0000000180005ac0 f i test.obj
 0001:00004b30       ??0?$basic_ifstream@DU?$char_traits@D@std@@@std@@QEAA@AEBV?$basic_string@DU?$char_traits@D@std@@V?$allocator@D@2@@1@HH@Z 0000000180005b30 f i test.obj
 0001:00004c50       ??1?$basic_istream@DU?$char_traits@D@std@@@std@@UEAA@XZ 0000000180005c50 f i test.obj
 0001:00004c80       ??1?$basic_ifstream@DU?$char_traits@D@std@@@std@@UEAA@XZ 0000000180005c80 f i test.obj
 0001:00004cf0       ?is_open@?$basic_ifstream@DU?$char_traits@D@std@@@std@@QEBA_NXZ 0000000180005cf0 f i test.obj
 0001:00004d10       ?open@?$basic_ifstream@DU?$char_traits@D@std@@@std@@QEAAXPEBDHH@Z 0000000180005d10 f i test.obj
 0001:00004db0       ?close@?$basic_ifstream@DU?$char_traits@D@std@@@std@@QEAAXXZ 0000000180005db0 f i test.obj
 0001:00004e00       ??1?$basic_filebuf@DU?$char_traits@D@std@@@std@@UEAA@XZ 0000000180005e00 f i test.obj
 0001:00004e70       ??1?$basic_streambuf@DU?$char_traits@D@std@@@std@@UEAA@XZ 0000000180005e70 f i test.obj
 0001:00004ec0       ?_Lock@?$basic_streambuf@DU?$char_traits@D@std@@@std@@UEAAXXZ 0000000180005ec0 f i test.obj
 0001:00004ee0       ?_Unlock@?$basic_streambuf@DU?$char_traits@D@std@@@std@@UEAAXXZ 0000000180005ee0 f i test.obj
 0001:00004f00       ?pbackfail@?$basic_streambuf@DU?$char_traits@D@std@@@std@@MEAAHH@Z 0000000180005f00 f i test.obj
 0001:00004f00       ?overflow@?$basic_streambuf@DU?$char_traits@D@std@@@std@@MEAAHH@Z 0000000180005f00 f i test.obj
 0001:00004f20       ?underflow@?$basic_streambuf@DU?$char_traits@D@std@@@std@@MEAAHXZ 0000000180005f20 f i test.obj
 0001:00004f40       ?uflow@?$basic_streambuf@DU?$char_traits@D@std@@@std@@MEAAHXZ 0000000180005f40 f i test.obj
 0001:00004fb0       ?xsgetn@?$basic_streambuf@DU?$char_traits@D@std@@@std@@MEAA_JPEAD_J@Z 0000000180005fb0 f i test.obj
 0001:00005100       ?copy@?$char_traits@D@std@@SAPEADPEADPEBD_K@Z 0000000180006100 f i test.obj
 0001:00005130       ?failed@?$ostreambuf_iterator@DU?$char_traits@D@std@@@std@@QEBA_NXZ 0000000180006130 f i test.obj
 0001:00005130       ?to_int_type@?$char_traits@D@std@@SAHAEBD@Z 0000000180006130 f i test.obj
 0001:00005130       ?to_char_type@?$char_traits@D@std@@SADAEBH@Z 0000000180006130 f i test.obj
 0001:00005140       ?xsputn@?$basic_streambuf@DU?$char_traits@D@std@@@std@@MEAA_JPEBD_J@Z 0000000180006140 f i test.obj
 0001:00005290       ?seekpos@?$basic_streambuf@DU?$char_traits@D@std@@@std@@MEAA?AV?$fpos@H@2@V32@H@Z 0000000180006290 f i test.obj
 0001:00005290       ?seekoff@?$basic_streambuf@DU?$char_traits@D@std@@@std@@MEAA?AV?$fpos@H@2@_JHH@Z 0000000180006290 f i test.obj
 0001:000052d0       ?setbuf@?$basic_streambuf@DU?$char_traits@D@std@@@std@@MEAAPEAV12@PEAD_J@Z 00000001800062d0 f i test.obj
 0001:000052f0       ?imbue@?$basic_streambuf@DU?$char_traits@D@std@@@std@@MEAAXAEBVlocale@2@@Z 00000001800062f0 f i test.obj
 0001:000052f0       ?_Init@?$codecvt@DDH@std@@IEAAXAEBV_Locinfo@2@@Z 00000001800062f0 f i test.obj
 0001:000052f0       ??3@YAXPEAX0@Z             00000001800062f0 f i test.obj
 0001:00005300       ?_Lock@?$basic_filebuf@DU?$char_traits@D@std@@@std@@UEAAXXZ 0000000180006300 f i test.obj
 0001:00005330       ?_Unlock@?$basic_filebuf@DU?$char_traits@D@std@@@std@@UEAAXXZ 0000000180006330 f i test.obj
 0001:00005360       ?overflow@?$basic_filebuf@DU?$char_traits@D@std@@@std@@MEAAHH@Z 0000000180006360 f i test.obj
 0001:000058f0       ?not_eof@?$char_traits@D@std@@SAHAEBH@Z 00000001800068f0 f i test.obj
 0001:00005940       ??$_Fputc@D@std@@YA_NDPEAU_iobuf@@@Z 0000000180006940 f i test.obj
 0001:00005980       ?pbackfail@?$basic_filebuf@DU?$char_traits@D@std@@@std@@MEAAHH@Z 0000000180006980 f i test.obj
 0001:00005b00       ??$_Ungetc@D@std@@YA_NAEBDPEAU_iobuf@@@Z 0000000180006b00 f i test.obj
 0001:00005b50       ?underflow@?$basic_filebuf@DU?$char_traits@D@std@@@std@@MEAAHXZ 0000000180006b50 f i test.obj
 0001:00005c00       ?uflow@?$basic_filebuf@DU?$char_traits@D@std@@@std@@MEAAHXZ 0000000180006c00 f i test.obj
 0001:00006130       ??$_Fgetc@D@std@@YA_NAEADPEAU_iobuf@@@Z 0000000180007130 f i test.obj
 0001:00006170       ?seekoff@?$basic_filebuf@DU?$char_traits@D@std@@@std@@MEAA?AV?$fpos@H@2@_JHH@Z 0000000180007170 f i test.obj
 0001:00006280       ?seekpos@?$basic_filebuf@DU?$char_traits@D@std@@@std@@MEAA?AV?$fpos@H@2@V32@H@Z 0000000180007280 f i test.obj
 0001:000063a0       ?setbuf@?$basic_filebuf@DU?$char_traits@D@std@@@std@@MEAAPEAV?$basic_streambuf@DU?$char_traits@D@std@@@2@PEAD_J@Z 00000001800073a0 f i test.obj
 0001:00006440       ?sync@?$basic_filebuf@DU?$char_traits@D@std@@@std@@MEAAHXZ 0000000180007440 f i test.obj
 0001:000064d0       ?imbue@?$basic_filebuf@DU?$char_traits@D@std@@@std@@MEAAXAEBVlocale@2@@Z 00000001800074d0 f i test.obj
 0001:00006500       ?open@?$basic_ofstream@DU?$char_traits@D@std@@@std@@QEAAXPEBDHH@Z 0000000180007500 f i test.obj
 0001:000065a0       ?close@?$basic_ofstream@DU?$char_traits@D@std@@@std@@QEAAXXZ 00000001800075a0 f i test.obj
 0001:000065f0       ??0?$basic_stringstream@DU?$char_traits@D@std@@V?$allocator@D@2@@std@@QEAA@AEBV?$basic_string@DU?$char_traits@D@std@@V?$allocator@D@2@@1@H@Z 00000001800075f0 f i test.obj
 0001:000066c0       ??1?$basic_stringstream@DU?$char_traits@D@std@@V?$allocator@D@2@@std@@UEAA@XZ 00000001800076c0 f i test.obj
 0001:00006730       ??1?$basic_iostream@DU?$char_traits@D@std@@@std@@UEAA@XZ 0000000180007730 f i test.obj
 0001:00006790       ??1?$basic_ostream@DU?$char_traits@D@std@@@std@@UEAA@XZ 0000000180007790 f i test.obj
 0001:000067c0       ??1?$basic_stringbuf@DU?$char_traits@D@std@@V?$allocator@D@2@@std@@UEAA@XZ 00000001800077c0 f i test.obj
 0001:00006800       ?overflow@?$basic_stringbuf@DU?$char_traits@D@std@@V?$allocator@D@2@@std@@MEAAHH@Z 0000000180007800 f i test.obj
 0001:00006cf0       ?pbackfail@?$basic_stringbuf@DU?$char_traits@D@std@@V?$allocator@D@2@@std@@MEAAHH@Z 0000000180007cf0 f i test.obj
 0001:00006e00       ?eq@?$char_traits@D@std@@SA_NAEBD0@Z 0000000180007e00 f i test.obj
 0001:00006e40       ?underflow@?$basic_stringbuf@DU?$char_traits@D@std@@V?$allocator@D@2@@std@@MEAAHXZ 0000000180007e40 f i test.obj
 0001:00006f80       ?seekoff@?$basic_stringbuf@DU?$char_traits@D@std@@V?$allocator@D@2@@std@@MEAA?AV?$fpos@H@2@_JHH@Z 0000000180007f80 f i test.obj
 0001:000072a0       ?seekpos@?$basic_stringbuf@DU?$char_traits@D@std@@V?$allocator@D@2@@std@@MEAA?AV?$fpos@H@2@V32@H@Z 00000001800082a0 f i test.obj
 0001:000074c0       ??1?$_String_iterator@DU?$char_traits@D@std@@V?$allocator@D@2@@std@@QEAA@XZ 00000001800084c0 f i test.obj
 0001:000074e0       ??1?$_String_const_iterator@DU?$char_traits@D@std@@V?$allocator@D@2@@std@@QEAA@XZ 00000001800084e0 f i test.obj
 0001:00007500       ??_G?$basic_ostream@DU?$char_traits@D@std@@@std@@UEAAPEAXI@Z 0000000180008500 f i test.obj
 0001:00007500       ??_E?$basic_ostream@DU?$char_traits@D@std@@@std@@UEAAPEAXI@Z 0000000180008500 f i test.obj
 0001:00007550       ??_E?$basic_ios@DU?$char_traits@D@std@@@std@@UEAAPEAXI@Z 0000000180008550 f i test.obj
 0001:00007550       ??_G?$basic_ios@DU?$char_traits@D@std@@@std@@UEAAPEAXI@Z 0000000180008550 f i test.obj
 0001:00007590       ??_G?$basic_istream@DU?$char_traits@D@std@@@std@@UEAAPEAXI@Z 0000000180008590 f i test.obj
 0001:00007590       ??_E?$basic_istream@DU?$char_traits@D@std@@@std@@UEAAPEAXI@Z 0000000180008590 f i test.obj
 0001:000075e0       ??_E?$basic_streambuf@DU?$char_traits@D@std@@@std@@UEAAPEAXI@Z 00000001800085e0 f i test.obj
 0001:000075e0       ??_G?$basic_streambuf@DU?$char_traits@D@std@@@std@@UEAAPEAXI@Z 00000001800085e0 f i test.obj
 0001:00007620       ??_G?$basic_ifstream@DU?$char_traits@D@std@@@std@@UEAAPEAXI@Z 0000000180008620 f i test.obj
 0001:00007620       ??_E?$basic_ifstream@DU?$char_traits@D@std@@@std@@UEAAPEAXI@Z 0000000180008620 f i test.obj
 0001:00007670       ??_G?$basic_filebuf@DU?$char_traits@D@std@@@std@@UEAAPEAXI@Z 0000000180008670 f i test.obj
 0001:00007670       ??_E?$basic_filebuf@DU?$char_traits@D@std@@@std@@UEAAPEAXI@Z 0000000180008670 f i test.obj
 0001:000076b0       ??_E?$basic_stringstream@DU?$char_traits@D@std@@V?$allocator@D@2@@std@@UEAAPEAXI@Z 00000001800086b0 f i test.obj
 0001:000076b0       ??_G?$basic_stringstream@DU?$char_traits@D@std@@V?$allocator@D@2@@std@@UEAAPEAXI@Z 00000001800086b0 f i test.obj
 0001:00007700       ??_E?$basic_iostream@DU?$char_traits@D@std@@@std@@UEAAPEAXI@Z 0000000180008700 f i test.obj
 0001:00007700       ??_G?$basic_iostream@DU?$char_traits@D@std@@@std@@UEAAPEAXI@Z 0000000180008700 f i test.obj
 0001:00007750       ??_G?$basic_stringbuf@DU?$char_traits@D@std@@V?$allocator@D@2@@std@@UEAAPEAXI@Z 0000000180008750 f i test.obj
 0001:00007750       ??_E?$basic_stringbuf@DU?$char_traits@D@std@@V?$allocator@D@2@@std@@UEAAPEAXI@Z 0000000180008750 f i test.obj
 0001:00007790       ??1?$_Iterator012@Urandom_access_iterator_tag@std@@D_JPEBDAEBDU_Iterator_base12@2@@std@@QEAA@XZ 0000000180008790 f i test.obj
 0001:000077b0       ??1_Iterator_base12@std@@QEAA@XZ 00000001800087b0 f i test.obj
 0001:000077f0       ?_Orphan_me@_Iterator_base12@std@@QEAAXXZ 00000001800087f0 f i test.obj
 0001:00007890       ??_D?$basic_ostream@DU?$char_traits@D@std@@@std@@QEAAXXZ 0000000180008890 f i test.obj
 0001:000078c0       ??_D?$basic_istream@DU?$char_traits@D@std@@@std@@QEAAXXZ 00000001800088c0 f i test.obj
 0001:000078f0       ??_D?$basic_iostream@DU?$char_traits@D@std@@@std@@QEAAXXZ 00000001800088f0 f i test.obj
 0001:00007920       ??0?$basic_string@DU?$char_traits@D@std@@V?$allocator@D@2@@std@@QEAA@AEBV01@_K1AEBV?$allocator@D@1@@Z 0000000180008920 f i test.obj
 0001:000079a0       ??0?$basic_string@DU?$char_traits@D@std@@V?$allocator@D@2@@std@@QEAA@_KD@Z 00000001800089a0 f i test.obj
 0001:00007a10       ?assign@?$basic_string@DU?$char_traits@D@std@@V?$allocator@D@2@@std@@QEAAAEAV12@$$QEAV12@@Z 0000000180008a10 f i test.obj
 0001:00007b50       ?move@?$char_traits@D@std@@SAPEADPEADPEBD_K@Z 0000000180008b50 f i test.obj
 0001:00007b80       ??4?$basic_string@DU?$char_traits@D@std@@V?$allocator@D@2@@std@@QEAAAEAV01@AEBV01@@Z 0000000180008b80 f i test.obj
 0001:00007bb0       ?append@?$basic_string@DU?$char_traits@D@std@@V?$allocator@D@2@@std@@QEAAAEAV12@_KD@Z 0000000180008bb0 f i test.obj
 0001:00007c60       ?assign@?$basic_string@DU?$char_traits@D@std@@V?$allocator@D@2@@std@@QEAAAEAV12@AEBV12@@Z 0000000180008c60 f i test.obj
 0001:00007c90       ?assign@?$basic_string@DU?$char_traits@D@std@@V?$allocator@D@2@@std@@QEAAAEAV12@PEBD@Z 0000000180008c90 f i test.obj
 0001:00007ce0       ?length@?$char_traits@D@std@@SA_KPEBD@Z 0000000180008ce0 f i test.obj
 0001:00007d10       ?erase@?$basic_string@DU?$char_traits@D@std@@V?$allocator@D@2@@std@@QEAAAEAV12@_K0@Z 0000000180008d10 f i test.obj
 0001:00007e10       ?begin@?$basic_string@DU?$char_traits@D@std@@V?$allocator@D@2@@std@@QEAA?AV?$_String_iterator@DU?$char_traits@D@std@@V?$allocator@D@2@@2@XZ 0000000180008e10 f i test.obj
 0001:00007e60       ?get_allocator@?$basic_string@DU?$char_traits@D@std@@V?$allocator@D@2@@std@@QEBA?AV?$allocator@D@2@XZ 0000000180008e60 f i test.obj
 0001:00007e90       ?_Tidy@?$basic_string@DU?$char_traits@D@std@@V?$allocator@D@2@@std@@QEAAX_N_K@Z 0000000180008e90 f i test.obj
 0001:00007f30       ?_Myptr@?$basic_string@DU?$char_traits@D@std@@V?$allocator@D@2@@std@@QEBAPEBDXZ 0000000180008f30 f i test.obj
 0001:00007f30       ?_Myptr@?$basic_string@DU?$char_traits@D@std@@V?$allocator@D@2@@std@@QEAAPEADXZ 0000000180008f30 f i test.obj
 0001:00007f70       ??0?$_String_val@DV?$allocator@D@std@@@std@@QEAA@V?$allocator@D@1@@Z 0000000180008f70 f i test.obj
 0001:00008010       ??0_Container_base12@std@@QEAA@XZ 0000000180009010 f i test.obj
 0001:00008030       ??1_Container_base12@std@@QEAA@XZ 0000000180009030 f i test.obj
 0001:00008050       ?_Orphan_all@_Container_base12@std@@QEAAXXZ 0000000180009050 f i test.obj
 0001:000080e0       ??1?$_String_val@DV?$allocator@D@std@@@std@@QEAA@XZ 00000001800090e0 f i test.obj
 0001:00008160       ?allocate@?$allocator@D@std@@QEAAPEAD_K@Z 0000000180009160 f i test.obj
 0001:00008180       ?clear@?$basic_ios@DU?$char_traits@D@std@@@std@@QEAAXH_N@Z 0000000180009180 f i test.obj
 0001:000081d0       ?clear@ios_base@std@@QEAAXH_N@Z 00000001800091d0 f i test.obj
 0001:00008330       ??0runtime_error@std@@QEAA@AEBV01@@Z 0000000180009330 f i test.obj
 0001:00008370       ??1runtime_error@std@@UEAA@XZ 0000000180009370 f i test.obj
 0001:00008370       ??1logic_error@std@@UEAA@XZ 0000000180009370 f i libcpmtd:xthrow.obj
 0001:00008390       ?make_error_code@std@@YA?AVerror_code@1@W4io_errc@31@@Z 0000000180009390 f i test.obj
 0001:000083c0       ??0failure@ios_base@std@@QEAA@PEBDAEBVerror_code@2@@Z 00000001800093c0 f i test.obj
 0001:00008420       ??0system_error@std@@QEAA@Verror_code@1@PEBD@Z 0000000180009420 f i test.obj
 0001:000084a0       ??0runtime_error@std@@QEAA@PEBD@Z 00000001800094a0 f i test.obj
 0001:000084e0       ?_Makestr@system_error@std@@AEAAXXZ 00000001800094e0 f i test.obj
 0001:000084e0       ??$_Destroy@U_Container_proxy@std@@@std@@YAXPEAU_Container_proxy@0@@Z 00000001800094e0 f i test.obj
 0001:000084f0       ??1system_error@std@@UEAA@XZ 00000001800094f0 f i test.obj
 0001:000084f0       ??1out_of_range@std@@UEAA@XZ 00000001800094f0 f i libcpmtd:xthrow.obj
 0001:000084f0       ??1length_error@std@@UEAA@XZ 00000001800094f0 f i libcpmtd:xthrow.obj
 0001:00008510       ??_Efailure@ios_base@std@@UEAAPEAXI@Z 0000000180009510 f i test.obj
 0001:00008510       ??_Gfailure@ios_base@std@@UEAAPEAXI@Z 0000000180009510 f i test.obj
 0001:00008550       ??1failure@ios_base@std@@UEAA@XZ 0000000180009550 f i test.obj
 0001:00008570       ??0failure@ios_base@std@@QEAA@AEBV012@@Z 0000000180009570 f i test.obj
 0001:000085b0       ??0system_error@std@@QEAA@AEBV01@@Z 00000001800095b0 f i test.obj
 0001:00008620       ?fill@?$basic_ios@DU?$char_traits@D@std@@@std@@QEBADXZ 0000000180009620 f i test.obj
 0001:00008630       ??0?$basic_ios@DU?$char_traits@D@std@@@std@@IEAA@XZ 0000000180009630 f i test.obj
 0001:00008660       ??0ios_base@std@@IEAA@XZ   0000000180009660 f i test.obj
 0001:00008680       ??0?$basic_istream@DU?$char_traits@D@std@@@std@@QEAA@PEAV?$basic_streambuf@DU?$char_traits@D@std@@@1@_N@Z 0000000180009680 f i test.obj
 0001:00008740       ?_Ipfx@?$basic_istream@DU?$char_traits@D@std@@@std@@QEAA_N_N@Z 0000000180009740 f i test.obj
 0001:000089f0       ?is@?$ctype@D@std@@QEBA_NFD@Z 00000001800099f0 f i test.obj
 0001:00008a40       ?good@ios_base@std@@QEBA_NXZ 0000000180009a40 f i test.obj
 0001:00008a80       ?sgetc@?$basic_streambuf@DU?$char_traits@D@std@@@std@@QEAAHXZ 0000000180009a80 f i test.obj
 0001:00008ad0       ?snextc@?$basic_streambuf@DU?$char_traits@D@std@@@std@@QEAAHXZ 0000000180009ad0 f i test.obj
 0001:00008b60       ??0_Sentry_base@?$basic_istream@DU?$char_traits@D@std@@@std@@QEAA@AEAV12@@Z 0000000180009b60 f i test.obj
 0001:00008b60       ??0_Sentry_base@?$basic_ostream@DU?$char_traits@D@std@@@std@@QEAA@AEAV12@@Z 0000000180009b60 f i test.obj
 0001:00008be0       ?pubsync@?$basic_streambuf@DU?$char_traits@D@std@@@std@@QEAAHXZ 0000000180009be0 f i test.obj
 0001:00008c00       ?sbumpc@?$basic_streambuf@DU?$char_traits@D@std@@@std@@QEAAHXZ 0000000180009c00 f i test.obj
 0001:00008c50       ?sputc@?$basic_streambuf@DU?$char_traits@D@std@@@std@@QEAAHD@Z 0000000180009c50 f i test.obj
 0001:00008cd0       ?eback@?$basic_streambuf@DU?$char_traits@D@std@@@std@@IEBAPEADXZ 0000000180009cd0 f i test.obj
 0001:00008cf0       ?gptr@?$basic_streambuf@DU?$char_traits@D@std@@@std@@IEBAPEADXZ 0000000180009cf0 f i test.obj
 0001:00008d10       ?pbase@?$basic_streambuf@DU?$char_traits@D@std@@@std@@IEBAPEADXZ 0000000180009d10 f i test.obj
 0001:00008d30       ?pptr@?$basic_streambuf@DU?$char_traits@D@std@@@std@@IEBAPEADXZ 0000000180009d30 f i test.obj
 0001:00008d50       ?egptr@?$basic_streambuf@DU?$char_traits@D@std@@@std@@IEBAPEADXZ 0000000180009d50 f i test.obj
 0001:00008d80       ?gbump@?$basic_streambuf@DU?$char_traits@D@std@@@std@@IEAAXH@Z 0000000180009d80 f i test.obj
 0001:00008dd0       ?setg@?$basic_streambuf@DU?$char_traits@D@std@@@std@@IEAAXPEAD00@Z 0000000180009dd0 f i test.obj
 0001:00008e30       ?epptr@?$basic_streambuf@DU?$char_traits@D@std@@@std@@IEBAPEADXZ 0000000180009e30 f i test.obj
 0001:00008e60       ?_Gndec@?$basic_streambuf@DU?$char_traits@D@std@@@std@@IEAAPEADXZ 0000000180009e60 f i test.obj
 0001:00008eb0       ?_Gninc@?$basic_streambuf@DU?$char_traits@D@std@@@std@@IEAAPEADXZ 0000000180009eb0 f i test.obj
 0001:00008f10       ?_Gnpreinc@?$basic_streambuf@DU?$char_traits@D@std@@@std@@IEAAPEADXZ 0000000180009f10 f i test.obj
 0001:00008f60       ?_Gnavail@?$basic_streambuf@DU?$char_traits@D@std@@@std@@IEBA_JXZ 0000000180009f60 f i test.obj
 0001:00008fa0       ?pbump@?$basic_streambuf@DU?$char_traits@D@std@@@std@@IEAAXH@Z 0000000180009fa0 f i test.obj
 0001:00008ff0       ?setp@?$basic_streambuf@DU?$char_traits@D@std@@@std@@IEAAXPEAD0@Z 0000000180009ff0 f i test.obj
 0001:00009040       ?setp@?$basic_streambuf@DU?$char_traits@D@std@@@std@@IEAAXPEAD00@Z 000000018000a040 f i test.obj
 0001:000090a0       ?_Pninc@?$basic_streambuf@DU?$char_traits@D@std@@@std@@IEAAPEADXZ 000000018000a0a0 f i test.obj
 0001:00009100       ?_Pnavail@?$basic_streambuf@DU?$char_traits@D@std@@@std@@IEBA_JXZ 000000018000a100 f i test.obj
 0001:00009140       ??0?$basic_filebuf@DU?$char_traits@D@std@@@std@@QEAA@PEAU_iobuf@@@Z 000000018000a140 f i test.obj
 0001:00009190       ?is_open@?$basic_filebuf@DU?$char_traits@D@std@@@std@@QEBA_NXZ 000000018000a190 f i test.obj
 0001:000091d0       ?open@?$basic_filebuf@DU?$char_traits@D@std@@@std@@QEAAPEAV12@PEBDHH@Z 000000018000a1d0 f i test.obj
 0001:00009290       ?close@?$basic_filebuf@DU?$char_traits@D@std@@@std@@QEAAPEAV12@XZ 000000018000a290 f i test.obj
 0001:00009320       ?_Init@?$basic_filebuf@DU?$char_traits@D@std@@@std@@IEAAXPEAU_iobuf@@W4_Initfl@12@@Z 000000018000a320 f i test.obj
 0001:00009460       ?_Endwrite@?$basic_filebuf@DU?$char_traits@D@std@@@std@@IEAA_NXZ 000000018000a460 f i test.obj
 0001:00009870       ?_Initcvt@?$basic_filebuf@DU?$char_traits@D@std@@@std@@IEAAXPEBV?$codecvt@DDH@2@@Z 000000018000a870 f i test.obj
 0001:000098d0       ?decimal_point@?$numpunct@D@std@@QEBADXZ 000000018000a8d0 f i test.obj
 0001:000098d0       ?always_noconv@codecvt_base@std@@QEBA_NXZ 000000018000a8d0 f i test.obj
 0001:000098f0       ?_Reset_back@?$basic_filebuf@DU?$char_traits@D@std@@@std@@AEAAXXZ 000000018000a8f0 f i test.obj
 0001:00009940       ?_Set_back@?$basic_filebuf@DU?$char_traits@D@std@@@std@@AEAAXXZ 000000018000a940 f i test.obj
 0001:000099d0       ??0?$basic_iostream@DU?$char_traits@D@std@@@std@@QEAA@PEAV?$basic_streambuf@DU?$char_traits@D@std@@@1@@Z 000000018000a9d0 f i test.obj
 0001:00009a90       ??0?$basic_stringbuf@DU?$char_traits@D@std@@V?$allocator@D@2@@std@@QEAA@AEBV?$basic_string@DU?$char_traits@D@std@@V?$allocator@D@2@@1@H@Z 000000018000aa90 f i test.obj
 0001:00009b30       ?_Tidy@?$basic_stringbuf@DU?$char_traits@D@std@@V?$allocator@D@2@@std@@IEAAXXZ 000000018000ab30 f i test.obj
 0001:00009c00       ??D?$_String_iterator@DU?$char_traits@D@std@@V?$allocator@D@2@@std@@QEBAAEADXZ 000000018000ac00 f i test.obj
 0001:00009c20       ??0sentry@?$basic_ostream@DU?$char_traits@D@std@@@std@@QEAA@AEAV12@@Z 000000018000ac20 f i test.obj
 0001:00009cf0       ??1sentry@?$basic_ostream@DU?$char_traits@D@std@@@std@@QEAA@XZ 000000018000acf0 f i test.obj
 0001:00009d30       ??Bsentry@?$basic_ostream@DU?$char_traits@D@std@@@std@@QEBAPEQ_Bool_struct@2@HXZ 000000018000ad30 f i test.obj
 0001:00009d30       ??Bsentry@?$basic_istream@DU?$char_traits@D@std@@@std@@QEBAPEQ_Bool_struct@2@HXZ 000000018000ad30 f i test.obj
 0001:00009d60       ?put@?$num_put@DV?$ostreambuf_iterator@DU?$char_traits@D@std@@@std@@@std@@QEBA?AV?$ostreambuf_iterator@DU?$char_traits@D@std@@@2@V32@AEAVios_base@2@D_N@Z 000000018000ad60 f i test.obj
 0001:00009de0       ?put@?$num_put@DV?$ostreambuf_iterator@DU?$char_traits@D@std@@@std@@@std@@QEBA?AV?$ostreambuf_iterator@DU?$char_traits@D@std@@@2@V32@AEAVios_base@2@DJ@Z 000000018000ade0 f i test.obj
 0001:00009e50       ??0?$ostreambuf_iterator@DU?$char_traits@D@std@@@std@@QEAA@PEAV?$basic_streambuf@DU?$char_traits@D@std@@@1@@Z 000000018000ae50 f i test.obj
 0001:00009e80       ?get@?$num_get@DV?$istreambuf_iterator@DU?$char_traits@D@std@@@std@@@std@@QEBA?AV?$istreambuf_iterator@DU?$char_traits@D@std@@@2@V32@0AEAVios_base@2@AEAHAEA_N@Z 000000018000ae80 f i test.obj
 0001:00009f30       ?get@?$num_get@DV?$istreambuf_iterator@DU?$char_traits@D@std@@@std@@@std@@QEBA?AV?$istreambuf_iterator@DU?$char_traits@D@std@@@2@V32@0AEAVios_base@2@AEAHAEAJ@Z 000000018000af30 f i test.obj
 0001:00009fe0       ??0?$istreambuf_iterator@DU?$char_traits@D@std@@@std@@QEAA@PEAV?$basic_streambuf@DU?$char_traits@D@std@@@1@@Z 000000018000afe0 f i test.obj
 0001:0000a030       ??0?$fpos@H@std@@QEAA@_J@Z 000000018000b030 f i test.obj
 0001:0000a070       ??0?$fpos@H@std@@QEAA@H_J@Z 000000018000b070 f i test.obj
 0001:0000a0b0       ??B?$fpos@H@std@@QEBA_JXZ  000000018000b0b0 f i test.obj
 0001:0000a0d0       ?in@?$codecvt@DDH@std@@QEBAHAEAHPEBD1AEAPEBDPEAD3AEAPEAD@Z 000000018000b0d0 f i test.obj
 0001:0000a140       ?out@?$codecvt@DDH@std@@QEBAHAEAHPEBD1AEAPEBDPEAD3AEAPEAD@Z 000000018000b140 f i test.obj
 0001:0000a1b0       ?assign@?$basic_string@DU?$char_traits@D@std@@V?$allocator@D@2@@std@@QEAAAEAV12@AEBV12@_K1@Z 000000018000b1b0 f i test.obj
 0001:0000a2c0       ?assign@?$basic_string@DU?$char_traits@D@std@@V?$allocator@D@2@@std@@QEAAAEAV12@PEBD_K@Z 000000018000b2c0 f i test.obj
 0001:0000a390       ?assign@?$basic_string@DU?$char_traits@D@std@@V?$allocator@D@2@@std@@QEAAAEAV12@_KD@Z 000000018000b390 f i test.obj
 0001:0000a410       ?_Chassign@?$basic_string@DU?$char_traits@D@std@@V?$allocator@D@2@@std@@QEAAX_K0D@Z 000000018000b410 f i test.obj
 0001:0000a480       ?assign@?$char_traits@D@std@@SAPEADPEAD_KD@Z 000000018000b480 f i test.obj
 0001:0000a4b0       ?assign@?$char_traits@D@std@@SAXAEADAEBD@Z 000000018000b4b0 f i test.obj
 0001:0000a4d0       ?_Eos@?$basic_string@DU?$char_traits@D@std@@V?$allocator@D@2@@std@@QEAAX_K@Z 000000018000b4d0 f i test.obj
 0001:0000a520       ?_Grow@?$basic_string@DU?$char_traits@D@std@@V?$allocator@D@2@@std@@QEAA_N_K_N@Z 000000018000b520 f i test.obj
 0001:0000a600       ?_Xlen@?$basic_string@DU?$char_traits@D@std@@V?$allocator@D@2@@std@@QEBAXXZ 000000018000b600 f i test.obj
 0001:0000a620       ?_Xran@?$basic_string@DU?$char_traits@D@std@@V?$allocator@D@2@@std@@QEBAXXZ 000000018000b620 f i test.obj
 0001:0000a640       ??0?$basic_ostream@DU?$char_traits@D@std@@@std@@QEAA@W4_Uninitialized@1@_N@Z 000000018000b640 f i test.obj
 0001:0000a710       ?_Osfx@?$basic_ostream@DU?$char_traits@D@std@@@std@@QEAAXXZ 000000018000b710 f i test.obj
 0001:0000a760       ?tie@?$basic_ios@DU?$char_traits@D@std@@@std@@QEBAPEAV?$basic_ostream@DU?$char_traits@D@std@@@2@XZ 000000018000b760 f i test.obj
 0001:0000a770       ?init@?$basic_ios@DU?$char_traits@D@std@@@std@@IEAAXPEAV?$basic_streambuf@DU?$char_traits@D@std@@@2@_N@Z 000000018000b770 f i test.obj
 0001:0000a800       ?_Init@ios_base@std@@IEAAXXZ 000000018000b800 f i test.obj
 0001:0000a8e0       ??0locale@std@@QEAA@XZ     000000018000b8e0 f i test.obj
 0001:0000a910       ?clear@ios_base@std@@QEAAXH@Z 000000018000b910 f i test.obj
 0001:0000a940       ??0?$basic_streambuf@DU?$char_traits@D@std@@@std@@IEAA@XZ 000000018000b940 f i test.obj
 0001:0000a9e0       ?getloc@?$basic_streambuf@DU?$char_traits@D@std@@@std@@QEBA?AVlocale@2@XZ 000000018000b9e0 f i test.obj
 0001:0000aa20       ?_Init@?$basic_streambuf@DU?$char_traits@D@std@@@std@@IEAAXXZ 000000018000ba20 f i test.obj
 0001:0000aac0       ?_Init@?$basic_streambuf@DU?$char_traits@D@std@@@std@@IEAAXPEAPEAD0PEAH001@Z 000000018000bac0 f i test.obj
 0001:0000ab30       ?_Init@?$basic_stringbuf@DU?$char_traits@D@std@@V?$allocator@D@2@@std@@IEAAXPEBD_KH@Z 000000018000bb30 f i test.obj
 0001:0000acb0       ?_Getstate@?$basic_stringbuf@DU?$char_traits@D@std@@V?$allocator@D@2@@std@@AEAAHH@Z 000000018000bcb0 f i test.obj
 0001:0000ad20       ??0?$_String_iterator@DU?$char_traits@D@std@@V?$allocator@D@2@@std@@QEAA@PEADPEBU_Container_base12@1@@Z 000000018000bd20 f i test.obj
 0001:0000ad60       ??D?$_String_const_iterator@DU?$char_traits@D@std@@V?$allocator@D@2@@std@@QEBAAEBDXZ 000000018000bd60 f i test.obj
 0001:0000ae80       ?_Getcont@_Iterator_base12@std@@QEBAPEBU_Container_base12@2@XZ 000000018000be80 f i test.obj
 0001:0000aec0       ?unshift@?$codecvt@DDH@std@@QEBAHAEAHPEAD1AEAPEAD@Z 000000018000bec0 f i test.obj
 0001:0000af10       ?deallocate@?$allocator@U_Container_proxy@std@@@std@@QEAAXPEAU_Container_proxy@2@_K@Z 000000018000bf10 f i test.obj
 0001:0000af10       ?deallocate@?$allocator@D@std@@QEAAXPEAD_K@Z 000000018000bf10 f i test.obj
 0001:0000af40       ?allocate@?$allocator@U_Container_proxy@std@@@std@@QEAAPEAU_Container_proxy@2@_K@Z 000000018000bf40 f i test.obj
 0001:0000af60       ?max_size@?$basic_string@DU?$char_traits@D@std@@V?$allocator@D@2@@std@@QEBA_KXZ 000000018000bf60 f i test.obj
 0001:0000afb0       ?_Copy@?$basic_string@DU?$char_traits@D@std@@V?$allocator@D@2@@std@@QEAAX_K0@Z 000000018000bfb0 f i test.obj
 0001:0000b130       ?_Inside@?$basic_string@DU?$char_traits@D@std@@V?$allocator@D@2@@std@@QEAA_NPEBD@Z 000000018000c130 f i test.obj
 0001:0000b180       ?widen@?$basic_ios@DU?$char_traits@D@std@@@std@@QEBADD@Z 000000018000c180 f i test.obj
 0001:0000b1f0       ?widen@?$ctype@D@std@@QEBADD@Z 000000018000c1f0 f i test.obj
 0001:0000b220       ??0?$_String_const_iterator@DU?$char_traits@D@std@@V?$allocator@D@2@@std@@QEAA@PEBDPEBU_Container_base12@1@@Z 000000018000c220 f i test.obj
 0001:0000b270       ?_Adopt@_Iterator_base12@std@@QEAAXPEBU_Container_base12@2@@Z 000000018000c270 f i test.obj
 0001:0000b310       ??0?$_Iterator012@Urandom_access_iterator_tag@std@@D_JPEBDAEBDU_Iterator_base12@2@@std@@QEAA@XZ 000000018000c310 f i test.obj
 0001:0000b330       ??0_Container_proxy@std@@QEAA@XZ 000000018000c330 f i test.obj
 0001:0000b330       ??0_Iterator_base12@std@@QEAA@XZ 000000018000c330 f i test.obj
 0001:0000b360       ?max_size@?$allocator@D@std@@QEBA_KXZ 000000018000c360 f i test.obj
 0001:0000b3a0       ??$_DebugHeapDelete@Vfacet@locale@std@@@std@@YAXPEAVfacet@locale@0@@Z 000000018000c3a0 f i test.obj
 0001:0000b3e0       ??$use_facet@V?$ctype@D@std@@@std@@YAAEBV?$ctype@D@0@AEBVlocale@0@@Z 000000018000c3e0 f i test.obj
 0001:0000b4f0       ??Bid@locale@std@@QEAA_KXZ 000000018000c4f0 f i test.obj
 0001:0000b550       ?_Register@facet@locale@std@@QEAAXXZ 000000018000c550 f i test.obj
 0001:0000b570       ?_Getfacet@locale@std@@QEBAPEBVfacet@12@_K@Z 000000018000c570 f i test.obj
 0001:0000b630       ?_Getcat@?$ctype@D@std@@SA_KPEAPEBVfacet@locale@2@PEBV42@@Z 000000018000c630 f i test.obj
 0001:0000b770       ??0_Locinfo@std@@QEAA@PEBD@Z 000000018000c770 f i test.obj
 0001:0000b820       ??1_Locinfo@std@@QEAA@XZ   000000018000c820 f i test.obj
 0001:0000b8a0       ?c_str@locale@std@@QEBAPEBDXZ 000000018000c8a0 f i test.obj
 0001:0000b8d0       ??0?$ctype@D@std@@QEAA@AEBV_Locinfo@1@_K@Z 000000018000c8d0 f i test.obj
 0001:0000b930       ??0ctype_base@std@@QEAA@_K@Z 000000018000c930 f i test.obj
 0001:0000b970       ??0facet@locale@std@@IEAA@_K@Z 000000018000c970 f i test.obj
 0001:0000b9a0       ??_Gfacet@locale@std@@UEAAPEAXI@Z 000000018000c9a0 f i test.obj
 0001:0000b9a0       ??_Efacet@locale@std@@UEAAPEAXI@Z 000000018000c9a0 f i test.obj
 0001:0000b9e0       ??1facet@locale@std@@UEAA@XZ 000000018000c9e0 f i test.obj
 0001:0000ba00       ??1ctype_base@std@@UEAA@XZ 000000018000ca00 f i test.obj
 0001:0000ba30       ??_Gctype_base@std@@UEAAPEAXI@Z 000000018000ca30 f i test.obj
 0001:0000ba30       ??_Ectype_base@std@@UEAAPEAXI@Z 000000018000ca30 f i test.obj
 0001:0000ba70       ?_Init@?$ctype@D@std@@IEAAXAEBV_Locinfo@2@@Z 000000018000ca70 f i test.obj
 0001:0000bac0       ?_Getctype@_Locinfo@std@@QEBA?AU_Ctypevec@@XZ 000000018000cac0 f i test.obj
 0001:0000bb30       ?do_tolower@?$ctype@D@std@@MEBADD@Z 000000018000cb30 f i test.obj
 0001:0000bb60       ?do_tolower@?$ctype@D@std@@MEBAPEBDPEADPEBD@Z 000000018000cb60 f i test.obj
 0001:0000bbe0       ?do_toupper@?$ctype@D@std@@MEBADD@Z 000000018000cbe0 f i test.obj
 0001:0000bc10       ?do_toupper@?$ctype@D@std@@MEBAPEBDPEADPEBD@Z 000000018000cc10 f i test.obj
 0001:0000bc90       ?do_widen@?$ctype@D@std@@MEBADD@Z 000000018000cc90 f i test.obj
 0001:0000bca0       ?do_widen@?$ctype@D@std@@MEBAPEBDPEBD0PEAD@Z 000000018000cca0 f i test.obj
 0001:0000bd20       ?do_narrow@?$ctype@D@std@@MEBADDD@Z 000000018000cd20 f i test.obj
 0001:0000bd40       ?do_narrow@?$ctype@D@std@@MEBAPEBDPEBD0DPEAD@Z 000000018000cd40 f i test.obj
 0001:0000bdc0       ??_E?$ctype@D@std@@MEAAPEAXI@Z 000000018000cdc0 f i test.obj
 0001:0000bdc0       ??_G?$ctype@D@std@@MEAAPEAXI@Z 000000018000cdc0 f i test.obj
 0001:0000be00       ??1?$ctype@D@std@@MEAA@XZ  000000018000ce00 f i test.obj
 0001:0000be40       ?_Tidy@?$ctype@D@std@@IEAAXXZ 000000018000ce40 f i test.obj
 0001:0000be90       ??0?$_Yarn@D@std@@QEAA@XZ  000000018000ce90 f i test.obj
 0001:0000beb0       ??1?$_Yarn@D@std@@QEAA@XZ  000000018000ceb0 f i test.obj
 0001:0000bed0       ?_Tidy@?$_Yarn@D@std@@AEAAXXZ 000000018000ced0 f i test.obj
 0001:0000bf10       ??$_Debug_range@PEBD@std@@YAXPEBD0PEB_WI@Z 000000018000cf10 f i test.obj
 0001:0000bf60       ??$?6U?$char_traits@D@std@@@std@@YAAEAV?$basic_ostream@DU?$char_traits@D@std@@@0@AEAV10@PEBD@Z 000000018000cf60 f i test.obj
 0001:0000c350       ?width@ios_base@std@@QEBA_JXZ 000000018000d350 f i test.obj
 0001:0000c360       ?width@ios_base@std@@QEAA_J_J@Z 000000018000d360 f i test.obj
 0001:0000c3a0       ??$?HDU?$char_traits@D@std@@V?$allocator@D@1@@std@@YA?AV?$basic_string@DU?$char_traits@D@std@@V?$allocator@D@2@@0@$$QEAV10@PEBD@Z 000000018000d3a0 f i test.obj
 0001:0000c400       ?append@?$basic_string@DU?$char_traits@D@std@@V?$allocator@D@2@@std@@QEAAAEAV12@PEBD@Z 000000018000d400 f i test.obj
 0001:0000c450       ?append@?$basic_string@DU?$char_traits@D@std@@V?$allocator@D@2@@std@@QEAAAEAV12@PEBD_K@Z 000000018000d450 f i test.obj
 0001:0000c570       ?append@?$basic_string@DU?$char_traits@D@std@@V?$allocator@D@2@@std@@QEAAAEAV12@AEBV12@_K1@Z 000000018000d570 f i test.obj
 0001:0000c680       ??$?HDU?$char_traits@D@std@@V?$allocator@D@1@@std@@YA?AV?$basic_string@DU?$char_traits@D@std@@V?$allocator@D@2@@0@$$QEAV10@0@Z 000000018000d680 f i test.obj
 0001:0000c790       ?append@?$basic_string@DU?$char_traits@D@std@@V?$allocator@D@2@@std@@QEAAAEAV12@AEBV12@@Z 000000018000d790 f i test.obj
 0001:0000c7c0       ??$getline@DU?$char_traits@D@std@@V?$allocator@D@2@@std@@YAAEAV?$basic_istream@DU?$char_traits@D@std@@@0@AEAV10@AEAV?$basic_string@DU?$char_traits@D@std@@V?$allocator@D@2@@0@@Z 000000018000d7c0 f i test.obj
 0001:0000c820       ??$?8DU?$char_traits@D@std@@V?$allocator@D@1@@std@@YA_NAEBV?$basic_string@DU?$char_traits@D@std@@V?$allocator@D@2@@0@PEBD@Z 000000018000d820 f i test.obj
 0001:0000c860       ?compare@?$basic_string@DU?$char_traits@D@std@@V?$allocator@D@2@@std@@QEBAHPEBD@Z 000000018000d860 f i test.obj
 0001:0000c8c0       ?compare@?$basic_string@DU?$char_traits@D@std@@V?$allocator@D@2@@std@@QEBAH_K0PEBD0@Z 000000018000d8c0 f i test.obj
 0001:0000c9f0       ?compare@?$char_traits@D@std@@SAHPEBD0_K@Z 000000018000d9f0 f i test.obj
 0001:0000ca20       ??$_Debug_pointer@D@std@@YAXPEBDPEB_WI@Z 000000018000da20 f i test.obj
 0001:0000ca20       ??$_Debug_pointer@$$A6AAEAV?$basic_ostream@DU?$char_traits@D@std@@@std@@AEAV12@@Z@std@@YAXP6AAEAV?$basic_ostream@DU?$char_traits@D@std@@@0@AEAV10@@ZPEB_WI@Z 000000018000da20 f i test.obj
 0001:0000ca20       ??$_Debug_pointer@D@std@@YAXPEADPEB_WI@Z 000000018000da20 f i test.obj
 0001:0000ca60       ??$use_facet@V?$num_put@DV?$ostreambuf_iterator@DU?$char_traits@D@std@@@std@@@std@@@std@@YAAEBV?$num_put@DV?$ostreambuf_iterator@DU?$char_traits@D@std@@@std@@@0@AEBVlocale@0@@Z 000000018000da60 f i test.obj
 0001:0000cb70       ??$use_facet@V?$num_get@DV?$istreambuf_iterator@DU?$char_traits@D@std@@@std@@@std@@@std@@YAAEBV?$num_get@DV?$istreambuf_iterator@DU?$char_traits@D@std@@@std@@@0@AEBVlocale@0@@Z 000000018000db70 f i test.obj
 0001:0000cc80       ??$_DebugHeapDelete@Vlocale@std@@@std@@YAXPEAVlocale@0@@Z 000000018000dc80 f i test.obj
 0001:0000ccb0       ??$use_facet@V?$codecvt@DDH@std@@@std@@YAAEBV?$codecvt@DDH@0@AEBVlocale@0@@Z 000000018000dcb0 f i test.obj
 0001:0000cdc0       ??$?9DD@std@@YA_NAEBV?$allocator@D@0@0@Z 000000018000ddc0 f i test.obj
 0001:0000ce00       ??0?$allocator@D@std@@QEAA@AEBV01@@Z 000000018000de00 f i test.obj
 0001:0000ce00       ??$?0D@?$allocator@U_Container_proxy@std@@@std@@QEAA@AEBV?$allocator@D@1@@Z 000000018000de00 f i test.obj
 0001:0000ce10       ??$_Cons_val@V?$allocator@U_Container_proxy@std@@@std@@U_Container_proxy@2@U32@@std@@YAXAEAV?$allocator@U_Container_proxy@std@@@0@PEAU_Container_proxy@0@$$QEAU20@@Z 000000018000de10 f i test.obj
 0001:0000ce50       ??$_Dest_val@V?$allocator@U_Container_proxy@std@@@std@@U_Container_proxy@2@@std@@YAXAEAV?$allocator@U_Container_proxy@std@@@0@PEAU_Container_proxy@0@@Z 000000018000de50 f i test.obj
 0001:0000ce80       ??$_Allocate@D@std@@YAPEAD_KPEAD@Z 000000018000de80 f i test.obj
 0001:0000cef0       ??0bad_alloc@std@@QEAA@PEBD@Z 000000018000def0 f i test.obj
 0001:0000cf30       ??1bad_alloc@std@@UEAA@XZ  000000018000df30 f i test.obj
 0001:0000cf60       ??_Gbad_alloc@std@@UEAAPEAXI@Z 000000018000df60 f i test.obj
 0001:0000cf60       ??_Ebad_alloc@std@@UEAAPEAXI@Z 000000018000df60 f i test.obj
 0001:0000cfa0       ??$_Allocate@U_Container_proxy@std@@@std@@YAPEAU_Container_proxy@0@_KPEAU10@@Z 000000018000dfa0 f i test.obj
 0001:0000d020       ??_Glocale@std@@QEAAPEAXI@Z 000000018000e020 f i test.obj
 0001:0000d060       ??0bad_alloc@std@@QEAA@AEBV01@@Z 000000018000e060 f i test.obj
 0001:0000d0a0       ?insert@?$basic_string@DU?$char_traits@D@std@@V?$allocator@D@2@@std@@QEAAAEAV12@_KAEBV12@@Z 000000018000e0a0 f i test.obj
 0001:0000d0e0       ?sputn@?$basic_streambuf@DU?$char_traits@D@std@@@std@@QEAA_JPEBD_J@Z 000000018000e0e0 f i test.obj
 0001:0000d120       ?_Getcat@?$num_put@DV?$ostreambuf_iterator@DU?$char_traits@D@std@@@std@@@std@@SA_KPEAPEBVfacet@locale@2@PEBV42@@Z 000000018000e120 f i test.obj
 0001:0000d260       ?_Getcat@?$num_get@DV?$istreambuf_iterator@DU?$char_traits@D@std@@@std@@@std@@SA_KPEAPEBVfacet@locale@2@PEBV42@@Z 000000018000e260 f i test.obj
 0001:0000d3a0       ?_Getcat@?$codecvt@DDH@std@@SA_KPEAPEBVfacet@locale@2@PEBV42@@Z 000000018000e3a0 f i test.obj
 0001:0000d4e0       ?construct@?$allocator@U_Container_proxy@std@@@std@@QEAAXPEAU_Container_proxy@2@$$QEAU32@@Z 000000018000e4e0 f i test.obj
 0001:0000d580       ??2@YAPEAX_KPEAX@Z         000000018000e580 f i test.obj
 0001:0000d590       ?destroy@?$allocator@U_Container_proxy@std@@@std@@QEAAXPEAU_Container_proxy@2@@Z 000000018000e590 f i test.obj
 0001:0000d5b0       ?insert@?$basic_string@DU?$char_traits@D@std@@V?$allocator@D@2@@std@@QEAAAEAV12@_KAEBV12@00@Z 000000018000e5b0 f i test.obj
 0001:0000d7c0       ??0?$num_put@DV?$ostreambuf_iterator@DU?$char_traits@D@std@@@std@@@std@@QEAA@AEBV_Locinfo@1@_K@Z 000000018000e7c0 f i test.obj
 0001:0000d820       ?do_put@?$num_put@DV?$ostreambuf_iterator@DU?$char_traits@D@std@@@std@@@std@@MEBA?AV?$ostreambuf_iterator@DU?$char_traits@D@std@@@2@V32@AEAVios_base@2@D_N@Z 000000018000e820 f i test.obj
 0001:0000dc70       ?do_put@?$num_put@DV?$ostreambuf_iterator@DU?$char_traits@D@std@@@std@@@std@@MEBA?AV?$ostreambuf_iterator@DU?$char_traits@D@std@@@2@V32@AEAVios_base@2@DJ@Z 000000018000ec70 f i test.obj
 0001:0000dd70       ?do_put@?$num_put@DV?$ostreambuf_iterator@DU?$char_traits@D@std@@@std@@@std@@MEBA?AV?$ostreambuf_iterator@DU?$char_traits@D@std@@@2@V32@AEAVios_base@2@DK@Z 000000018000ed70 f i test.obj
 0001:0000de70       ?do_put@?$num_put@DV?$ostreambuf_iterator@DU?$char_traits@D@std@@@std@@@std@@MEBA?AV?$ostreambuf_iterator@DU?$char_traits@D@std@@@2@V32@AEAVios_base@2@D_J@Z 000000018000ee70 f i test.obj
 0001:0000df70       ?do_put@?$num_put@DV?$ostreambuf_iterator@DU?$char_traits@D@std@@@std@@@std@@MEBA?AV?$ostreambuf_iterator@DU?$char_traits@D@std@@@2@V32@AEAVios_base@2@D_K@Z 000000018000ef70 f i test.obj
 0001:0000e070       ?do_put@?$num_put@DV?$ostreambuf_iterator@DU?$char_traits@D@std@@@std@@@std@@MEBA?AV?$ostreambuf_iterator@DU?$char_traits@D@std@@@2@V32@AEAVios_base@2@DN@Z 000000018000f070 f i test.obj
 0001:0000e3c0       ?capacity@?$basic_string@DU?$char_traits@D@std@@V?$allocator@D@2@@std@@QEBA_KXZ 000000018000f3c0 f i test.obj
 0001:0000e3c0       ?precision@ios_base@std@@QEBA_JXZ 000000018000f3c0 f i test.obj
 0001:0000e3d0       ?do_put@?$num_put@DV?$ostreambuf_iterator@DU?$char_traits@D@std@@@std@@@std@@MEBA?AV?$ostreambuf_iterator@DU?$char_traits@D@std@@@2@V32@AEAVios_base@2@DO@Z 000000018000f3d0 f i test.obj
 0001:0000e700       ?do_put@?$num_put@DV?$ostreambuf_iterator@DU?$char_traits@D@std@@@std@@@std@@MEBA?AV?$ostreambuf_iterator@DU?$char_traits@D@std@@@2@V32@AEAVios_base@2@DPEBX@Z 000000018000f700 f i test.obj
 0001:0000e7d0       ??_G?$num_put@DV?$ostreambuf_iterator@DU?$char_traits@D@std@@@std@@@std@@MEAAPEAXI@Z 000000018000f7d0 f i test.obj
 0001:0000e7d0       ??_E?$num_put@DV?$ostreambuf_iterator@DU?$char_traits@D@std@@@std@@@std@@MEAAPEAXI@Z 000000018000f7d0 f i test.obj
 0001:0000e810       ??1?$num_put@DV?$ostreambuf_iterator@DU?$char_traits@D@std@@@std@@@std@@MEAA@XZ 000000018000f810 f i test.obj
 0001:0000e840       ?_Ffmt@?$num_put@DV?$ostreambuf_iterator@DU?$char_traits@D@std@@@std@@@std@@AEBAPEADPEADDH@Z 000000018000f840 f i test.obj
 0001:0000e970       ?_Fput@?$num_put@DV?$ostreambuf_iterator@DU?$char_traits@D@std@@@std@@@std@@AEBA?AV?$ostreambuf_iterator@DU?$char_traits@D@std@@@2@V32@AEAVios_base@2@DPEBD_K333@Z 000000018000f970 f i test.obj
 0001:0000f660       ?insert@?$basic_string@DU?$char_traits@D@std@@V?$allocator@D@2@@std@@QEAAAEAV12@_K0D@Z 0000000180010660 f i test.obj
 0001:0000f780       ?_Ifmt@?$num_put@DV?$ostreambuf_iterator@DU?$char_traits@D@std@@@std@@@std@@AEBAPEADPEADPEBDH@Z 0000000180010780 f i test.obj
 0001:0000f8e0       ?_Iput@?$num_put@DV?$ostreambuf_iterator@DU?$char_traits@D@std@@@std@@@std@@AEBA?AV?$ostreambuf_iterator@DU?$char_traits@D@std@@@2@V32@AEAVios_base@2@DPEAD_K@Z 00000001800108e0 f i test.obj
 0001:0000ff10       ?_Put@?$num_put@DV?$ostreambuf_iterator@DU?$char_traits@D@std@@@std@@@std@@AEBA?AV?$ostreambuf_iterator@DU?$char_traits@D@std@@@2@V32@PEBD_K@Z 0000000180010f10 f i test.obj
 0001:0000ffb0       ?_Rep@?$num_put@DV?$ostreambuf_iterator@DU?$char_traits@D@std@@@std@@@std@@AEBA?AV?$ostreambuf_iterator@DU?$char_traits@D@std@@@2@V32@D_K@Z 0000000180010fb0 f i test.obj
 0001:00010040       ?falsename@?$numpunct@D@std@@QEBA?AV?$basic_string@DU?$char_traits@D@std@@V?$allocator@D@2@@2@XZ 0000000180011040 f i test.obj
 0001:00010080       ?truename@?$numpunct@D@std@@QEBA?AV?$basic_string@DU?$char_traits@D@std@@V?$allocator@D@2@@2@XZ 0000000180011080 f i test.obj
 0001:000100c0       ??A?$basic_string@DU?$char_traits@D@std@@V?$allocator@D@2@@std@@QEAAAEAD_K@Z 00000001800110c0 f i test.obj
 0001:00010110       ?_Putc@?$num_put@DV?$ostreambuf_iterator@DU?$char_traits@D@std@@@std@@@std@@AEBA?AV?$ostreambuf_iterator@DU?$char_traits@D@std@@@2@V32@PEBD_K@Z 0000000180011110 f i test.obj
 0001:000101d0       ?_Putgrouped@?$num_put@DV?$ostreambuf_iterator@DU?$char_traits@D@std@@@std@@@std@@AEBA?AV?$ostreambuf_iterator@DU?$char_traits@D@std@@@2@V32@PEBD_KD@Z 00000001800111d0 f i test.obj
 0001:000103f0       ??4?$ostreambuf_iterator@DU?$char_traits@D@std@@@std@@QEAAAEAV01@D@Z 00000001800113f0 f i test.obj
 0001:00010460       ?thousands_sep@?$numpunct@D@std@@QEBADXZ 0000000180011460 f i test.obj
 0001:00010480       ?grouping@?$numpunct@D@std@@QEBA?AV?$basic_string@DU?$char_traits@D@std@@V?$allocator@D@2@@2@XZ 0000000180011480 f i test.obj
 0001:000104c0       ??$_Debug_pointer@V?$ostreambuf_iterator@DU?$char_traits@D@std@@@std@@@std@@YAXAEAV?$ostreambuf_iterator@DU?$char_traits@D@std@@@0@PEB_WI@Z 00000001800114c0 f i test.obj
 0001:000104d0       ??$use_facet@V?$numpunct@D@std@@@std@@YAAEBV?$numpunct@D@0@AEBVlocale@0@@Z 00000001800114d0 f i test.obj
 0001:000105e0       ??$_Maklocchr@D@std@@YADDPEADAEBU_Cvtvec@@@Z 00000001800115e0 f i test.obj
 0001:00010600       ?_Getcat@?$numpunct@D@std@@SA_KPEAPEBVfacet@locale@2@PEBV42@@Z 0000000180011600 f i test.obj
 0001:00010740       ??0?$num_get@DV?$istreambuf_iterator@DU?$char_traits@D@std@@@std@@@std@@QEAA@AEBV_Locinfo@1@_K@Z 0000000180011740 f i test.obj
 0001:000107a0       ?do_get@?$num_get@DV?$istreambuf_iterator@DU?$char_traits@D@std@@@std@@@std@@MEBA?AV?$istreambuf_iterator@DU?$char_traits@D@std@@@2@V32@0AEAVios_base@2@AEAHAEA_N@Z 00000001800117a0 f i test.obj
 0001:00010b70       ?do_get@?$num_get@DV?$istreambuf_iterator@DU?$char_traits@D@std@@@std@@@std@@MEBA?AV?$istreambuf_iterator@DU?$char_traits@D@std@@@2@V32@0AEAVios_base@2@AEAHAEAG@Z 0000000180011b70 f i test.obj
 0001:00010dd0       ?do_get@?$num_get@DV?$istreambuf_iterator@DU?$char_traits@D@std@@@std@@@std@@MEBA?AV?$istreambuf_iterator@DU?$char_traits@D@std@@@2@V32@0AEAVios_base@2@AEAHAEAI@Z 0000000180011dd0 f i test.obj
 0001:00011030       ?do_get@?$num_get@DV?$istreambuf_iterator@DU?$char_traits@D@std@@@std@@@std@@MEBA?AV?$istreambuf_iterator@DU?$char_traits@D@std@@@2@V32@0AEAVios_base@2@AEAHAEAJ@Z 0000000180012030 f i test.obj
 0001:00011220       ?do_get@?$num_get@DV?$istreambuf_iterator@DU?$char_traits@D@std@@@std@@@std@@MEBA?AV?$istreambuf_iterator@DU?$char_traits@D@std@@@2@V32@0AEAVios_base@2@AEAHAEAK@Z 0000000180012220 f i test.obj
 0001:00011410       ?do_get@?$num_get@DV?$istreambuf_iterator@DU?$char_traits@D@std@@@std@@@std@@MEBA?AV?$istreambuf_iterator@DU?$char_traits@D@std@@@2@V32@0AEAVios_base@2@AEAHAEA_J@Z 0000000180012410 f i test.obj
 0001:00011600       ?do_get@?$num_get@DV?$istreambuf_iterator@DU?$char_traits@D@std@@@std@@@std@@MEBA?AV?$istreambuf_iterator@DU?$char_traits@D@std@@@2@V32@0AEAVios_base@2@AEAHAEA_K@Z 0000000180012600 f i test.obj
 0001:000117f0       ?do_get@?$num_get@DV?$istreambuf_iterator@DU?$char_traits@D@std@@@std@@@std@@MEBA?AV?$istreambuf_iterator@DU?$char_traits@D@std@@@2@V32@0AEAVios_base@2@AEAHAEAM@Z 00000001800127f0 f i test.obj
 0001:000119e0       ldexpf                     00000001800129e0 f i test.obj
 0001:00011a10       ?do_get@?$num_get@DV?$istreambuf_iterator@DU?$char_traits@D@std@@@std@@@std@@MEBA?AV?$istreambuf_iterator@DU?$char_traits@D@std@@@2@V32@0AEAVios_base@2@AEAHAEAN@Z 0000000180012a10 f i test.obj
 0001:00011c00       ?do_get@?$num_get@DV?$istreambuf_iterator@DU?$char_traits@D@std@@@std@@@std@@MEBA?AV?$istreambuf_iterator@DU?$char_traits@D@std@@@2@V32@0AEAVios_base@2@AEAHAEAO@Z 0000000180012c00 f i test.obj
 0001:00011df0       ldexpl                     0000000180012df0 f i test.obj
 0001:00011e20       ?do_get@?$num_get@DV?$istreambuf_iterator@DU?$char_traits@D@std@@@std@@@std@@MEBA?AV?$istreambuf_iterator@DU?$char_traits@D@std@@@2@V32@0AEAVios_base@2@AEAHAEAPEAX@Z 0000000180012e20 f i test.obj
 0001:00012050       ??_G?$num_get@DV?$istreambuf_iterator@DU?$char_traits@D@std@@@std@@@std@@MEAAPEAXI@Z 0000000180013050 f i test.obj
 0001:00012050       ??_E?$num_get@DV?$istreambuf_iterator@DU?$char_traits@D@std@@@std@@@std@@MEAAPEAXI@Z 0000000180013050 f i test.obj
 0001:00012090       ??1?$num_get@DV?$istreambuf_iterator@DU?$char_traits@D@std@@@std@@@std@@MEAA@XZ 0000000180013090 f i test.obj
 0001:000120c0       ??Y?$basic_string@DU?$char_traits@D@std@@V?$allocator@D@2@@std@@QEAAAEAV01@AEBV01@@Z 00000001800130c0 f i test.obj
 0001:000120f0       ??Y?$basic_string@DU?$char_traits@D@std@@V?$allocator@D@2@@std@@QEAAAEAV01@D@Z 00000001800130f0 f i test.obj
 0001:00012120       ?_Getifld@?$num_get@DV?$istreambuf_iterator@DU?$char_traits@D@std@@@std@@@std@@AEBAHPEADAEAV?$istreambuf_iterator@DU?$char_traits@D@std@@@2@1HAEBVlocale@2@@Z 0000000180013120 f i test.obj
 0001:00012870       ?_Getffld@?$num_get@DV?$istreambuf_iterator@DU?$char_traits@D@std@@@std@@@std@@AEBAHPEADAEAV?$istreambuf_iterator@DU?$char_traits@D@std@@@2@1AEAVios_base@2@PEAH@Z 0000000180013870 f i test.obj
 0001:00013440       ?_Getffldx@?$num_get@DV?$istreambuf_iterator@DU?$char_traits@D@std@@@std@@@std@@AEBAHPEADAEAV?$istreambuf_iterator@DU?$char_traits@D@std@@@2@1AEAVios_base@2@PEAH@Z 0000000180014440 f i test.obj
 0001:000140e0       ??D?$istreambuf_iterator@DU?$char_traits@D@std@@@std@@QEBADXZ 00000001800150e0 f i test.obj
 0001:00014140       ??E?$istreambuf_iterator@DU?$char_traits@D@std@@@std@@QEAAAEAV01@XZ 0000000180015140 f i test.obj
 0001:00014190       ?_Hexdig@?$num_get@DV?$istreambuf_iterator@DU?$char_traits@D@std@@@std@@@std@@AEBAHDDDD@Z 0000000180015190 f i test.obj
 0001:00014240       ?_Inc@?$istreambuf_iterator@DU?$char_traits@D@std@@@std@@AEAAXXZ 0000000180015240 f i test.obj
 0001:000142b0       ?_Peek@?$istreambuf_iterator@DU?$char_traits@D@std@@@std@@AEBADXZ 00000001800152b0 f i test.obj
 0001:00014330       ??$_Debug_range@V?$istreambuf_iterator@DU?$char_traits@D@std@@@std@@@std@@YAXV?$istreambuf_iterator@DU?$char_traits@D@std@@@0@0PEB_WI@Z 0000000180015330 f i test.obj
 0001:000143c0       ??$_Getloctxt@DV?$istreambuf_iterator@DU?$char_traits@D@std@@@std@@@std@@YAHAEAV?$istreambuf_iterator@DU?$char_traits@D@std@@@0@0_KPEBD@Z 00000001800153c0 f i test.obj
 0001:00014740       ??$?8DU?$char_traits@D@std@@@std@@YA_NAEBV?$istreambuf_iterator@DU?$char_traits@D@std@@@0@0@Z 0000000180015740 f i test.obj
 0001:00014770       ??$?9DU?$char_traits@D@std@@@std@@YA_NAEBV?$istreambuf_iterator@DU?$char_traits@D@std@@@0@0@Z 0000000180015770 f i test.obj
 0001:000147b0       ??$_Maklocbyte@D@std@@YADDAEBU_Cvtvec@@@Z 00000001800157b0 f i test.obj
 0001:000147c0       ?equal@?$istreambuf_iterator@DU?$char_traits@D@std@@@std@@QEBA_NAEBV12@@Z 00000001800157c0 f i test.obj
 0001:00014850       ??0?$codecvt@DDH@std@@QEAA@AEBV_Locinfo@1@_K@Z 0000000180015850 f i test.obj
 0001:000148b0       ??0codecvt_base@std@@QEAA@_K@Z 00000001800158b0 f i test.obj
 0001:000148f0       ??1codecvt_base@std@@UEAA@XZ 00000001800158f0 f i test.obj
 0001:00014920       ?do_always_noconv@codecvt_base@std@@MEBA_NXZ 0000000180015920 f i test.obj
 0001:00014930       ?do_max_length@codecvt_base@std@@MEBAHXZ 0000000180015930 f i test.obj
 0001:00014930       ?do_encoding@codecvt_base@std@@MEBAHXZ 0000000180015930 f i test.obj
 0001:00014940       ??_Gcodecvt_base@std@@UEAAPEAXI@Z 0000000180015940 f i test.obj
 0001:00014940       ??_Ecodecvt_base@std@@UEAAPEAXI@Z 0000000180015940 f i test.obj
 0001:00014980       ?do_in@?$codecvt@DDH@std@@MEBAHAEAHPEBD1AEAPEBDPEAD3AEAPEAD@Z 0000000180015980 f i test.obj
 0001:00014980       ?do_out@?$codecvt@DDH@std@@MEBAHAEAHPEBD1AEAPEBDPEAD3AEAPEAD@Z 0000000180015980 f i test.obj
 0001:000149c0       ?do_unshift@?$codecvt@DDH@std@@MEBAHAEAHPEAD1AEAPEAD@Z 00000001800159c0 f i test.obj
 0001:000149f0       ?do_length@?$codecvt@DDH@std@@MEBAHAEBHPEBD1_K@Z 00000001800159f0 f i test.obj
 0001:00014a50       ??_E?$codecvt@DDH@std@@MEAAPEAXI@Z 0000000180015a50 f i test.obj
 0001:00014a50       ??_G?$codecvt@DDH@std@@MEAAPEAXI@Z 0000000180015a50 f i test.obj
 0001:00014a90       ??1?$codecvt@DDH@std@@MEAA@XZ 0000000180015a90 f i test.obj
 0001:00014ac0       ??0?$numpunct@D@std@@QEAA@AEBV_Locinfo@1@_K_N@Z 0000000180015ac0 f i test.obj
 0001:00014b20       ?do_decimal_point@?$numpunct@D@std@@MEBADXZ 0000000180015b20 f i test.obj
 0001:00014b30       ?do_thousands_sep@?$numpunct@D@std@@MEBADXZ 0000000180015b30 f i test.obj
 0001:00014b40       ?do_grouping@?$numpunct@D@std@@MEBA?AV?$basic_string@DU?$char_traits@D@std@@V?$allocator@D@2@@2@XZ 0000000180015b40 f i test.obj
 0001:00014b80       ?do_falsename@?$numpunct@D@std@@MEBA?AV?$basic_string@DU?$char_traits@D@std@@V?$allocator@D@2@@2@XZ 0000000180015b80 f i test.obj
 0001:00014bc0       ?do_truename@?$numpunct@D@std@@MEBA?AV?$basic_string@DU?$char_traits@D@std@@V?$allocator@D@2@@2@XZ 0000000180015bc0 f i test.obj
 0001:00014c00       ??_G?$numpunct@D@std@@MEAAPEAXI@Z 0000000180015c00 f i test.obj
 0001:00014c00       ??_E?$numpunct@D@std@@MEAAPEAXI@Z 0000000180015c00 f i test.obj
 0001:00014c40       ??1?$numpunct@D@std@@MEAA@XZ 0000000180015c40 f i test.obj
 0001:00014c80       ?_Tidy@?$numpunct@D@std@@AEAAXXZ 0000000180015c80 f i test.obj
 0001:00014cc0       ??$_DebugHeapDelete@X@std@@YAXPEAX@Z 0000000180015cc0 f i test.obj
 0001:00014cc0       ??$_DebugHeapDelete@U_Iosarray@ios_base@std@@@std@@YAXPEAU_Iosarray@ios_base@0@@Z 0000000180015cc0 f i libcpmtd:ios.obj
 0001:00014cc0       ??$_DebugHeapDelete@U_RTL_CRITICAL_SECTION@@@std@@YAXPEAU_RTL_CRITICAL_SECTION@@@Z 0000000180015cc0 f i libcpmtd:xmutex.obj
 0001:00014cc0       ??$_DebugHeapDelete@U_Fnarray@ios_base@std@@@std@@YAXPEAU_Fnarray@ios_base@0@@Z 0000000180015cc0 f i libcpmtd:ios.obj
 0001:00014ce0       ?_Getcvt@_Locinfo@std@@QEBA?AU_Cvtvec@@XZ 0000000180015ce0 f i test.obj
 0001:00014d10       ?_Init@?$num_put@DV?$ostreambuf_iterator@DU?$char_traits@D@std@@@std@@@std@@IEAAXAEBV_Locinfo@2@@Z 0000000180015d10 f i test.obj
 0001:00014d10       ?_Init@?$num_get@DV?$istreambuf_iterator@DU?$char_traits@D@std@@@std@@@std@@IEAAXAEBV_Locinfo@2@@Z 0000000180015d10 f i test.obj
 0001:00014d40       ?_Init@?$numpunct@D@std@@IEAAXAEBV_Locinfo@2@_N@Z 0000000180015d40 f i test.obj
 0001:00014fa0       ?_Getlconv@_Locinfo@std@@QEBAPEBUlconv@@XZ 0000000180015fa0 f i test.obj
 0001:00014fc0       ?_Getfalse@_Locinfo@std@@QEBAPEBDXZ 0000000180015fc0 f i test.obj
 0001:00014fd0       ?_Gettrue@_Locinfo@std@@QEBAPEBDXZ 0000000180015fd0 f i test.obj
 0001:00014fe0       ??$_Iter_cat@PEBD@std@@YA?AUrandom_access_iterator_tag@0@AEBQEBD@Z 0000000180015fe0 f i test.obj
 0001:00015010       ??$_Debug_range2@PEBD@std@@YAXPEBD0PEB_WIUrandom_access_iterator_tag@0@@Z 0000000180016010 f i test.obj
 0001:00015090       ??$getline@DU?$char_traits@D@std@@V?$allocator@D@2@@std@@YAAEAV?$basic_istream@DU?$char_traits@D@std@@@0@$$QEAV10@AEAV?$basic_string@DU?$char_traits@D@std@@V?$allocator@D@2@@0@D@Z 0000000180016090 f i test.obj
 0001:00015330       ??$move@AEAV?$basic_string@DU?$char_traits@D@std@@V?$allocator@D@2@@std@@@std@@YA$$QEAV?$basic_string@DU?$char_traits@D@std@@V?$allocator@D@2@@0@AEAV10@@Z 0000000180016330 f i test.obj
 0001:00015330       ??D?$ostreambuf_iterator@DU?$char_traits@D@std@@@std@@QEAAAEAV01@XZ 0000000180016330 f i test.obj
 0001:00015330       ??$forward@U_Container_proxy@std@@@std@@YA$$QEAU_Container_proxy@0@AEAU10@@Z 0000000180016330 f i test.obj
 0001:00015330       ??$move@AEAV?$basic_istream@DU?$char_traits@D@std@@@std@@@std@@YA$$QEAV?$basic_istream@DU?$char_traits@D@std@@@0@AEAV10@@Z 0000000180016330 f i test.obj
 0001:00015330       ?GetLocaleT@_LocaleUpdate@@QEAAPEAUlocaleinfo_struct@@XZ 0000000180016330 f i LIBCMTD:dbgheap.obj
 0001:00015330       ??$forward@V?$basic_string@DU?$char_traits@D@std@@V?$allocator@D@2@@std@@@std@@YA$$QEAV?$basic_string@DU?$char_traits@D@std@@V?$allocator@D@2@@0@AEAV10@@Z 0000000180016330 f i test.obj
 0001:00015330       ??$forward@V?$allocator@D@std@@@std@@YA$$QEAV?$allocator@D@0@AEAV10@@Z 0000000180016330 f i test.obj
 0001:00015330       ??0?$allocator@D@std@@QEAA@XZ 0000000180016330 f i test.obj
 0001:00015330       ??E?$ostreambuf_iterator@DU?$char_traits@D@std@@@std@@QEAAAEAV01@XZ 0000000180016330 f i test.obj
 0001:00015340       ??$?8DD@std@@YA_NAEBV?$allocator@D@0@0@Z 0000000180016340 f i test.obj
 0001:00015350       ??$_Iter_cat@V?$istreambuf_iterator@DU?$char_traits@D@std@@@std@@@std@@YA?AUinput_iterator_tag@0@AEBV?$istreambuf_iterator@DU?$char_traits@D@std@@@0@@Z 0000000180016350 f i test.obj
 0001:00015370       ??$_Debug_range2@V?$istreambuf_iterator@DU?$char_traits@D@std@@@std@@@std@@YAXV?$istreambuf_iterator@DU?$char_traits@D@std@@@0@0PEB_WIUinput_iterator_tag@0@@Z 0000000180016370 f i test.obj
 0001:000153b0       ??$_Maklocstr@D@std@@YAPEADPEBDPEADAEBU_Cvtvec@@@Z 00000001800163b0 f i test.obj
 0001:00015470       ??0?$basic_ifstream@DU?$char_traits@D@std@@@std@@QEAA@XZ 0000000180016470 f i test.obj
 0001:00015520       ??0?$basic_ofstream@DU?$char_traits@D@std@@@std@@QEAA@XZ 0000000180016520 f i test.obj
 0001:000155d0       ??_G?$basic_ofstream@DU?$char_traits@D@std@@@std@@UEAAPEAXI@Z 00000001800165d0 f i test.obj
 0001:000155d0       ??_E?$basic_ofstream@DU?$char_traits@D@std@@@std@@UEAAPEAXI@Z 00000001800165d0 f i test.obj
 0001:00015620       ??_D?$basic_ofstream@DU?$char_traits@D@std@@@std@@QEAAXXZ 0000000180016620 f i test.obj
 0001:00015660       ??1?$basic_ofstream@DU?$char_traits@D@std@@@std@@UEAA@XZ 0000000180016660 f i test.obj
 0001:000156d0       ??0?$basic_ostream@DU?$char_traits@D@std@@@std@@QEAA@PEAV?$basic_streambuf@DU?$char_traits@D@std@@@1@_N@Z 00000001800166d0 f i test.obj
 0001:00015780       ??0id@locale@std@@QEAA@_K@Z 0000000180016780 f i test.obj
 0001:00015780       ??0locale@std@@AEAA@PEAV_Locimp@01@@Z 0000000180016780 f i libcpmtd:locale0.obj
 0001:000157a0       ?init_Window@@YAXPEAD0HHHHH_N@Z 00000001800167a0 f   Window.obj
 0001:00015c40       ?destroy_Window@@YAXXZ     0000000180016c40 f   Window.obj
 0001:00015c80       ??0LTexture@@QEAA@XZ       0000000180016c80 f   LTexture.obj
 0001:00015cc0       ??1LTexture@@QEAA@XZ       0000000180016cc0 f   LTexture.obj
 0001:00015ce0       ?loadFromFile@LTexture@@QEAA_NV?$basic_string@DU?$char_traits@D@std@@V?$allocator@D@2@@std@@@Z 0000000180016ce0 f   LTexture.obj
 0001:00015e50       ?free@LTexture@@QEAAXXZ    0000000180016e50 f   LTexture.obj
 0001:00015ea0       ?setColor@LTexture@@QEAAXEEE@Z 0000000180016ea0 f   LTexture.obj
 0001:00015ee0       ?setBlendMode@LTexture@@QEAAXW4SDL_BlendMode@@@Z 0000000180016ee0 f   LTexture.obj
 0001:00015f10       ?setAlpha@LTexture@@QEAAXE@Z 0000000180016f10 f   LTexture.obj
 0001:00015f40       ?render@LTexture@@QEAAXHHHHPEAUSDL_Rect@@@Z 0000000180016f40 f   LTexture.obj
 0001:00016000       ?render@LTexture@@QEAAXHHHPEAUSDL_Rect@@NPEAUSDL_Point@@W4SDL_RendererFlip@@@Z 0000000180017000 f   LTexture.obj
 0001:00016100       ?getWidth@LTexture@@QEAAHXZ 0000000180017100 f   LTexture.obj
 0001:00016120       ?getHeight@LTexture@@QEAAHXZ 0000000180017120 f   LTexture.obj
 0001:0001612e       SDL_DestroyTexture         000000018001712e f   SDL2:SDL2.dll
 0001:00016134       SDL_FreeSurface            0000000180017134 f   SDL2:SDL2.dll
 0001:0001613a       SDL_RenderCopy             000000018001713a f   SDL2:SDL2.dll
 0001:00016140       SDL_QueryTexture           0000000180017140 f   SDL2:SDL2.dll
 0001:00016146       SDL_CreateTextureFromSurface 0000000180017146 f   SDL2:SDL2.dll
 0001:0001614c       SDL_RenderPresent          000000018001714c f   SDL2:SDL2.dll
 0001:00016152       SDL_Delay                  0000000180017152 f   SDL2:SDL2.dll
 0001:00016158       SDL_RenderClear            0000000180017158 f   SDL2:SDL2.dll
 0001:0001615e       SDL_SetRenderDrawColor     000000018001715e f   SDL2:SDL2.dll
 0001:00016164       SDL_SetWindowSize          0000000180017164 f   SDL2:SDL2.dll
 0001:0001616a       SDL_MinimizeWindow         000000018001716a f   SDL2:SDL2.dll
 0001:00016170       SDL_SetWindowFullscreen    0000000180017170 f   SDL2:SDL2.dll
 0001:00016176       SDL_SetWindowIcon          0000000180017176 f   SDL2:SDL2.dll
 0001:0001617c       SDL_CreateRGBSurfaceFrom   000000018001717c f   SDL2:SDL2.dll
 0001:00016182       SDL_GetMouseState          0000000180017182 f   SDL2:SDL2.dll
 0001:00016188       SDL_PollEvent              0000000180017188 f   SDL2:SDL2.dll
 0001:0001618e       SDL_RenderFillRect         000000018001718e f   SDL2:SDL2.dll
 0001:00016194       SDL_SetRenderDrawBlendMode 0000000180017194 f   SDL2:SDL2.dll
 0001:0001619a       SDL_GetKeyboardState       000000018001719a f   SDL2:SDL2.dll
 0001:000161a0       SDL_RenderSetLogicalSize   00000001800171a0 f   SDL2:SDL2.dll
 0001:000161a6       SDL_CreateRenderer         00000001800171a6 f   SDL2:SDL2.dll
 0001:000161ac       SDL_CreateWindow           00000001800171ac f   SDL2:SDL2.dll
 0001:000161b2       SDL_JoystickOpen           00000001800171b2 f   SDL2:SDL2.dll
 0001:000161b8       SDL_GameControllerGetJoystick 00000001800171b8 f   SDL2:SDL2.dll
 0001:000161be       SDL_GameControllerOpen     00000001800171be f   SDL2:SDL2.dll
 0001:000161c4       SDL_IsGameController       00000001800171c4 f   SDL2:SDL2.dll
 0001:000161ca       SDL_NumJoysticks           00000001800171ca f   SDL2:SDL2.dll
 0001:000161d0       SDL_GameControllerAddMappingsFromRW 00000001800171d0 f   SDL2:SDL2.dll
 0001:000161d6       SDL_RWFromFile             00000001800171d6 f   SDL2:SDL2.dll
 0001:000161dc       SDL_SetHint                00000001800171dc f   SDL2:SDL2.dll
 0001:000161e2       SDL_GetError               00000001800171e2 f   SDL2:SDL2.dll
 0001:000161e8       SDL_Init                   00000001800171e8 f   SDL2:SDL2.dll
 0001:000161ee       SDL_Quit                   00000001800171ee f   SDL2:SDL2.dll
 0001:000161f4       SDL_DestroyWindow          00000001800171f4 f   SDL2:SDL2.dll
 0001:000161fa       SDL_DestroyRenderer        00000001800171fa f   SDL2:SDL2.dll
 0001:00016200       SDL_SetColorKey            0000000180017200 f   SDL2:SDL2.dll
 0001:00016206       SDL_MapRGB                 0000000180017206 f   SDL2:SDL2.dll
 0001:0001620c       SDL_SetTextureColorMod     000000018001720c f   SDL2:SDL2.dll
 0001:00016212       SDL_SetTextureBlendMode    0000000180017212 f   SDL2:SDL2.dll
 0001:00016218       SDL_SetTextureAlphaMod     0000000180017218 f   SDL2:SDL2.dll
 0001:0001621e       SDL_RenderCopyEx           000000018001721e f   SDL2:SDL2.dll
 0001:00016224       IMG_Init                   0000000180017224 f   SDL2_image:SDL2_image.dll
 0001:0001622a       IMG_Load                   000000018001722a f   SDL2_image:SDL2_image.dll
 0001:00016230       TTF_CloseFont              0000000180017230 f   SDL2_ttf:SDL2_ttf.dll
 0001:00016236       TTF_RenderText_Blended     0000000180017236 f   SDL2_ttf:SDL2_ttf.dll
 0001:0001623c       TTF_SetFontStyle           000000018001723c f   SDL2_ttf:SDL2_ttf.dll
 0001:00016242       TTF_SizeText               0000000180017242 f   SDL2_ttf:SDL2_ttf.dll
 0001:00016248       TTF_OpenFont               0000000180017248 f   SDL2_ttf:SDL2_ttf.dll
 0001:0001624e       TTF_Init                   000000018001724e f   SDL2_ttf:SDL2_ttf.dll
 0001:00016254       Mix_OpenAudio              0000000180017254 f   SDL2_mixer:SDL2_mixer.dll
 0001:00016260       ??0_Init_locks@std@@QEAA@XZ 0000000180017260 f   libcpmtd:xlock.obj
 0001:000162d0       ??1_Init_locks@std@@QEAA@XZ 00000001800172d0 f   libcpmtd:xlock.obj
 0001:00016340       ??0_Lockit@std@@QEAA@H@Z   0000000180017340 f   libcpmtd:xlock.obj
 0001:00016390       ??1_Lockit@std@@QEAA@XZ    0000000180017390 f   libcpmtd:xlock.obj
 0001:000163d0       ?_Ios_base_dtor@ios_base@std@@CAXPEAV12@@Z 00000001800173d0 f   libcpmtd:ios.obj
 0001:00016440       ?_Tidy@ios_base@std@@AEAAXXZ 0000000180017440 f i libcpmtd:ios.obj
 0001:000164f0       ?_Callfns@ios_base@std@@AEAAXW4event@12@@Z 00000001800174f0 f i libcpmtd:ios.obj
 0001:00016550       ?_Addstd@ios_base@std@@SAXPEAV12@@Z 0000000180017550 f   libcpmtd:ios.obj
 0001:00016630       ??0_Mutex@std@@QEAA@XZ     0000000180017630 f   libcpmtd:xmutex.obj
 0001:00016690       ??1_Mutex@std@@QEAA@XZ     0000000180017690 f   libcpmtd:xmutex.obj
 0001:000166c0       ?_Lock@_Mutex@std@@QEAAXXZ 00000001800176c0 f   libcpmtd:xmutex.obj
 0001:000166e0       ?_Unlock@_Mutex@std@@QEAAXXZ 00000001800176e0 f   libcpmtd:xmutex.obj
 0001:00016700       ?_Debug_message@std@@YAXPEB_W0I@Z 0000000180017700 f   libcpmtd:stdthrow.obj
 0001:00016740       ?iostream_category@std@@YAAEBVerror_category@1@XZ 0000000180017740 f   libcpmtd:syserror.obj
 0001:00016750       ??0_Generic_error_category@std@@QEAA@XZ 0000000180017750 f i libcpmtd:syserror.obj
 0001:00016790       ??0error_category@std@@QEAA@XZ 0000000180017790 f i libcpmtd:syserror.obj
 0001:000167b0       ??_Gerror_category@std@@UEAAPEAXI@Z 00000001800177b0 f i libcpmtd:syserror.obj
 0001:000167b0       ??_Eerror_category@std@@UEAAPEAXI@Z 00000001800177b0 f i libcpmtd:syserror.obj
 0001:000167f0       ??1error_category@std@@UEAA@XZ 00000001800177f0 f i libcpmtd:syserror.obj
 0001:00016810       ??0error_condition@std@@QEAA@HAEBVerror_category@1@@Z 0000000180017810 f i libcpmtd:syserror.obj
 0001:00016810       ??0error_code@std@@QEAA@HAEBVerror_category@1@@Z 0000000180017810 f i test.obj
 0001:00016840       ?equivalent@error_category@std@@UEBA_NHAEBVerror_condition@2@@Z 0000000180017840 f i libcpmtd:syserror.obj
 0001:00016880       ??8error_condition@std@@QEBA_NAEBV01@@Z 0000000180017880 f i libcpmtd:syserror.obj
 0001:00016900       ??8error_category@std@@QEBA_NAEBV01@@Z 0000000180017900 f i libcpmtd:syserror.obj
 0001:00016940       ?equivalent@error_category@std@@UEBA_NAEBVerror_code@2@H@Z 0000000180017940 f i libcpmtd:syserror.obj
 0001:000169a0       ?value@error_code@std@@QEBAHXZ 00000001800179a0 f i libcpmtd:syserror.obj
 0001:000169a0       ?value@error_condition@std@@QEBAHXZ 00000001800179a0 f i libcpmtd:syserror.obj
 0001:000169b0       ?name@_Iostream_error_category@std@@UEBAPEBDXZ 00000001800179b0 f i libcpmtd:syserror.obj
 0001:000169b0       ?category@error_code@std@@QEBAAEBVerror_category@2@XZ 00000001800179b0 f i libcpmtd:syserror.obj
 0001:000169b0       ?category@error_condition@std@@QEBAAEBVerror_category@2@XZ 00000001800179b0 f i libcpmtd:syserror.obj
 0001:000169b0       ?seekpos@?$fpos@H@std@@QEBA_JXZ 00000001800179b0 f i test.obj
 0001:000169b0       ?name@_Generic_error_category@std@@UEBAPEBDXZ 00000001800179b0 f i libcpmtd:syserror.obj
 0001:000169c0       ?message@_Generic_error_category@std@@UEBA?AV?$basic_string@DU?$char_traits@D@std@@V?$allocator@D@2@@2@H@Z 00000001800179c0 f i libcpmtd:syserror.obj
 0001:00016a10       ??0_Iostream_error_category@std@@QEAA@XZ 0000000180017a10 f i libcpmtd:syserror.obj
 0001:00016a50       ?message@_Iostream_error_category@std@@UEBA?AV?$basic_string@DU?$char_traits@D@std@@V?$allocator@D@2@@2@H@Z 0000000180017a50 f i libcpmtd:syserror.obj
 0001:00016ad0       ??_G_Generic_error_category@std@@UEAAPEAXI@Z 0000000180017ad0 f i libcpmtd:syserror.obj
 0001:00016ad0       ??_G_Iostream_error_category@std@@UEAAPEAXI@Z 0000000180017ad0 f i libcpmtd:syserror.obj
 0001:00016ad0       ??_E_Generic_error_category@std@@UEAAPEAXI@Z 0000000180017ad0 f i libcpmtd:syserror.obj
 0001:00016ad0       ??_E_Iostream_error_category@std@@UEAAPEAXI@Z 0000000180017ad0 f i libcpmtd:syserror.obj
 0001:00016b10       ??1_Generic_error_category@std@@UEAA@XZ 0000000180017b10 f i libcpmtd:syserror.obj
 0001:00016b10       ??1_Iostream_error_category@std@@UEAA@XZ 0000000180017b10 f i libcpmtd:syserror.obj
 0001:00016b30       ??0_System_error_category@std@@QEAA@XZ 0000000180017b30 f i libcpmtd:syserror.obj
 0001:00016b70       ?name@_System_error_category@std@@UEBAPEBDXZ 0000000180017b70 f i libcpmtd:syserror.obj
 0001:00016b80       ?default_error_condition@_System_error_category@std@@UEBA?AVerror_condition@2@H@Z 0000000180017b80 f i libcpmtd:syserror.obj
 0001:00016b80       ?default_error_condition@error_category@std@@UEBA?AVerror_condition@2@H@Z 0000000180017b80 f i libcpmtd:syserror.obj
 0001:00016bb0       ??_E_System_error_category@std@@UEAAPEAXI@Z 0000000180017bb0 f i libcpmtd:syserror.obj
 0001:00016bb0       ??_G_System_error_category@std@@UEAAPEAXI@Z 0000000180017bb0 f i libcpmtd:syserror.obj
 0001:00016bf0       ??1_System_error_category@std@@UEAA@XZ 0000000180017bf0 f i libcpmtd:syserror.obj
 0001:00016c10       ?_Xfsopen@std@@YAPEAU_iobuf@@PEBDHH@Z 0000000180017c10 f   libcpmtd:fiopen.obj
 0001:00016c50       ?_Fiopen@std@@YAPEAU_iobuf@@PEBDHH@Z 0000000180017c50 f   libcpmtd:fiopen.obj
 0001:00016c80       ??$_Xfiopen@D@std@@YAPEAU_iobuf@@PEBDHH@Z 0000000180017c80 f i libcpmtd:fiopen.obj
 0001:00016e00       ?uncaught_exception@std@@YA_NXZ 0000000180017e00 f   libcpmtd:uncaught.obj
 0001:00016e10       ??0logic_error@std@@QEAA@PEBD@Z 0000000180017e10 f i libcpmtd:xthrow.obj
 0001:00016e50       ??_Gruntime_error@std@@UEAAPEAXI@Z 0000000180017e50 f i test.obj
 0001:00016e50       ??_Glogic_error@std@@UEAAPEAXI@Z 0000000180017e50 f i libcpmtd:xthrow.obj
 0001:00016e50       ??_Elogic_error@std@@UEAAPEAXI@Z 0000000180017e50 f i libcpmtd:xthrow.obj
 0001:00016e50       ??_Eruntime_error@std@@UEAAPEAXI@Z 0000000180017e50 f i test.obj
 0001:00016e90       ??0logic_error@std@@QEAA@AEBV01@@Z 0000000180017e90 f i libcpmtd:xthrow.obj
 0001:00016ed0       ?_Xlength_error@std@@YAXPEBD@Z 0000000180017ed0 f   libcpmtd:xthrow.obj
 0001:00016f00       ??0length_error@std@@QEAA@PEBD@Z 0000000180017f00 f i libcpmtd:xthrow.obj
 0001:00016f40       ??0length_error@std@@QEAA@AEBV01@@Z 0000000180017f40 f i libcpmtd:xthrow.obj
 0001:00016f80       ?_Xout_of_range@std@@YAXPEBD@Z 0000000180017f80 f   libcpmtd:xthrow.obj
 0001:00016fb0       ??0out_of_range@std@@QEAA@PEBD@Z 0000000180017fb0 f i libcpmtd:xthrow.obj
 0001:00016ff0       ??_Gsystem_error@std@@UEAAPEAXI@Z 0000000180017ff0 f i test.obj
 0001:00016ff0       ??_Elength_error@std@@UEAAPEAXI@Z 0000000180017ff0 f i libcpmtd:xthrow.obj
 0001:00016ff0       ??_Eout_of_range@std@@UEAAPEAXI@Z 0000000180017ff0 f i libcpmtd:xthrow.obj
 0001:00016ff0       ??_Esystem_error@std@@UEAAPEAXI@Z 0000000180017ff0 f i test.obj
 0001:00016ff0       ??_Gout_of_range@std@@UEAAPEAXI@Z 0000000180017ff0 f i libcpmtd:xthrow.obj
 0001:00016ff0       ??_Glength_error@std@@UEAAPEAXI@Z 0000000180017ff0 f i libcpmtd:xthrow.obj
 0001:00017030       ??0out_of_range@std@@QEAA@AEBV01@@Z 0000000180018030 f i libcpmtd:xthrow.obj
 0001:00017070       ??2@YAPEAX_KAEBU_DebugHeapTag_t@std@@PEADH@Z 0000000180018070 f   libcpmtd:xdebug.obj
 0001:00017110       ??0bad_alloc@std@@QEAA@XZ  0000000180018110 f i libcpmtd:xdebug.obj
 0001:00017160       ??_U@YAPEAX_KAEBU_DebugHeapTag_t@std@@PEADH@Z 0000000180018160 f   libcpmtd:xdebug.obj
 0001:000171a0       ??3@YAXPEAXAEBU_DebugHeapTag_t@std@@PEADH@Z 00000001800181a0 f   libcpmtd:xdebug.obj
 0001:000171d0       ?_DebugHeapTag_func@std@@YAAEBU_DebugHeapTag_t@1@XZ 00000001800181d0 f   libcpmtd:xdebug.obj
 0001:000171e0       ?_Facet_Register@facet@locale@std@@CAXPEAV123@@Z 00000001800181e0 f   libcpmtd:locale0.obj
 0001:00017270       ??0_Fac_node@std@@QEAA@PEAU01@PEAVfacet@locale@1@@Z 0000000180018270 f i libcpmtd:locale0.obj
 0001:000172a0       _Deletegloballocale        00000001800182a0 f   libcpmtd:locale0.obj
 0001:000172e0       ?_Getgloballocale@locale@std@@CAPEAV_Locimp@12@XZ 00000001800182e0 f   libcpmtd:locale0.obj
 0001:000172f0       ?_Setgloballocale@locale@std@@CAXPEAX@Z 00000001800182f0 f   libcpmtd:locale0.obj
 0001:00017370       ??0_Locimp@locale@std@@AEAA@_N@Z 0000000180018370 f i libcpmtd:locale0.obj
 0001:00017400       ??_E_Locimp@locale@std@@MEAAPEAXI@Z 0000000180018400 f i libcpmtd:locale0.obj
 0001:00017400       ??_G_Locimp@locale@std@@MEAAPEAXI@Z 0000000180018400 f i libcpmtd:locale0.obj
 0001:00017440       ??1_Locimp@locale@std@@MEAA@XZ 0000000180018440 f i libcpmtd:locale0.obj
 0001:00017490       ?_Init@locale@std@@CAPEAV_Locimp@12@XZ 0000000180018490 f   libcpmtd:locale0.obj
 0001:000175e0       ?_Locimp_dtor@_Locimp@locale@std@@CAXPEAV123@@Z 00000001800185e0 f   libcpmtd:locale0.obj
 0001:00017680       ?_Locinfo_ctor@_Locinfo@std@@SAXPEAV12@PEBD@Z 0000000180018680 f   libcpmtd:locale0.obj
 0001:00017730       ?_Locinfo_dtor@_Locinfo@std@@SAXPEAV12@@Z 0000000180018730 f   libcpmtd:locale0.obj
 0001:00017780       ??0?$_Yarn@D@std@@QEAA@PEBD@Z 0000000180018780 f i libcpmtd:locale0.obj
 0001:000177c0       ??4?$_Yarn@D@std@@QEAAAEAV01@PEBD@Z 00000001800187c0 f i libcpmtd:locale0.obj
 0001:00017890       ?_Empty@?$_Yarn@D@std@@QEBA_NXZ 0000000180018890 f i libcpmtd:locale0.obj
 0001:000178c0       ?_C_str@?$_Yarn@D@std@@QEBAPEBDXZ 00000001800188c0 f i libcpmtd:locale0.obj
 0001:000178c0       ?c_str@?$_Yarn@D@std@@QEBAPEBDXZ 00000001800188c0 f i test.obj
 0001:00017900       ??0locale@std@@QEAA@W4_Uninitialized@1@@Z 0000000180018900 f i libcpmtd:locale0.obj
 0001:00017910       ??1_Fac_tidy_reg_t@std@@QEAA@XZ 0000000180018910 f i libcpmtd:locale0.obj
 0001:00017990       ??$_DebugHeapDelete@U_Fac_node@std@@@std@@YAXPEAU_Fac_node@0@@Z 0000000180018990 f i libcpmtd:locale0.obj
 0001:000179c0       ??_G_Fac_node@std@@QEAAPEAXI@Z 00000001800189c0 f i libcpmtd:locale0.obj
 0001:00017a00       ??1_Fac_node@std@@QEAA@XZ  0000000180018a00 f i libcpmtd:locale0.obj
 0001:00017a30       _Tolower                   0000000180018a30 f   libcpmtd:_tolower.obj
 0001:00017c60       _Getctype                  0000000180018c60 f   libcpmtd:_tolower.obj
 0001:00017d10       _Toupper                   0000000180018d10 f   libcpmtd:_toupper.obj
 0001:00017f40       _Stoulx                    0000000180018f40 f   libcpmtd:xstoul.obj
 0001:000182b0       _Stolx                     00000001800192b0 f   libcpmtd:xstol.obj
 0001:00018430       _Stollx                    0000000180019430 f   libcpmtd:xstoll.obj
 0001:000185e0       _Stoullx                   00000001800195e0 f   libcpmtd:xstoull.obj
 0001:00018980       _Stofx                     0000000180019980 f   libcpmtd:xstof.obj
 0001:000189c0       _Stodx                     00000001800199c0 f   libcpmtd:xstod.obj
 0001:00018a90       _Stoldx                    0000000180019a90 f   libcpmtd:xstold.obj
 0001:00018ad0       _Getcvt                    0000000180019ad0 f   libcpmtd:xwctomb.obj
 0001:00018b00       _Mtxinit                   0000000180019b00 f   libcpmtd:xmtx.obj
 0001:00018b20       _Mtxdst                    0000000180019b20 f   libcpmtd:xmtx.obj
 0001:00018b40       _Mtxlock                   0000000180019b40 f   libcpmtd:xmtx.obj
 0001:00018b60       _Mtxunlock                 0000000180019b60 f   libcpmtd:xmtx.obj
 0001:00018b80       ?_Atexit@@YAXP6AXXZ@Z      0000000180019b80 f   libcpmtd:iosptrs.obj
 0001:00018be0       ??1_Init_atexit@@QEAA@XZ   0000000180019be0 f i libcpmtd:iosptrs.obj
 0001:00018d10       printf                     0000000180019d10 f   LIBCMTD:printf.obj
 0001:00018e60       _get_printf_count_output   0000000180019e60 f   LIBCMTD:printf.obj
 0001:00018e90       __GSHandlerCheck_EH        0000000180019e90 f   LIBCMTD:gshandlereh.obj
 0001:00018f50       __security_check_cookie    0000000180019f50 f   LIBCMTD:amdsecgs.obj
 0001:00018f70       __GSHandlerCheck           0000000180019f70 f   LIBCMTD:gshandler.obj
 0001:00018fb0       __GSHandlerCheckCommon     0000000180019fb0 f   LIBCMTD:gshandler.obj
 0001:000190b0       _cinit                     000000018001a0b0 f   LIBCMTD:crt0dat.obj
 0001:00019160       exit                       000000018001a160 f   LIBCMTD:crt0dat.obj
 0001:00019180       _exit                      000000018001a180 f   LIBCMTD:crt0dat.obj
 0001:000191a0       _cexit                     000000018001a1a0 f   LIBCMTD:crt0dat.obj
 0001:000191c0       _amsg_exit                 000000018001a1c0 f   LIBCMTD:crt0dat.obj
 0001:000191f0       __freeCrtMemory            000000018001a1f0 f   LIBCMTD:crt0dat.obj
 0001:00019580       __crtCorExitProcess        000000018001a580 f   LIBCMTD:crt0dat.obj
 0001:000195d0       __crtExitProcess           000000018001a5d0 f   LIBCMTD:crt0dat.obj
 0001:000195f0       _lockexit                  000000018001a5f0 f   LIBCMTD:crt0dat.obj
 0001:00019610       _unlockexit                000000018001a610 f   LIBCMTD:crt0dat.obj
 0001:00019630       _init_pointers             000000018001a630 f   LIBCMTD:crt0dat.obj
 0001:000196d0       _initterm_e                000000018001a6d0 f   LIBCMTD:crt0dat.obj
 0001:00019730       ??_M@YAXPEAX_KHP6AX0@Z@Z   000000018001a730 f   LIBCMTD:ehvecdtr.obj
 0001:000197e0       ?__ArrayUnwind@@YAXPEAX_KHP6AX0@Z@Z 000000018001a7e0 f   LIBCMTD:ehvecdtr.obj
 0001:00019870       ??_L@YAXPEAX_KHP6AX0@Z2@Z  000000018001a870 f   LIBCMTD:ehvecctr.obj
 0001:00019910       _alloca_probe              000000018001a910     LIBCMTD:chkstk.obj
 0001:00019910       __chkstk                   000000018001a910 f   LIBCMTD:chkstk.obj
 0001:00019960       ?_GetEstablisherFrame@@YAPEA_KPEA_KPEAU_xDISPATCHER_CONTEXT@@PEBU_s_FuncInfo@@0@Z 000000018001a960 f   LIBCMTD:trnsctrl.obj
 0001:00019ae0       _GetImageBase              000000018001aae0 f   LIBCMTD:trnsctrl.obj
 0001:00019b00       _GetThrowImageBase         000000018001ab00 f   LIBCMTD:trnsctrl.obj
 0001:00019b20       _SetImageBase              000000018001ab20 f   LIBCMTD:trnsctrl.obj
[...]
 0001:00054d00       ?dtor$0@?0??_Iput@?$num_put@DV?$ostreambuf_iterator@DU?$char_traits@D@std@@@std@@@std@@AEBA?AV?$ostreambuf_iterator@DU?$char_traits@D@std@@@2@V32@AEAVios_base@2@DPEAD_K@Z@4HA 0000000180055d00 f   test.obj
 0001:00054d20       ?dtor$1@?0??_Iput@?$num_put@DV?$ostreambuf_iterator@DU?$char_traits@D@std@@@std@@@std@@AEBA?AV?$ostreambuf_iterator@DU?$char_traits@D@std@@@2@V32@AEAVios_base@2@DPEAD_K@Z@4HA 0000000180055d20 f   test.obj
 0001:00054d40       ?dtor$0@?0??_Getcat@?$numpunct@D@std@@SA_KPEAPEBVfacet@locale@2@PEBV42@@Z@4HA 0000000180055d40 f   test.obj
 0001:00054d70       ?dtor$1@?0??_Getcat@?$numpunct@D@std@@SA_KPEAPEBVfacet@locale@2@PEBV42@@Z@4HA 0000000180055d70 f   test.obj
 0001:00054da0       ?dtor$0@?0??do_get@?$num_get@DV?$istreambuf_iterator@DU?$char_traits@D@std@@@std@@@std@@MEBA?AV?$istreambuf_iterator@DU?$char_traits@D@std@@@2@V32@0AEAVios_base@2@AEAHAEA_N@Z@4HA 0000000180055da0 f   test.obj
 0001:00054dc0       ?dtor$1@?0??do_get@?$num_get@DV?$istreambuf_iterator@DU?$char_traits@D@std@@@std@@@std@@MEBA?AV?$istreambuf_iterator@DU?$char_traits@D@std@@@2@V32@0AEAVios_base@2@AEAHAEA_N@Z@4HA 0000000180055dc0 f   test.obj
 0001:00054de0       ?dtor$2@?0??do_get@?$num_get@DV?$istreambuf_iterator@DU?$char_traits@D@std@@@std@@@std@@MEBA?AV?$istreambuf_iterator@DU?$char_traits@D@std@@@2@V32@0AEAVios_base@2@AEAHAEA_N@Z@4HA 0000000180055de0 f   test.obj
 0001:00054e00       ?dtor$3@?0??do_get@?$num_get@DV?$istreambuf_iterator@DU?$char_traits@D@std@@@std@@@std@@MEBA?AV?$istreambuf_iterator@DU?$char_traits@D@std@@@2@V32@0AEAVios_base@2@AEAHAEA_N@Z@4HA 0000000180055e00 f   test.obj
 0001:00054e20       ?dtor$4@?0??do_get@?$num_get@DV?$istreambuf_iterator@DU?$char_traits@D@std@@@std@@@std@@MEBA?AV?$istreambuf_iterator@DU?$char_traits@D@std@@@2@V32@0AEAVios_base@2@AEAHAEA_N@Z@4HA 0000000180055e20 f   test.obj
 0001:00054e40       ?dtor$0@?0??do_get@?$num_get@DV?$istreambuf_iterator@DU?$char_traits@D@std@@@std@@@std@@MEBA?AV?$istreambuf_iterator@DU?$char_traits@D@std@@@2@V32@0AEAVios_base@2@AEAHAEAG@Z@4HA 0000000180055e40 f   test.obj
 0001:00054e40       ?dtor$0@?0??do_get@?$num_get@DV?$istreambuf_iterator@DU?$char_traits@D@std@@@std@@@std@@MEBA?AV?$istreambuf_iterator@DU?$char_traits@D@std@@@2@V32@0AEAVios_base@2@AEAHAEAI@Z@4HA 0000000180055e40 f   test.obj
 0001:00054e60       ?dtor$0@?0??do_get@?$num_get@DV?$istreambuf_iterator@DU?$char_traits@D@std@@@std@@@std@@MEBA?AV?$istreambuf_iterator@DU?$char_traits@D@std@@@2@V32@0AEAVios_base@2@AEAHAEAJ@Z@4HA 0000000180055e60 f   test.obj
 0001:00054e60       ?dtor$0@?0??do_get@?$num_get@DV?$istreambuf_iterator@DU?$char_traits@D@std@@@std@@@std@@MEBA?AV?$istreambuf_iterator@DU?$char_traits@D@std@@@2@V32@0AEAVios_base@2@AEAHAEAK@Z@4HA 0000000180055e60 f   test.obj
 0001:00054e80       ?dtor$0@?0??do_get@?$num_get@DV?$istreambuf_iterator@DU?$char_traits@D@std@@@std@@@std@@MEBA?AV?$istreambuf_iterator@DU?$char_traits@D@std@@@2@V32@0AEAVios_base@2@AEAHAEA_K@Z@4HA 0000000180055e80 f   test.obj
 0001:00054e80       ?dtor$0@?0??do_get@?$num_get@DV?$istreambuf_iterator@DU?$char_traits@D@std@@@std@@@std@@MEBA?AV?$istreambuf_iterator@DU?$char_traits@D@std@@@2@V32@0AEAVios_base@2@AEAHAEAPEAX@Z@4HA 0000000180055e80 f   test.obj
 0001:00054e80       ?dtor$0@?0??do_get@?$num_get@DV?$istreambuf_iterator@DU?$char_traits@D@std@@@std@@@std@@MEBA?AV?$istreambuf_iterator@DU?$char_traits@D@std@@@2@V32@0AEAVios_base@2@AEAHAEA_J@Z@4HA 0000000180055e80 f   test.obj
 0001:00054ea0       ?dtor$0@?0??_Getifld@?$num_get@DV?$istreambuf_iterator@DU?$char_traits@D@std@@@std@@@std@@AEBAHPEADAEAV?$istreambuf_iterator@DU?$char_traits@D@std@@@2@1HAEBVlocale@2@@Z@4HA 0000000180055ea0 f   test.obj
 0001:00054ec0       ?dtor$1@?0??_Getifld@?$num_get@DV?$istreambuf_iterator@DU?$char_traits@D@std@@@std@@@std@@AEBAHPEADAEAV?$istreambuf_iterator@DU?$char_traits@D@std@@@2@1HAEBVlocale@2@@Z@4HA 0000000180055ec0 f   test.obj
 0001:00054ee0       ?dtor$0@?0??_Getffld@?$num_get@DV?$istreambuf_iterator@DU?$char_traits@D@std@@@std@@@std@@AEBAHPEADAEAV?$istreambuf_iterator@DU?$char_traits@D@std@@@2@1AEAVios_base@2@PEAH@Z@4HA 0000000180055ee0 f   test.obj
 0001:00054f00       ?dtor$1@?0??_Getffld@?$num_get@DV?$istreambuf_iterator@DU?$char_traits@D@std@@@std@@@std@@AEBAHPEADAEAV?$istreambuf_iterator@DU?$char_traits@D@std@@@2@1AEAVios_base@2@PEAH@Z@4HA 0000000180055f00 f   test.obj
 0001:00054f20       ?dtor$2@?0??_Getffld@?$num_get@DV?$istreambuf_iterator@DU?$char_traits@D@std@@@std@@@std@@AEBAHPEADAEAV?$istreambuf_iterator@DU?$char_traits@D@std@@@2@1AEAVios_base@2@PEAH@Z@4HA 0000000180055f20 f   test.obj
 0001:00054f40       ?dtor$0@?0??_Getffldx@?$num_get@DV?$istreambuf_iterator@DU?$char_traits@D@std@@@std@@@std@@AEBAHPEADAEAV?$istreambuf_iterator@DU?$char_traits@D@std@@@2@1AEAVios_base@2@PEAH@Z@4HA 0000000180055f40 f   test.obj
 0001:00054f60       ?dtor$1@?0??_Getffldx@?$num_get@DV?$istreambuf_iterator@DU?$char_traits@D@std@@@std@@@std@@AEBAHPEADAEAV?$istreambuf_iterator@DU?$char_traits@D@std@@@2@1AEAVios_base@2@PEAH@Z@4HA 0000000180055f60 f   test.obj
 0001:00054f80       ?dtor$2@?0??_Getffldx@?$num_get@DV?$istreambuf_iterator@DU?$char_traits@D@std@@@std@@@std@@AEBAHPEADAEAV?$istreambuf_iterator@DU?$char_traits@D@std@@@2@1AEAVios_base@2@PEAH@Z@4HA 0000000180055f80 f   test.obj
 0001:00054fa0       ?dtor$0@?0???$_Getloctxt@DV?$istreambuf_iterator@DU?$char_traits@D@std@@@std@@@std@@YAHAEAV?$istreambuf_iterator@DU?$char_traits@D@std@@@0@0_KPEBD@Z@4HA 0000000180055fa0 f   test.obj
 0001:00054fc0       ?dtor$0@?0???0?$codecvt@DDH@std@@QEAA@AEBV_Locinfo@1@_K@Z@4HA 0000000180055fc0 f   test.obj
 0001:00054fe0       ?dtor$0@?0???0?$num_get@DV?$istreambuf_iterator@DU?$char_traits@D@std@@@std@@@std@@QEAA@AEBV_Locinfo@1@_K@Z@4HA 0000000180055fe0 f   test.obj
 0001:00054fe0       ?dtor$0@?0???0?$numpunct@D@std@@QEAA@AEBV_Locinfo@1@_K_N@Z@4HA 0000000180055fe0 f   test.obj
 0001:00054fe0       ?dtor$0@?0???1?$numpunct@D@std@@MEAA@XZ@4HA 0000000180055fe0 f   test.obj
 0001:00054fe0       ?dtor$0@?0???0?$num_put@DV?$ostreambuf_iterator@DU?$char_traits@D@std@@@std@@@std@@QEAA@AEBV_Locinfo@1@_K@Z@4HA 0000000180055fe0 f   test.obj
 0001:00054fe0       ?dtor$0@?0???0_Locimp@locale@std@@AEAA@_N@Z@4HA 0000000180055fe0 f   test.obj
 0001:00055000       ?catch$0@?0??_Init@?$numpunct@D@std@@IEAAXAEBV_Locinfo@2@_N@Z@4HA 0000000180056000 f   test.obj
 0001:0005500d       __catch$?_Init@?$numpunct@D@std@@IEAAXAEBV_Locinfo@2@_N@Z$0 000000018005600d f   test.obj
 0001:00055040       ?dtor$0@?0???$getline@DU?$char_traits@D@std@@V?$allocator@D@2@@std@@YAAEAV?$basic_istream@DU?$char_traits@D@std@@@0@$$QEAV10@AEAV?$basic_string@DU?$char_traits@D@std@@V?$allocator@D@2@@0@D@Z@4HA 0000000180056040 f   test.obj
 0001:00055060       ?catch$0@?0???$getline@DU?$char_traits@D@std@@V?$allocator@D@2@@std@@YAAEAV?$basic_istream@DU?$char_traits@D@std@@@0@$$QEAV10@AEAV?$basic_string@DU?$char_traits@D@std@@V?$allocator@D@2@@0@D@Z@4HA 0000000180056060 f   test.obj
 0001:0005506d       __catch$??$getline@DU?$char_traits@D@std@@V?$allocator@D@2@@std@@YAAEAV?$basic_istream@DU?$char_traits@D@std@@@0@$$QEAV10@AEAV?$basic_string@DU?$char_traits@D@std@@V?$allocator@D@2@@0@D@Z$0 000000018005606d f   test.obj
 0001:000550b0       ?dtor$0@?0???0?$basic_ifstream@DU?$char_traits@D@std@@@std@@QEAA@XZ@4HA 00000001800560b0 f   test.obj
 0001:000550e0       ?dtor$1@?0???0?$basic_ifstream@DU?$char_traits@D@std@@@std@@QEAA@XZ@4HA 00000001800560e0 f   test.obj
 0001:00055100       ?dtor$0@?0???0?$basic_ofstream@DU?$char_traits@D@std@@@std@@QEAA@XZ@4HA 0000000180056100 f   test.obj
 0001:00055130       ?dtor$1@?0???0?$basic_ofstream@DU?$char_traits@D@std@@@std@@QEAA@XZ@4HA 0000000180056130 f   test.obj
 0001:00055150       ?dtor$0@?0???1?$basic_ofstream@DU?$char_traits@D@std@@@std@@UEAA@XZ@4HA 0000000180056150 f   test.obj
 0001:00055180       ?dtor$0@?0???0?$basic_ostream@DU?$char_traits@D@std@@@std@@QEAA@PEAV?$basic_streambuf@DU?$char_traits@D@std@@@1@_N@Z@4HA 0000000180056180 f   test.obj
 0001:000551b0       ?dtor$0@?0??loadFromFile@LTexture@@QEAA_NV?$basic_string@DU?$char_traits@D@std@@V?$allocator@D@2@@std@@@Z@4HA 00000001800561b0 f   LTexture.obj
 0001:000551d0       ?dtor$0@?0??_Facet_Register@facet@locale@std@@CAXPEAV123@@Z@4HA 00000001800561d0 f   libcpmtd:locale0.obj
 0001:00055200       ?dtor$0@?0???1_Locimp@locale@std@@MEAA@XZ@4HA 0000000180056200 f   libcpmtd:locale0.obj
 0001:00055220       ?dtor$1@?0???1_Locimp@locale@std@@MEAA@XZ@4HA 0000000180056220 f   libcpmtd:locale0.obj
 0001:00055240       ?dtor$0@?0??_Init@locale@std@@CAPEAV_Locimp@12@XZ@4HA 0000000180056240 f   libcpmtd:locale0.obj
 0001:00055260       ?dtor$1@?0??_Init@locale@std@@CAPEAV_Locimp@12@XZ@4HA 0000000180056260 f   libcpmtd:locale0.obj
 0001:00055290       ?dtor$2@?0??_Init@locale@std@@CAPEAV_Locimp@12@XZ@4HA 0000000180056290 f   libcpmtd:locale0.obj
 0001:000552b0       ?dtor$0@?0??_Locimp_dtor@_Locimp@locale@std@@CAXPEAV123@@Z@4HA 00000001800562b0 f   libcpmtd:locale0.obj
 0001:000552b0       ?dtor$0@?0??_Fac_tidy@@YAXXZ@4HA 00000001800562b0 f   libcpmtd:locale0.obj
 0001:000552b0       ?dtor$0@?0???1_Iterator_base12@std@@QEAA@XZ@4HA 00000001800562b0 f   libcpmtd:locale0.obj
 0001:000552d0       printf$fin$0               00000001800562d0 f   LIBCMTD:printf.obj
 0001:00055300       doexit$fin$0               0000000180056300 f   LIBCMTD:crt0dat.obj
 0001:00055320       ?fin$0@?0???_M@YAXPEAX_KHP6AX0@Z@Z@4HA 0000000180056320 f   LIBCMTD:ehvecdtr.obj
 0001:00055350       ?filt$0@?0??__ArrayUnwind@@YAXPEAX_KHP6AX0@Z@Z@4HA 0000000180056350 f   LIBCMTD:ehvecdtr.obj
 0001:00055380       ?fin$0@?0???_L@YAXPEAX_KHP6AX0@Z2@Z@4HA 0000000180056380 f   LIBCMTD:ehvecctr.obj
 0001:000553b0       _CallSETranslator$filt$0   00000001800563b0 f   LIBCMTD:trnsctrl.obj
 0001:00055410       fwrite$fin$0               0000000180056410 f   LIBCMTD:fwrite.obj
 0001:00055430       fputc$fin$0                0000000180056430 f   LIBCMTD:fputc.obj
 0001:00055450       ungetc$fin$0               0000000180056450 f   LIBCMTD:ungetc.obj
 0001:00055470       fgetc$fin$0                0000000180056470 f   LIBCMTD:fgetc.obj
 0001:00055490       setvbuf$fin$0              0000000180056490 f   LIBCMTD:setvbuf.obj
 0001:00055490       _fsopen$fin$0              0000000180056490 f   LIBCMTD:setvbuf.obj
 0001:000554b0       fflush$fin$0               00000001800564b0 f   LIBCMTD:fflush.obj
 0001:000554d0       flsall$fin$0               00000001800564d0 f   LIBCMTD:fflush.obj
 0001:00055500       flsall$fin$1               0000000180056500 f   LIBCMTD:fflush.obj
 0001:00055520       _free_dbg$fin$0            0000000180056520 f   LIBCMTD:dbgheap.obj
 0001:00055540       _CrtCheckMemory$fin$0      0000000180056540 f   LIBCMTD:dbgheap.obj
 0001:00055560       _CrtSetDbgFlag$fin$0       0000000180056560 f   LIBCMTD:dbgheap.obj
 0001:00055560       _realloc_dbg$fin$0         0000000180056560 f   LIBCMTD:dbgheap.obj
 0001:00055560       _msize_dbg$fin$0           0000000180056560 f   LIBCMTD:dbgheap.obj
 0001:00055560       ?fin$0@?0???3@YAXPEAX@Z@4HA 0000000180056560 f   LIBCMTD:dbgheap.obj
 0001:00055580       ?fin$0@?0??_CrtMemDumpAllObjectsSince_stat@@YAXPEBU_CrtMemState@@PEAUlocaleinfo_struct@@@Z@4HA 0000000180056580 f   LIBCMTD:dbgheap.obj
 0001:00055580       _CrtMemCheckpoint$fin$0    0000000180056580 f   LIBCMTD:dbgheap.obj
 0001:00055580       _heap_alloc_dbg_impl$fin$0 0000000180056580 f   LIBCMTD:dbgheap.obj
 0001:000555a0       _onexit$fin$0              00000001800565a0 f   LIBCMTD:onexit.obj
 0001:000555c0       _CRT_INIT$fin$0            00000001800565c0 f   LIBCMTD:dllcrt0.obj
 0001:000555f0       __DllMainCRTStartup$filt$0 00000001800565f0 f   LIBCMTD:dllcrt0.obj
 0001:00055620       fseek$fin$0                0000000180056620 f   LIBCMTD:fseek.obj
 0001:00055620       _fseeki64$fin$0            0000000180056620 f   LIBCMTD:fseek.obj
 0001:00055640       __FrameUnwindToState$filt$0 0000000180056640 f   LIBCMTD:frame.obj
 0001:00055670       __FrameUnwindToState$fin$1 0000000180056670 f   LIBCMTD:frame.obj
 0001:000556b0       __CxxCallCatchBlock$filt$0 00000001800566b0 f   LIBCMTD:frame.obj
 0001:000556e0       __CxxCallCatchBlock$fin$1  00000001800566e0 f   LIBCMTD:frame.obj
 0001:00055780       ?filt$0@?0??terminate@@YAXXZ@4HA 0000000180056780 f   LIBCMTD:frame.obj
 0001:00055780       __BuildCatchObjectHelper$filt$0 0000000180056780 f   LIBCMTD:frame.obj
 0001:00055780       __BuildCatchObject$filt$0  0000000180056780 f   LIBCMTD:frame.obj
 0001:00055780       ?filt$0@?0??_inconsistency@@YAXXZ@4HA 0000000180056780 f   LIBCMTD:frame.obj
 0001:000557a0       __DestructExceptionObject$filt$0 00000001800567a0 f   LIBCMTD:frame.obj
 0001:000557d0       _free_locale$fin$0         00000001800567d0 f   LIBCMTD:setlocal.obj
 0001:000557d0       _freefls$fin$0             00000001800567d0 f   LIBCMTD:setlocal.obj
 0001:000557d0       _initptd$fin$0             00000001800567d0 f   LIBCMTD:setlocal.obj
 0001:000557f0       _initptd$fin$1             00000001800567f0 f   LIBCMTD:setlocal.obj
 0001:000557f0       _freefls$fin$1             00000001800567f0 f   LIBCMTD:setlocal.obj
 0001:000557f0       _free_locale$fin$1         00000001800567f0 f   LIBCMTD:setlocal.obj
 0001:00055810       setlocale$fin$0            0000000180056810 f   LIBCMTD:setlocal.obj
 0001:00055830       setlocale$fin$1            0000000180056830 f   LIBCMTD:setlocal.obj
 0001:00055850       setlocale$fin$2            0000000180056850 f   LIBCMTD:setlocal.obj
 0001:00055880       _IsNonwritableInCurrentImage$filt$0 0000000180056880 f   LIBCMTD:pesect.obj
 0001:000558c0       __updatetmbcinfo$fin$0     00000001800568c0 f   LIBCMTD:mbctype.obj
 0001:000558c0       _setmbcp$fin$0             00000001800568c0 f   LIBCMTD:mbctype.obj
 0001:000558e0       ?dtor$0@?0??getSystemCP@@YAHH@Z@4HA 00000001800568e0 f   LIBCMTD:mbctype.obj
 0001:00055900       __lock_fhandle$fin$0       0000000180056900 f   LIBCMTD:mlock.obj
 0001:00055900       _mtinitlocknum$fin$0       0000000180056900 f   LIBCMTD:mlock.obj
 0001:00055920       raise$fin$0                0000000180056920 f   LIBCMTD:winsig.obj
 0001:00055940       _getstream$fin$0           0000000180056940 f   LIBCMTD:closeall.obj
 0001:00055940       _fcloseall$fin$0           0000000180056940 f   LIBCMTD:closeall.obj
 0001:00055960       _ftelli64$fin$0            0000000180056960 f   LIBCMTD:ftelli64.obj
 0001:00055960       fclose$fin$0               0000000180056960 f   LIBCMTD:ftelli64.obj
 0001:00055980       _commit$fin$0              0000000180056980 f   LIBCMTD:commit.obj
 0001:00055980       _read$fin$0                0000000180056980 f   LIBCMTD:commit.obj
 0001:00055980       _close$fin$0               0000000180056980 f   LIBCMTD:commit.obj
 0001:00055980       _lseek$fin$0               0000000180056980 f   LIBCMTD:commit.obj
 0001:00055980       _lseeki64$fin$0            0000000180056980 f   LIBCMTD:commit.obj
 0001:00055980       _write$fin$0               0000000180056980 f   LIBCMTD:commit.obj
 0001:000559a0       ?fin$0@?0??_Type_info_dtor@type_info@@CAXPEAV1@@Z@4HA 00000001800569a0 f   LIBCMTD:typname.obj
 0001:000559c0       _VCrtDbgReportA$fin$0      00000001800569c0 f   LIBCMTD:dbgrptt.obj
 0001:000559e0       _VCrtDbgReportA$fin$1      00000001800569e0 f   LIBCMTD:dbgrptt.obj
 0001:00055a10       _VCrtDbgReportW$fin$0      0000000180056a10 f   LIBCMTD:dbgrptt.obj
 0001:00055a30       _VCrtDbgReportW$fin$1      0000000180056a30 f   LIBCMTD:dbgrptt.obj
 0001:00055a60       __updatetlocinfo$fin$0     0000000180056a60 f   LIBCMTD:localref.obj
 0001:00055a60       _locterm$fin$0             0000000180056a60 f   LIBCMTD:localref.obj
 0001:00055a80       _ctrlfp$filt$0             0000000180056a80 f   LIBCMTD:_fpctrl_.obj
 0001:00055ad0       fwprintf$fin$0             0000000180056ad0 f   LIBCMTD:fwprintf.obj
 0001:00055af0       _alloc_osfhnd$fin$0        0000000180056af0 f   LIBCMTD:osfinfo.obj
 0001:00055b10       _alloc_osfhnd$fin$1        0000000180056b10 f   LIBCMTD:osfinfo.obj
 0001:00055b30       ?dtor$0@?0??x_ismbbtype_l@@YAHPEAUlocaleinfo_struct@@IHH@Z@4HA 0000000180056b30 f   LIBCMTD:ismbbyte.obj
 0001:00055b50       _sopen_helper$fin$0        0000000180056b50 f   LIBCMTD:open.obj
 0001:00055bf0       ?dtor$0@?0??strtoxl@@YAKPEAUlocaleinfo_struct@@PEBDPEAPEBDHH@Z@4HA 0000000180056bf0 f   LIBCMTD:strtol.obj
 0001:00055c10       ??__Ekeystate@@YAXXZ       0000000180056c10 f   test.obj
 0001:00055c30       ??__Eimg@@YAXXZ            0000000180056c30 f   test.obj
 0001:00055c60       ??__Efile_load@@YAXXZ      0000000180056c60 f   test.obj
 0001:00055c90       ??__Efile_save@@YAXXZ      0000000180056c90 f   test.obj
 0001:00055cc0       ??__Efile_num@@YAXXZ       0000000180056cc0 f   test.obj
 0001:00055cf0       ??__Eflip@@YAXXZ           0000000180056cf0 f   test.obj
 0001:00055d00       ??__E?id@?$num_put@DV?$ostreambuf_iterator@DU?$char_traits@D@std@@@std@@@std@@2V0locale@2@A@@YAXXZ 0000000180056d00 f   test.obj
 0001:00055d20       ??__E?id@?$num_get@DV?$istreambuf_iterator@DU?$char_traits@D@std@@@std@@@std@@2V0locale@2@A@@YAXXZ 0000000180056d20 f   test.obj
 0001:00055d40       ??__E?id@?$codecvt@DDH@std@@2V0locale@2@A@@YAXXZ 0000000180056d40 f   test.obj
 0001:00055d60       ??__E?id@?$numpunct@D@std@@2V0locale@2@A@@YAXXZ 0000000180056d60 f   test.obj
 0001:00055d80       ??__Einitlocks@std@@YAXXZ  0000000180056d80 f   libcpmtd:xlock.obj
 0001:00055db0       ??__E_Generic_object@std@@YAXXZ 0000000180056db0 f   libcpmtd:syserror.obj
 0001:00055de0       ??__E_Iostream_object@std@@YAXXZ 0000000180056de0 f   libcpmtd:syserror.obj
 0001:00055e10       ??__E_System_object@std@@YAXXZ 0000000180056e10 f   libcpmtd:syserror.obj
 0001:00055e40       ??__E_Fac_tidy_reg@std@@YAXXZ 0000000180056e40 f   libcpmtd:locale0.obj
 0001:00055e60       ??__Eclassic_locale@std@@YAXXZ 0000000180056e60 f   libcpmtd:locale0.obj
 0001:00055e90       ??__E?id@?$ctype@D@std@@2V0locale@2@A@@YAXXZ 0000000180056e90 f   libcpmtd:locale0.obj
 0001:00055eb0       ??__E?id@?$ctype@_W@std@@2V0locale@2@A@@YAXXZ 0000000180056eb0 f   libcpmtd:locale0.obj
 0001:00055ed0       ??__E?id@?$codecvt@_WDH@std@@2V0locale@2@A@@YAXXZ 0000000180056ed0 f   libcpmtd:locale0.obj
 0001:00055ef0       ??__E?id@?$ctype@G@std@@2V0locale@2@A@@YAXXZ 0000000180056ef0 f   libcpmtd:locale0.obj
 0001:00055f10       ??__E?id@?$codecvt@GDH@std@@2V0locale@2@A@@YAXXZ 0000000180056f10 f   libcpmtd:locale0.obj
 0001:00055f30       ??__Einitlocks@std@@YAXXZ  0000000180056f30 f   libcpmtd:iosptrs.obj
 0001:00055f60       ??__Einit_atexit@@YAXXZ    0000000180056f60 f   libcpmtd:iosptrs.obj
 0001:00055f80       ??__Fimg@@YAXXZ            0000000180056f80 f   test.obj
 0001:00055fa0       ??__Ffile_load@@YAXXZ      0000000180056fa0 f   test.obj
 0001:00055fc0       ??__Ffile_save@@YAXXZ      0000000180056fc0 f   test.obj
 0001:00055fe0       ??__Ffile_num@@YAXXZ       0000000180056fe0 f   test.obj
 0001:00056000       ??__Finitlocks@std@@YAXXZ  0000000180057000 f   libcpmtd:xlock.obj
 0001:00056020       ??__F_Generic_object@std@@YAXXZ 0000000180057020 f   libcpmtd:syserror.obj
 0001:00056040       ??__F_Iostream_object@std@@YAXXZ 0000000180057040 f   libcpmtd:syserror.obj
 0001:00056060       ??__F_System_object@std@@YAXXZ 0000000180057060 f   libcpmtd:syserror.obj
 0001:00056080       ??__Fnomem@?4???2@YAPEAX_KAEBU_DebugHeapTag_t@std@@PEADH@Z@YAXXZ 0000000180057080 f   libcpmtd:xdebug.obj
 0001:000560a0       ??__F_Fac_tidy_reg@std@@YAXXZ 00000001800570a0 f   libcpmtd:locale0.obj
 0001:000560c0       ??__Fclassic_locale@std@@YAXXZ 00000001800570c0 f   libcpmtd:locale0.obj
 0001:000560e0       ??__Finitlocks@std@@YAXXZ  00000001800570e0 f   libcpmtd:iosptrs.obj
 0001:00056100       ??__Finit_atexit@@YAXXZ    0000000180057100 f   libcpmtd:iosptrs.obj
 0001:00056120       ??__Fnomem@?5???2@YAPEAX_K@Z@YAXXZ 0000000180057120 f   LIBCMTD:new.obj
